Archive member included to satisfy reference by file (symbol)

/usr/lib/gcc/arm-none-eabi/4.9.3/armv7-ar/thumb/libgcc.a(_udivsi3.o)
                              arch/arm/cpu/armv7/built-in.o (__aeabi_uidiv)
/usr/lib/gcc/arm-none-eabi/4.9.3/armv7-ar/thumb/libgcc.a(_divsi3.o)
                              common/built-in.o (__aeabi_idiv)
/usr/lib/gcc/arm-none-eabi/4.9.3/armv7-ar/thumb/libgcc.a(_dvmd_tls.o)
                              /usr/lib/gcc/arm-none-eabi/4.9.3/armv7-ar/thumb/libgcc.a(_udivsi3.o) (__aeabi_idiv0)
/usr/lib/gcc/arm-none-eabi/4.9.3/armv7-ar/thumb/libgcc.a(_lshrdi3.o)
                              fs/built-in.o (__aeabi_llsr)
/usr/lib/gcc/arm-none-eabi/4.9.3/armv7-ar/thumb/libgcc.a(_ashldi3.o)
                              drivers/mmc/built-in.o (__aeabi_llsl)

Discarded input sections

 .data          0x0000000000000000        0x0 arch/arm/cpu/armv7/start.o
 .bss           0x0000000000000000        0x0 arch/arm/cpu/armv7/start.o
 .text.v7_outer_cache_enable
                0x0000000000000000        0x2 arch/arm/cpu/armv7/built-in.o
 .text.v7_outer_cache_disable
                0x0000000000000000        0x2 arch/arm/cpu/armv7/built-in.o
 .text.v7_outer_cache_flush_all
                0x0000000000000000        0x2 arch/arm/cpu/armv7/built-in.o
 .text.v7_outer_cache_inval_all
                0x0000000000000000        0x2 arch/arm/cpu/armv7/built-in.o
 .text.v7_outer_cache_flush_range
                0x0000000000000000        0x2 arch/arm/cpu/armv7/built-in.o
 .text.v7_outer_cache_inval_range
                0x0000000000000000        0x2 arch/arm/cpu/armv7/built-in.o
 .text.v7_arch_cp15_set_l2aux_ctrl
                0x0000000000000000        0x6 arch/arm/cpu/armv7/built-in.o
 .text.v7_arch_cp15_set_acr
                0x0000000000000000        0x6 arch/arm/cpu/armv7/built-in.o
 .text.sdelay   0x0000000000000000        0x6 arch/arm/cpu/armv7/built-in.o
 .text.wait_on_value
                0x0000000000000000       0x1a arch/arm/cpu/armv7/built-in.o
 .text.get_cpu_speed_grade_hz
                0x0000000000000000       0x78 arch/arm/cpu/armv7/built-in.o
 .text.get_cpu_temp_grade
                0x0000000000000000       0x44 arch/arm/cpu/armv7/built-in.o
 .text.enable_enet_clk
                0x0000000000000000       0x34 arch/arm/cpu/armv7/built-in.o
 .text.enable_uart_clk
                0x0000000000000000       0x38 arch/arm/cpu/armv7/built-in.o
 .text.enable_usdhc_clk
                0x0000000000000000       0x34 arch/arm/cpu/armv7/built-in.o
 .text.enable_spi_clk
                0x0000000000000000       0x2c arch/arm/cpu/armv7/built-in.o
 .text.enable_fec_anatop_clock
                0x0000000000000000       0x98 arch/arm/cpu/armv7/built-in.o
 .text.enable_thermal_clk
                0x0000000000000000       0x30 arch/arm/cpu/armv7/built-in.o
 .data          0x0000000000000000        0x0 arch/arm/cpu/armv7/built-in.o
 .bss           0x0000000000000000        0x0 arch/arm/cpu/armv7/built-in.o
 .text          0x0000000000000000        0x0 arch/arm/imx-common/built-in.o
 .text.imx_iomux_set_gpr_register
                0x0000000000000000       0x2a arch/arm/imx-common/built-in.o
 .text.get_imx_reset_cause
                0x0000000000000000        0xc arch/arm/imx-common/built-in.o
 .text.set_chipselect_size
                0x0000000000000000       0x5c arch/arm/imx-common/built-in.o
 .text.mxs_wait_mask_set
                0x0000000000000000       0x24 arch/arm/imx-common/built-in.o
 .text.mxs_wait_mask_clr
                0x0000000000000000       0x22 arch/arm/imx-common/built-in.o
 .text.mxs_reset_block
                0x0000000000000000       0x58 arch/arm/imx-common/built-in.o
 .data          0x0000000000000000        0x0 arch/arm/imx-common/built-in.o
 .bss           0x0000000000000000        0x0 arch/arm/imx-common/built-in.o
 .text.reset_misc
                0x0000000000000000        0x2 arch/arm/lib/built-in.o
 .text.enable_caches
                0x0000000000000000        0xc arch/arm/lib/built-in.o
 .text.invalidate_dcache_range
                0x0000000000000000        0x2 arch/arm/lib/built-in.o
 .text.flush_dcache_range
                0x0000000000000000        0x2 arch/arm/lib/built-in.o
 .text.flush_dcache_all
                0x0000000000000000        0xa arch/arm/lib/built-in.o
 .text.invalidate_l2_cache
                0x0000000000000000        0x8 arch/arm/lib/built-in.o
 .text.arm_init_before_mmu
                0x0000000000000000        0x2 arch/arm/lib/built-in.o
 .text.mmu_page_table_flush
                0x0000000000000000        0x2 arch/arm/lib/built-in.o
 .rodata.pl310  0x0000000000000000        0x4 arch/arm/lib/built-in.o
 .data          0x0000000000000000        0x0 arch/arm/lib/built-in.o
 .__secure_start
                0x0000000000000000        0x0 arch/arm/lib/built-in.o
 .__secure_end  0x0000000000000000        0x0 arch/arm/lib/built-in.o
 .bss           0x0000000000000000        0x0 arch/arm/lib/built-in.o
[...]
Memory Configuration

Name             Origin             Length             Attributes
*default*        0x0000000000000000 0xffffffffffffffff

Linker script and memory map

Address of section .text set to 0x17800000

/DISCARD/
 *(.rel._secure*)
                0x0000000000000000                . = 0x0
                0x0000000000000000                . = ALIGN (0x4)

.text           0x0000000017800000    0x2983c
 *(.__image_copy_start)
 .__image_copy_start
                0x0000000017800000        0x0 arch/arm/lib/built-in.o
                0x0000000017800000                __image_copy_start
 *(.vectors)
 .vectors       0x0000000017800000      0x2e8 arch/arm/lib/built-in.o
                0x0000000017800000                _start
                0x0000000017800020                _undefined_instruction
                0x0000000017800024                _software_interrupt
                0x0000000017800028                _prefetch_abort
                0x000000001780002c                _data_abort
                0x0000000017800030                _not_used
                0x0000000017800034                _irq
                0x0000000017800038                _fiq
                0x0000000017800040                IRQ_STACK_START_IN
 arch/arm/cpu/armv7/start.o(.text*)
 .text          0x00000000178002e8       0xe0 arch/arm/cpu/armv7/start.o
                0x00000000178002e8                reset
                0x00000000178002ec                save_boot_params_ret
                0x0000000017800328                c_runtime_cpu_setup
                0x0000000017800338                save_boot_params
                0x000000001780033c                cpu_init_cp15
                0x00000000178003c0                cpu_init_crit
 *(.text*)
 .text          0x00000000178003c8       0x24 arch/arm/cpu/armv7/built-in.o
                0x00000000178003c8                lowlevel_init
 .text.v7_maint_dcache_all
                0x00000000178003ec       0xae arch/arm/cpu/armv7/built-in.o
 .text.invalidate_icache_all
                0x000000001780049a       0x14 arch/arm/cpu/armv7/built-in.o
                0x000000001780049a                invalidate_icache_all
 .text.flush_dcache_all
                0x00000000178004ae       0x10 arch/arm/cpu/armv7/built-in.o
                0x00000000178004ae                flush_dcache_all
 .text.invalidate_dcache_all
                0x00000000178004be       0x10 arch/arm/cpu/armv7/built-in.o
                0x00000000178004be                invalidate_dcache_all
 .text.arm_init_before_mmu
                0x00000000178004ce       0x22 arch/arm/cpu/armv7/built-in.o
                0x00000000178004ce                arm_init_before_mmu
 .text.flush_dcache_range
                0x00000000178004f0       0x26 arch/arm/cpu/armv7/built-in.o
                0x00000000178004f0                flush_dcache_range
 .text.mmu_page_table_flush
                0x0000000017800516       0x1e arch/arm/cpu/armv7/built-in.o
                0x0000000017800516                mmu_page_table_flush
 .text.invalidate_dcache_range
                0x0000000017800534       0x78 arch/arm/cpu/armv7/built-in.o
                0x0000000017800534                invalidate_dcache_range
 .text.cpu_cache_initialization
                0x00000000178005ac        0x2 arch/arm/cpu/armv7/built-in.o
                0x00000000178005ac                cpu_cache_initialization
 .text.cleanup_before_linux_select
                0x00000000178005ae       0x3e arch/arm/cpu/armv7/built-in.o
                0x00000000178005ae                cleanup_before_linux_select
 .text.cleanup_before_linux
                0x00000000178005ec        0x6 arch/arm/cpu/armv7/built-in.o
                0x00000000178005ec                cleanup_before_linux
 .text.get_nr_cpus
                0x00000000178005f2        0xc arch/arm/cpu/armv7/built-in.o
                0x00000000178005f2                get_nr_cpus
 *fill*         0x00000000178005fe        0x2 
 .text.get_cpu_rev
                0x0000000017800600       0x68 arch/arm/cpu/armv7/built-in.o
                0x0000000017800600                get_cpu_rev
 .text.get_board_rev
                0x0000000017800668       0x26 arch/arm/cpu/armv7/built-in.o
                0x0000000017800668                get_board_rev
 *fill*         0x000000001780068e        0x2 
 .text.arch_cpu_init
                0x0000000017800690       0x68 arch/arm/cpu/armv7/built-in.o
                0x0000000017800690                arch_cpu_init
 .text.board_postclk_init
                0x00000000178006f8       0x40 arch/arm/cpu/armv7/built-in.o
                0x00000000178006f8                board_postclk_init
 .text.imx_get_mac_from_fuse
                0x0000000017800738       0x24 arch/arm/cpu/armv7/built-in.o
                0x0000000017800738                imx_get_mac_from_fuse
 .text.reset_misc
                0x000000001780075c        0x2 arch/arm/cpu/armv7/built-in.o
                0x000000001780075c                reset_misc
 *fill*         0x000000001780075e        0x2 
 .text.s_init   0x0000000017800760       0x8c arch/arm/cpu/armv7/built-in.o
                0x0000000017800760                s_init
 .text.imx_enable_hdmi_phy
                0x00000000178007ec       0x3c arch/arm/cpu/armv7/built-in.o
                0x00000000178007ec                imx_enable_hdmi_phy
 .text.imx_setup_hdmi
                0x0000000017800828       0x2c arch/arm/cpu/armv7/built-in.o
                0x0000000017800828                imx_setup_hdmi
 .text.get_ipg_clk
                0x0000000017800854       0x1c arch/arm/cpu/armv7/built-in.o
 .text.get_uart_clk
                0x0000000017800870       0x84 arch/arm/cpu/armv7/built-in.o
 .text.mxc_get_pll_pfd
                0x00000000178008f4       0x7c arch/arm/cpu/armv7/built-in.o
 .text.get_usdhc_clk
                0x0000000017800970       0x5c arch/arm/cpu/armv7/built-in.o
 .text.enable_ocotp_clk
                0x00000000178009cc       0x1c arch/arm/cpu/armv7/built-in.o
                0x00000000178009cc                enable_ocotp_clk
 .text.enable_usboh3_clk
                0x00000000178009e8       0x20 arch/arm/cpu/armv7/built-in.o
                0x00000000178009e8                enable_usboh3_clk
 .text.enable_i2c_clk
                0x0000000017800a08       0x6c arch/arm/cpu/armv7/built-in.o
                0x0000000017800a08                enable_i2c_clk
 .text.get_periph_clk
                0x0000000017800a74       0x88 arch/arm/cpu/armv7/built-in.o
                0x0000000017800a74                get_periph_clk
 .text.get_axi_clk
                0x0000000017800afc       0x34 arch/arm/cpu/armv7/built-in.o
 .text.imx_get_uartclk
                0x0000000017800b30        0x4 arch/arm/cpu/armv7/built-in.o
                0x0000000017800b30                imx_get_uartclk
 .text.mxc_get_clock
                0x0000000017800b34      0x290 arch/arm/cpu/armv7/built-in.o
                0x0000000017800b34                mxc_get_clock
 .text.imx_get_fecclk
                0x0000000017800dc4        0x6 arch/arm/cpu/armv7/built-in.o
                0x0000000017800dc4                imx_get_fecclk
 *fill*         0x0000000017800dca        0x2 
 .text.do_mx6_showclocks
                0x0000000017800dcc      0x1a8 arch/arm/cpu/armv7/built-in.o
                0x0000000017800dcc                do_mx6_showclocks
 .text.enable_ipu_clock
                0x0000000017800f74       0x40 arch/arm/cpu/armv7/built-in.o
                0x0000000017800f74                enable_ipu_clock
 .text.cpu_reset
                0x0000000017800fb4       0x1c arch/arm/cpu/armv7/built-in.o
                0x0000000017800fb4                cpu_reset
 .text.cpu_status
                0x0000000017800fd0       0x2c arch/arm/cpu/armv7/built-in.o
                0x0000000017800fd0                cpu_status
 .text.cpu_release
                0x0000000017800ffc       0x48 arch/arm/cpu/armv7/built-in.o
                0x0000000017800ffc                cpu_release
 .text.is_core_valid
                0x0000000017801044       0x12 arch/arm/cpu/armv7/built-in.o
                0x0000000017801044                is_core_valid
 *fill*         0x0000000017801056        0x2 
 .text.cpu_disable
                0x0000000017801058       0x1c arch/arm/cpu/armv7/built-in.o
                0x0000000017801058                cpu_disable
 .text.imx_iomux_v3_setup_pad
                0x0000000017801074       0x94 arch/arm/imx-common/built-in.o
                0x0000000017801074                imx_iomux_v3_setup_pad
 .text.imx_iomux_v3_setup_multiple_pads
                0x0000000017801108       0x38 arch/arm/imx-common/built-in.o
                0x0000000017801108                imx_iomux_v3_setup_multiple_pads
 .text.timer_init
                0x0000000017801140       0xd8 arch/arm/imx-common/built-in.o
                0x0000000017801140                timer_init
 .text.timer_read_counter
                0x0000000017801218        0xc arch/arm/imx-common/built-in.o
                0x0000000017801218                timer_read_counter
 .text.get_tbclk
                0x0000000017801224       0x68 arch/arm/imx-common/built-in.o
                0x0000000017801224                get_tbclk
 .text.imx_ddr_size
                0x000000001780128c       0x48 arch/arm/imx-common/built-in.o
                0x000000001780128c                imx_ddr_size
 .text.get_imx_type
                0x00000000178012d4       0x18 arch/arm/imx-common/built-in.o
                0x00000000178012d4                get_imx_type
 .text.print_cpuinfo
                0x00000000178012ec       0xe0 arch/arm/imx-common/built-in.o
                0x00000000178012ec                print_cpuinfo
 .text.cpu_eth_init
                0x00000000178013cc        0x4 arch/arm/imx-common/built-in.o
                0x00000000178013cc                cpu_eth_init
 .text.cpu_mmc_init
                0x00000000178013d0        0x4 arch/arm/imx-common/built-in.o
                0x00000000178013d0                cpu_mmc_init
 .text.get_ahb_clk
                0x00000000178013d4       0x1c arch/arm/imx-common/built-in.o
                0x00000000178013d4                get_ahb_clk
 .text.arch_preboot_os
                0x00000000178013f0        0x4 arch/arm/imx-common/built-in.o
                0x00000000178013f0                arch_preboot_os
 .text.get_clocks
                0x00000000178013f4       0x12 arch/arm/imx-common/built-in.o
                0x00000000178013f4                get_clocks
 *fill*         0x0000000017801406        0x2 
 .text.force_idle_bus
                0x0000000017801408       0xd4 arch/arm/imx-common/built-in.o
                0x0000000017801408                force_idle_bus
 .text.setup_i2c
                0x00000000178014dc       0x8c arch/arm/imx-common/built-in.o
                0x00000000178014dc                setup_i2c
 .text.enable_caches
                0x0000000017801568       0x2c arch/arm/imx-common/built-in.o
                0x0000000017801568                enable_caches
 .text.v7_outer_cache_enable
                0x0000000017801594       0x4c arch/arm/imx-common/built-in.o
                0x0000000017801594                v7_outer_cache_enable
 .text.v7_outer_cache_disable
                0x00000000178015e0       0x10 arch/arm/imx-common/built-in.o
                0x00000000178015e0                v7_outer_cache_disable
 .text.init_aips
                0x00000000178015f0       0x68 arch/arm/imx-common/built-in.o
                0x00000000178015f0                init_aips
 .text.imx_set_wdog_powerdown
                0x0000000017801658       0x5c arch/arm/imx-common/built-in.o
                0x0000000017801658                imx_set_wdog_powerdown
 .text.init_src
                0x00000000178016b4       0x10 arch/arm/imx-common/built-in.o
                0x00000000178016b4                init_src
 .text.boot_mode_apply
                0x00000000178016c4       0x1c arch/arm/imx-common/built-in.o
                0x00000000178016c4                boot_mode_apply
 .text.board_video_skip
                0x00000000178016e0       0xe0 arch/arm/imx-common/built-in.o
                0x00000000178016e0                board_video_skip
 .text.detect_hdmi
                0x00000000178017c0       0x10 arch/arm/imx-common/built-in.o
                0x00000000178017c0                detect_hdmi
 .text.create_usage
                0x00000000178017d0       0x64 arch/arm/imx-common/built-in.o
 .text.do_boot_mode
                0x0000000017801834       0x80 arch/arm/imx-common/built-in.o
 .text.add_board_boot_modes
                0x00000000178018b4       0x3c arch/arm/imx-common/built-in.o
                0x00000000178018b4                add_board_boot_modes
 .text.do_hdmidet
                0x00000000178018f0       0x18 arch/arm/imx-common/built-in.o
 .text          0x0000000017801908       0x88 arch/arm/lib/built-in.o
                0x0000000017801908                _main
 .text.relocate_vectors
                0x0000000017801990       0x70 arch/arm/lib/built-in.o
                0x0000000017801990                relocate_vectors
                0x000000001780199c                relocate_code
 .text.arch_fixup_fdt
                0x0000000017801a00       0x24 arch/arm/lib/built-in.o
                0x0000000017801a00                arch_fixup_fdt
 .text.boot_jump_linux
                0x0000000017801a24       0x80 arch/arm/lib/built-in.o
 .text.arch_lmb_reserve
                0x0000000017801aa4       0x20 arch/arm/lib/built-in.o
                0x0000000017801aa4                arch_lmb_reserve
 .text.setup_board_tags
                0x0000000017801ac4        0x2 arch/arm/lib/built-in.o
                0x0000000017801ac4                setup_board_tags
 *fill*         0x0000000017801ac6        0x2 
 .text.boot_prep_linux
                0x0000000017801ac8       0xf8 arch/arm/lib/built-in.o
 .text.do_bootm_linux
                0x0000000017801bc0       0x40 arch/arm/lib/built-in.o
                0x0000000017801bc0                do_bootm_linux
 .text.bootz_setup
                0x0000000017801c00       0x3c arch/arm/lib/built-in.o
                0x0000000017801c00                bootz_setup
 .text.boot_prep_vxworks
                0x0000000017801c3c       0x30 arch/arm/lib/built-in.o
                0x0000000017801c3c                boot_prep_vxworks
 .text.boot_jump_vxworks
                0x0000000017801c6c        0x6 arch/arm/lib/built-in.o
                0x0000000017801c6c                boot_jump_vxworks
 *fill*         0x0000000017801c72        0x2 
 .text.pl310_background_op_all_ways
                0x0000000017801c74       0x2c arch/arm/lib/built-in.o
 .text.v7_outer_cache_inval_all
                0x0000000017801ca0        0xc arch/arm/lib/built-in.o
                0x0000000017801ca0                v7_outer_cache_inval_all
 .text.v7_outer_cache_flush_all
                0x0000000017801cac        0xc arch/arm/lib/built-in.o
                0x0000000017801cac                v7_outer_cache_flush_all
 .text.v7_outer_cache_flush_range
                0x0000000017801cb8       0x20 arch/arm/lib/built-in.o
                0x0000000017801cb8                v7_outer_cache_flush_range
 .text.v7_outer_cache_inval_range
                0x0000000017801cd8       0x54 arch/arm/lib/built-in.o
                0x0000000017801cd8                v7_outer_cache_inval_range
 .text.arch_reserve_stacks
                0x0000000017801d2c       0x16 arch/arm/lib/built-in.o
                0x0000000017801d2c                arch_reserve_stacks
 *fill*         0x0000000017801d42        0x2 
 .text.interrupt_init
                0x0000000017801d44       0x14 arch/arm/lib/built-in.o
                0x0000000017801d44                interrupt_init
 .text.enable_interrupts
                0x0000000017801d58        0x2 arch/arm/lib/built-in.o
                0x0000000017801d58                enable_interrupts
 .text.disable_interrupts
                0x0000000017801d5a        0x4 arch/arm/lib/built-in.o
                0x0000000017801d5a                disable_interrupts
 *fill*         0x0000000017801d5e        0x2 
 .text.bad_mode
                0x0000000017801d60        0xc arch/arm/lib/built-in.o
                0x0000000017801d60                bad_mode
 .text.show_regs
                0x0000000017801d6c      0x108 arch/arm/lib/built-in.o
                0x0000000017801d6c                show_regs
 .text.do_undefined_instruction
                0x0000000017801e74       0x18 arch/arm/lib/built-in.o
                0x0000000017801e74                do_undefined_instruction
 .text.do_software_interrupt
                0x0000000017801e8c       0x18 arch/arm/lib/built-in.o
                0x0000000017801e8c                do_software_interrupt
 .text.do_prefetch_abort
                0x0000000017801ea4       0x18 arch/arm/lib/built-in.o
                0x0000000017801ea4                do_prefetch_abort
 .text.do_data_abort
                0x0000000017801ebc       0x18 arch/arm/lib/built-in.o
                0x0000000017801ebc                do_data_abort
 .text.do_not_used
                0x0000000017801ed4       0x18 arch/arm/lib/built-in.o
                0x0000000017801ed4                do_not_used
 .text.do_fiq   0x0000000017801eec       0x18 arch/arm/lib/built-in.o
                0x0000000017801eec                do_fiq
 .text.do_irq   0x0000000017801f04       0x18 arch/arm/lib/built-in.o
                0x0000000017801f04                do_irq
 .text.do_reset
                0x0000000017801f1c       0x28 arch/arm/lib/built-in.o
                0x0000000017801f1c                do_reset
 .text.flush_cache
                0x0000000017801f44        0x6 arch/arm/lib/built-in.o
                0x0000000017801f44                flush_cache
 .text.cp_delay
                0x0000000017801f4a       0x18 arch/arm/lib/built-in.o
 .text.arm_init_domains
                0x0000000017801f62        0x2 arch/arm/lib/built-in.o
                0x0000000017801f62                arm_init_domains
 .text.set_section_dcache
                0x0000000017801f64       0x12 arch/arm/lib/built-in.o
                0x0000000017801f64                set_section_dcache
 .text.mmu_set_region_dcache_behaviour
                0x0000000017801f76       0x3a arch/arm/lib/built-in.o
                0x0000000017801f76                mmu_set_region_dcache_behaviour
 .text.dram_bank_mmu_setup
                0x0000000017801fb0       0x2a arch/arm/lib/built-in.o
                0x0000000017801fb0                dram_bank_mmu_setup
 .text.icache_enable
                0x0000000017801fda       0x14 arch/arm/lib/built-in.o
                0x0000000017801fda                icache_enable
 .text.icache_disable
                0x0000000017801fee       0x1c arch/arm/lib/built-in.o
                0x0000000017801fee                icache_disable
 .text.icache_status
                0x000000001780200a        0xa arch/arm/lib/built-in.o
                0x000000001780200a                icache_status
 .text.dcache_enable
                0x0000000017802014       0x5c arch/arm/lib/built-in.o
                0x0000000017802014                dcache_enable
 .text.dcache_disable
                0x0000000017802070       0x24 arch/arm/lib/built-in.o
                0x0000000017802070                dcache_disable
 .text.dcache_status
                0x0000000017802094        0xa arch/arm/lib/built-in.o
                0x0000000017802094                dcache_status
 *fill*         0x000000001780209e        0x2 
 .text.is_revc1
                0x00000000178020a0       0x24 board/wandboard/built-in.o
 .text.enable_fwadapt_7wvga
                0x00000000178020c4       0x24 board/wandboard/built-in.o
 .text.do_enable_hdmi
                0x00000000178020e8        0x4 board/wandboard/built-in.o
 .text.detect_i2c
                0x00000000178020ec       0x1e board/wandboard/built-in.o
 .text.dram_init
                0x000000001780210a        0xe board/wandboard/built-in.o
                0x000000001780210a                dram_init
 .text.board_mmc_getcd
                0x0000000017802118       0x30 board/wandboard/built-in.o
                0x0000000017802118                board_mmc_getcd
 .text.board_mmc_init
                0x0000000017802148       0x60 board/wandboard/built-in.o
                0x0000000017802148                board_mmc_init
 .text.board_eth_init
                0x00000000178021a8       0x38 board/wandboard/built-in.o
                0x00000000178021a8                board_eth_init
 .text.board_early_init_f
                0x00000000178021e0       0x60 board/wandboard/built-in.o
                0x00000000178021e0                board_early_init_f
 .text.overwrite_console
                0x0000000017802240        0x4 board/wandboard/built-in.o
                0x0000000017802240                overwrite_console
 .text.board_late_init
                0x0000000017802244       0x64 board/wandboard/built-in.o
                0x0000000017802244                board_late_init
 .text.board_init
                0x00000000178022a8       0x58 board/wandboard/built-in.o
                0x00000000178022a8                board_init
 .text.checkboard
                0x0000000017802300       0x20 board/wandboard/built-in.o
                0x0000000017802300                checkboard
 .text.arch_setup_gd
                0x0000000017802320        0x4 common/built-in.o
                0x0000000017802320                arch_setup_gd
 .text.board_init_f_mem
                0x0000000017802324       0x26 common/built-in.o
                0x0000000017802324                board_init_f_mem
 .text.show_boot_progress
                0x000000001780234a        0x2 common/built-in.o
                0x000000001780234a                show_boot_progress
 .text.main_loop
                0x000000001780234c       0x1c common/built-in.o
                0x000000001780234c                main_loop
 .text.dummy    0x0000000017802368        0x2 common/built-in.o
 .text.get_version
                0x000000001780236a        0x4 common/built-in.o
                0x000000001780236a                get_version
 *fill*         0x000000001780236e        0x2 
 .text.jumptable_init
                0x0000000017802370      0x164 common/built-in.o
                0x0000000017802370                jumptable_init
 .text.hash_command
                0x00000000178024d4       0x70 common/built-in.o
                0x00000000178024d4                hash_command
 .text.b_reset  0x0000000017802544        0xe common/built-in.o
 .text.static_get
                0x0000000017802552       0x12 common/built-in.o
 .text.static_peek
                0x0000000017802564        0x6 common/built-in.o
 .text.file_peek
                0x000000001780256a        0x6 common/built-in.o
 .text.mapset   0x0000000017802570       0x14 common/built-in.o
 .text.syntax_err
                0x0000000017802584        0xc common/built-in.o
 .text.free_pipe_list
                0x0000000017802590       0x92 common/built-in.o
 *fill*         0x0000000017802622        0x2 
 .text.xmalloc  0x0000000017802624       0x18 common/built-in.o
 .text.new_pipe
                0x000000001780263c       0x16 common/built-in.o
 *fill*         0x0000000017802652        0x2 
 .text.xrealloc
                0x0000000017802654       0x18 common/built-in.o
 .text.done_command
                0x000000001780266c       0x42 common/built-in.o
 .text.done_pipe
                0x00000000178026ae       0x2a common/built-in.o
 .text.done_word
                0x00000000178026d8      0x1d0 common/built-in.o
 .text.do_showvar
                0x00000000178028a8       0x9c common/built-in.o
 .text.is_assignment
                0x0000000017802944       0x2c common/built-in.o
 .text.file_get
                0x0000000017802970      0x128 common/built-in.o
 .text.b_addchr
                0x0000000017802a98       0x42 common/built-in.o
 *fill*         0x0000000017802ada        0x2 
 .text.b_addqchr
                0x0000000017802adc       0x30 common/built-in.o
 .text.get_local_var
                0x0000000017802b0c       0x58 common/built-in.o
                0x0000000017802b0c                get_local_var
 .text.set_local_var
                0x0000000017802b64      0x10c common/built-in.o
                0x0000000017802b64                set_local_var
 .text.insert_var_value_sub
                0x0000000017802c70      0x1c0 common/built-in.o
 .text.parse_string_outer
                0x0000000017802e30       0x94 common/built-in.o
                0x0000000017802e30                parse_string_outer
 .text.run_list_real
                0x0000000017802ec4      0x4d4 common/built-in.o
 .text.parse_stream_outer
                0x0000000017803398      0x448 common/built-in.o
 .text.parse_file_outer
                0x00000000178037e0       0x2c common/built-in.o
                0x00000000178037e0                parse_file_outer
 .text.u_boot_hush_start
                0x000000001780380c       0x30 common/built-in.o
                0x000000001780380c                u_boot_hush_start
 .text.bootdelay_process
                0x000000001780383c       0x34 common/built-in.o
                0x000000001780383c                bootdelay_process
 .text.autoboot_command
                0x0000000017803870       0x84 common/built-in.o
                0x0000000017803870                autoboot_command
 .text.display_text_info
                0x00000000178038f4        0x4 common/built-in.o
 .text.setup_mon_len
                0x00000000178038f8       0x18 common/built-in.o
 .text.reserve_round_4k
                0x0000000017803910       0x14 common/built-in.o
 .text.reserve_mmu
                0x0000000017803924       0x2e common/built-in.o
 .text.reserve_trace
                0x0000000017803952        0x4 common/built-in.o
 .text.reserve_uboot
                0x0000000017803956       0x2a common/built-in.o
 .text.reserve_malloc
                0x0000000017803980       0x10 common/built-in.o
 .text.setup_machine
                0x0000000017803990        0xe common/built-in.o
 .text.reserve_global_data
                0x000000001780399e       0x16 common/built-in.o
 .text.reserve_fdt
                0x00000000178039b4       0x3a common/built-in.o
 .text.display_new_sp
                0x00000000178039ee        0x4 common/built-in.o
 .text.initf_console_record
                0x00000000178039f2        0x4 common/built-in.o
 .text.reserve_arch
                0x00000000178039f6        0x4 common/built-in.o
                0x00000000178039f6                reserve_arch
 .text.arch_cpu_init_dm
                0x00000000178039fa        0x4 common/built-in.o
                0x00000000178039fa                arch_cpu_init_dm
 *fill*         0x00000000178039fe        0x2 
 .text.announce_dram_init
                0x0000000017803a00       0x10 common/built-in.o
 .text.init_func_i2c
                0x0000000017803a10       0x20 common/built-in.o
 .text.init_baud_rate
                0x0000000017803a30       0x1c common/built-in.o
 .text.mark_bootstage
                0x0000000017803a4c        0xc common/built-in.o
 .text.initf_dm
                0x0000000017803a58        0x6 common/built-in.o
 .text.setup_reloc
                0x0000000017803a5e       0x26 common/built-in.o
 .text.reloc_fdt
                0x0000000017803a84       0x2c common/built-in.o
 .text.reserve_board
                0x0000000017803ab0       0x28 common/built-in.o
 .text.coloured_LED_init
                0x0000000017803ad8        0x2 common/built-in.o
                0x0000000017803ad8                coloured_LED_init
 .text.red_led_on
                0x0000000017803ada        0x2 common/built-in.o
                0x0000000017803ada                red_led_on
 .text.board_add_ram_info
                0x0000000017803adc        0x2 common/built-in.o
                0x0000000017803adc                board_add_ram_info
 *fill*         0x0000000017803ade        0x2 
 .text.show_dram_config
                0x0000000017803ae0       0x28 common/built-in.o
 .text.dram_init_banksize
                0x0000000017803b08       0x18 common/built-in.o
                0x0000000017803b08                dram_init_banksize
 .text.setup_dram_config
                0x0000000017803b20        0xa common/built-in.o
 .text.board_get_usable_ram_top
                0x0000000017803b2a       0x12 common/built-in.o
                0x0000000017803b2a                board_get_usable_ram_top
 .text.board_reserve_ram_top
                0x0000000017803b3c        0x2 common/built-in.o
                0x0000000017803b3c                board_reserve_ram_top
 .text.setup_dest_addr
                0x0000000017803b3e       0x3c common/built-in.o
 .text.reserve_stacks
                0x0000000017803b7a       0x1a common/built-in.o
 .text.board_init_f
                0x0000000017803b94       0x20 common/built-in.o
                0x0000000017803b94                board_init_f
 .text.bootstage_relocate
                0x0000000017803bb4        0x4 common/built-in.o
 .text.initr_trace
                0x0000000017803bb8        0x4 common/built-in.o
 .text.initr_reloc
                0x0000000017803bbc       0x14 common/built-in.o
 .text.initr_reloc_global_data
                0x0000000017803bd0       0x1c common/built-in.o
 .text.initr_barrier
                0x0000000017803bec        0x4 common/built-in.o
 .text.initr_console_record
                0x0000000017803bf0        0x4 common/built-in.o
 .text.power_init_board
                0x0000000017803bf4        0x4 common/built-in.o
                0x0000000017803bf4                power_init_board
 .text.initr_announce
                0x0000000017803bf8        0x4 common/built-in.o
 .text.run_main_loop
                0x0000000017803bfc        0x8 common/built-in.o
 .text.initr_net
                0x0000000017803c04       0x14 common/built-in.o
 .text.initr_ethaddr
                0x0000000017803c18       0x18 common/built-in.o
 .text.initr_enable_interrupts
                0x0000000017803c30        0xa common/built-in.o
 .text.initr_jumptable
                0x0000000017803c3a        0xa common/built-in.o
 .text.initr_env
                0x0000000017803c44       0x20 common/built-in.o
 .text.initr_mmc
                0x0000000017803c64       0x18 common/built-in.o
 .text.initr_serial
                0x0000000017803c7c        0xa common/built-in.o
 .text.initr_bootstage
                0x0000000017803c86        0xc common/built-in.o
 .text.initr_dm
                0x0000000017803c92       0x12 common/built-in.o
 .text.initr_malloc
                0x0000000017803ca4       0x16 common/built-in.o
 .text.initr_caches
                0x0000000017803cba        0xa common/built-in.o
 .text.cpu_secondary_init_r
                0x0000000017803cc4        0x2 common/built-in.o
                0x0000000017803cc4                cpu_secondary_init_r
 .text.initr_secondary_cpu
                0x0000000017803cc6        0xa common/built-in.o
 .text.board_init_r
                0x0000000017803cd0       0x10 common/built-in.o
                0x0000000017803cd0                board_init_r
 .text.show_board_info
                0x0000000017803ce0        0x4 common/built-in.o
                0x0000000017803ce0                show_board_info
 .text.do_go_exec
                0x0000000017803ce4        0x8 common/built-in.o
                0x0000000017803ce4                do_go_exec
 .text.do_go    0x0000000017803cec       0x4c common/built-in.o
 .text.do_bootm
                0x0000000017803d38       0xa8 common/built-in.o
                0x0000000017803d38                do_bootm
 .text.do_bootd
                0x0000000017803de0       0x18 common/built-in.o
                0x0000000017803de0                do_bootd
 .text.image_info
                0x0000000017803df8       0x8c common/built-in.o
 .text.do_iminfo
                0x0000000017803e84       0x40 common/built-in.o
 .text.bootm_maybe_autostart
                0x0000000017803ec4       0x4c common/built-in.o
                0x0000000017803ec4                bootm_maybe_autostart
 .text.do_bootz
                0x0000000017803f10       0x9c common/built-in.o
                0x0000000017803f10                do_bootz
 .text.bootm_find_images
                0x0000000017803fac       0x6c common/built-in.o
                0x0000000017803fac                bootm_find_images
 .text.bootm_decomp_image
                0x0000000017804018       0xe8 common/built-in.o
                0x0000000017804018                bootm_decomp_image
 .text.bootm_disable_interrupts
                0x0000000017804100       0x10 common/built-in.o
                0x0000000017804100                bootm_disable_interrupts
 .text.do_bootm_states
                0x0000000017804110      0x4e8 common/built-in.o
                0x0000000017804110                do_bootm_states
 .text.copy_args
                0x00000000178045f8       0x36 common/built-in.o
 *fill*         0x000000001780462e        0x2 
 .text.do_bootm_rtems
                0x0000000017804630       0x2c common/built-in.o
 .text.do_bootm_plan9
                0x000000001780465c       0x68 common/built-in.o
 .text.do_bootm_standalone
                0x00000000178046c4       0x3c common/built-in.o
 .text.do_bootm_qnxelf
                0x0000000017804700       0x38 common/built-in.o
 .text.do_bootm_netbsd
                0x0000000017804738       0xa4 common/built-in.o
 .text.do_bootvx_fdt
                0x00000000178047dc       0xc0 common/built-in.o
                0x00000000178047dc                do_bootvx_fdt
 .text.do_bootm_vxworks
                0x000000001780489c       0x16 common/built-in.o
 .text.boot_selected_os
                0x00000000178048b2       0x3a common/built-in.o
                0x00000000178048b2                boot_selected_os
 .text.bootm_os_get_boot_func
                0x00000000178048ec        0xc common/built-in.o
                0x00000000178048ec                bootm_os_get_boot_func
 .text.do_help  0x00000000178048f8       0x30 common/built-in.o
 .text.do_version
                0x0000000017804928       0x2c common/built-in.o
 .text.regex_callback
                0x0000000017804954       0xd0 common/built-in.o
 .text.env_attr_walk
                0x0000000017804a24       0xb4 common/built-in.o
                0x0000000017804a24                env_attr_walk
 .text.env_attr_lookup
                0x0000000017804ad8       0x50 common/built-in.o
                0x0000000017804ad8                env_attr_lookup
 .text.clear_callback
                0x0000000017804b28        0x8 common/built-in.o
 .text.find_env_callback
                0x0000000017804b30       0x40 common/built-in.o
 .text.on_callbacks
                0x0000000017804b70       0x38 common/built-in.o
 .text.set_callback
                0x0000000017804ba8       0x50 common/built-in.o
 .text.env_callback_init
                0x0000000017804bf8       0x78 common/built-in.o
                0x0000000017804bf8                env_callback_init
 .text.skip_num
                0x0000000017804c70       0x44 common/built-in.o
 .text.clear_flags
                0x0000000017804cb4        0x8 common/built-in.o
 .text.on_flags
                0x0000000017804cbc       0x38 common/built-in.o
 .text.env_flags_parse_vartype
                0x0000000017804cf4       0x30 common/built-in.o
                0x0000000017804cf4                env_flags_parse_vartype
 .text.env_flags_parse_varaccess
                0x0000000017804d24       0x38 common/built-in.o
                0x0000000017804d24                env_flags_parse_varaccess
 .text.set_flags
                0x0000000017804d5c       0x68 common/built-in.o
 .text.eth_validate_ethaddr_str
                0x0000000017804dc4       0x50 common/built-in.o
                0x0000000017804dc4                eth_validate_ethaddr_str
 .text.env_flags_init
                0x0000000017804e14       0x90 common/built-in.o
                0x0000000017804e14                env_flags_init
 .text.env_flags_validate
                0x0000000017804ea4      0x1b8 common/built-in.o
                0x0000000017804ea4                env_flags_validate
 .text.mmc_get_env_addr
                0x000000001780505c        0xa common/built-in.o
                0x000000001780505c                mmc_get_env_addr
 *fill*         0x0000000017805066        0x2 
 .text.env_init
                0x0000000017805068       0x14 common/built-in.o
                0x0000000017805068                env_init
 .text.saveenv  0x000000001780507c       0xcc common/built-in.o
                0x000000001780507c                saveenv
 .text.env_relocate_spec
                0x0000000017805148       0xa0 common/built-in.o
                0x0000000017805148                env_relocate_spec
 .text.source   0x00000000178051e8       0x90 common/built-in.o
                0x00000000178051e8                source
 .text.do_source
                0x0000000017805278       0x30 common/built-in.o
 .text.print_num
                0x00000000178052a8       0x10 common/built-in.o
 .text.do_bdinfo
                0x00000000178052b8      0x12c common/built-in.o
 .text.parse_argv
                0x00000000178053e4       0x3c common/built-in.o
 .text.do_icache
                0x0000000017805420       0x5c common/built-in.o
 .text.do_dcache
                0x000000001780547c       0x5c common/built-in.o
 .text.do_coninfo
                0x00000000178054d8       0x80 common/built-in.o
 .text.do_echo  0x0000000017805558       0x70 common/built-in.o
 .text.load_elf_image_shdr
                0x00000000178055c8       0x4a common/built-in.o
 *fill*         0x0000000017805612        0x2 
 .text.valid_elf_image
                0x0000000017805614       0x30 common/built-in.o
                0x0000000017805614                valid_elf_image
 .text.do_bootelf
                0x0000000017805644      0x10c common/built-in.o
                0x0000000017805644                do_bootelf
 .text.do_bootvx
                0x0000000017805750      0x22c common/built-in.o
                0x0000000017805750                do_bootvx
 .text.do_exit  0x000000001780597c       0x1e common/built-in.o
 .text.do_ext4_size
                0x000000001780599a        0xe common/built-in.o
                0x000000001780599a                do_ext4_size
 .text.do_ext4_load
                0x00000000178059a8        0xe common/built-in.o
                0x00000000178059a8                do_ext4_load
 .text.do_ext4_ls
                0x00000000178059b6        0xe common/built-in.o
                0x00000000178059b6                do_ext4_ls
 .text.do_ext4_write
                0x00000000178059c4        0xe common/built-in.o
                0x00000000178059c4                do_ext4_write
 .text.do_ext2load
                0x00000000178059d2        0xe common/built-in.o
                0x00000000178059d2                do_ext2load
 .text.do_ext2ls
                0x00000000178059e0        0xe common/built-in.o
 .text.do_fat_size
                0x00000000178059ee        0xe common/built-in.o
                0x00000000178059ee                do_fat_size
 .text.do_fat_fsload
                0x00000000178059fc        0xe common/built-in.o
                0x00000000178059fc                do_fat_fsload
 .text.do_fat_ls
                0x0000000017805a0a        0xe common/built-in.o
 .text.do_fat_fsinfo
                0x0000000017805a18       0x58 common/built-in.o
 .text.fdt_valid
                0x0000000017805a70       0x74 common/built-in.o
 .text.is_printable_string
                0x0000000017805ae4       0x4c common/built-in.o
 .text.print_data
                0x0000000017805b30       0xf8 common/built-in.o
 .text.set_working_fdt_addr
                0x0000000017805c28       0x14 common/built-in.o
                0x0000000017805c28                set_working_fdt_addr
 .text.do_fdt   0x0000000017805c3c      0x974 common/built-in.o
 .text.fdt_find_and_setprop
                0x00000000178065b0       0x48 common/built-in.o
                0x00000000178065b0                fdt_find_and_setprop
 .text.fdt_find_or_add_subnode
                0x00000000178065f8       0x40 common/built-in.o
                0x00000000178065f8                fdt_find_or_add_subnode
 .text.fdt_root
                0x0000000017806638       0x60 common/built-in.o
                0x0000000017806638                fdt_root
 .text.fdt_initrd
                0x0000000017806698      0x11c common/built-in.o
                0x0000000017806698                fdt_initrd
 .text.fdt_chosen
                0x00000000178067b4       0x6c common/built-in.o
                0x00000000178067b4                fdt_chosen
 .text.do_fixup_by_path
                0x0000000017806820       0x34 common/built-in.o
                0x0000000017806820                do_fixup_by_path
 .text.fdt_fixup_memory_banks
                0x0000000017806854      0x128 common/built-in.o
                0x0000000017806854                fdt_fixup_memory_banks
 .text.fdt_fixup_memory
                0x000000001780697c       0x16 common/built-in.o
                0x000000001780697c                fdt_fixup_memory
 *fill*         0x0000000017806992        0x2 
 .text.fdt_fixup_ethernet
                0x0000000017806994       0xe0 common/built-in.o
                0x0000000017806994                fdt_fixup_ethernet
 .text.fdt_shrink_to_minimum
                0x0000000017806a74       0x7e common/built-in.o
                0x0000000017806a74                fdt_shrink_to_minimum
 .text.do_size_wrapper
                0x0000000017806af2        0xe common/built-in.o
 .text.do_load_wrapper
                0x0000000017806b00        0xe common/built-in.o
 .text.do_save_wrapper
                0x0000000017806b0e        0xe common/built-in.o
 .text.do_ls_wrapper
                0x0000000017806b1c        0xe common/built-in.o
 .text.do_fstype_wrapper
                0x0000000017806b2a        0x4 common/built-in.o
 .text.strtou32
                0x0000000017806b2e       0x2e common/built-in.o
 .text.do_fuse  0x0000000017806b5c      0x230 common/built-in.o
 .text.name_to_gpio
                0x0000000017806d8c        0x8 common/built-in.o
                0x0000000017806d8c                name_to_gpio
 .text.do_gpio  0x0000000017806d94       0xcc common/built-in.o
 .text.do_i2c   0x0000000017806e60       0x3c common/built-in.o
 .text.do_i2c_reset
                0x0000000017806e9c       0x22 common/built-in.o
 *fill*         0x0000000017806ebe        0x2 
 .text.do_i2c_probe
                0x0000000017806ec0       0x58 common/built-in.o
 .text.do_i2c_bus_num
                0x0000000017806f18       0x7c common/built-in.o
 .text.do_i2c_bus_speed
                0x0000000017806f94       0x4c common/built-in.o
 .text.do_i2c_show_bus
                0x0000000017806fe0       0x8c common/built-in.o
 .text.get_alen.constprop.5
                0x000000001780706c       0x1c common/built-in.o
 .text.do_i2c_crc
                0x0000000017807088       0xc4 common/built-in.o
 .text.do_i2c_read
                0x000000001780714c       0x78 common/built-in.o
 .text.do_i2c_md
                0x00000000178071c4      0x148 common/built-in.o
 .text.do_i2c_mw
                0x000000001780730c       0xac common/built-in.o
 .text.do_i2c_write
                0x00000000178073b8       0xd4 common/built-in.o
 .text.mod_i2c_mem.isra.4
                0x000000001780748c      0x15c common/built-in.o
 .text.do_i2c_nm
                0x00000000178075e8        0x6 common/built-in.o
 .text.do_i2c_mm
                0x00000000178075ee        0x6 common/built-in.o
 .text.do_i2c_loop
                0x00000000178075f4       0x94 common/built-in.o
 .text.i2c_init_board
                0x0000000017807688        0x2 common/built-in.o
                0x0000000017807688                i2c_init_board
 *fill*         0x000000001780768a        0x2 
 .text.evalexp  0x000000001780768c       0x58 common/built-in.o
 .text.evalstr  0x00000000178076e4       0x3c common/built-in.o
 .text.binary_test
                0x0000000017807720      0x108 common/built-in.o
 .text.do_itest
                0x0000000017807828       0x54 common/built-in.o
 .text.bin_data_init
                0x000000001780787c       0x1c common/built-in.o
 .text.k_data_save
                0x0000000017807898       0x34 common/built-in.o
 .text.k_data_restore
                0x00000000178078cc       0x34 common/built-in.o
 .text.getcxmodem
                0x0000000017807900       0x16 common/built-in.o
 *fill*         0x0000000017807916        0x2 
 .text.load_serial_ymodem
                0x0000000017807918       0x88 common/built-in.o
 .text.bin_data_char
                0x00000000178079a0       0x1c common/built-in.o
 .text.chk1.constprop.1
                0x00000000178079bc       0x20 common/built-in.o
 .text.s1_sendpacket.constprop.2
                0x00000000178079dc       0x34 common/built-in.o
 .text.load_serial
                0x0000000017807a10      0x128 common/built-in.o
 .text.do_load_serial
                0x0000000017807b38       0x90 common/built-in.o
 .text.do_load_serial_bin
                0x0000000017807bc8      0x550 common/built-in.o
 .text.do_mem_mw
                0x0000000017808118       0x80 common/built-in.o
 .text.do_mem_loop
                0x0000000017808198       0x82 common/built-in.o
 *fill*         0x000000001780821a        0x2 
 .text.do_mem_md
                0x000000001780821c       0xa4 common/built-in.o
 .text.do_mem_cmp
                0x00000000178082c0       0xf0 common/built-in.o
 .text.do_mem_base
                0x00000000178083b0       0x28 common/built-in.o
 .text.do_mem_cp
                0x00000000178083d8       0x88 common/built-in.o
 .text.do_mem_crc
                0x0000000017808460       0x2c common/built-in.o
 .text.mod_mem.isra.2
                0x000000001780848c       0xf4 common/built-in.o
 .text.do_mem_mm
                0x0000000017808580        0x6 common/built-in.o
 .text.do_mem_nm
                0x0000000017808586        0x6 common/built-in.o
 .text.miiphy_get_dev_by_name
                0x000000001780858c       0x38 common/built-in.o
                0x000000001780858c                miiphy_get_dev_by_name
 .text.miiphy_init
                0x00000000178085c4       0x18 common/built-in.o
                0x00000000178085c4                miiphy_init
 .text.mdio_alloc
                0x00000000178085dc       0x1c common/built-in.o
                0x00000000178085dc                mdio_alloc
 .text.mdio_register
                0x00000000178085f8       0x50 common/built-in.o
                0x00000000178085f8                mdio_register
 .text.mdio_unregister
                0x0000000017808648       0x24 common/built-in.o
                0x0000000017808648                mdio_unregister
 .text.mdio_list_devices
                0x000000001780866c       0x64 common/built-in.o
                0x000000001780866c                mdio_list_devices
 .text.miiphy_set_current_dev
                0x00000000178086d0       0x28 common/built-in.o
                0x00000000178086d0                miiphy_set_current_dev
 .text.miiphy_get_active_dev
                0x00000000178086f8       0x30 common/built-in.o
 .text.mdio_get_current_dev
                0x0000000017808728        0xc common/built-in.o
                0x0000000017808728                mdio_get_current_dev
 .text.mdio_phydev_for_ethname
                0x0000000017808734       0x54 common/built-in.o
                0x0000000017808734                mdio_phydev_for_ethname
 .text.miiphy_get_current_dev
                0x0000000017808788       0x10 common/built-in.o
                0x0000000017808788                miiphy_get_current_dev
 .text.miiphy_read
                0x0000000017808798       0x28 common/built-in.o
                0x0000000017808798                miiphy_read
 .text.miiphy_write
                0x00000000178087c0       0x24 common/built-in.o
                0x00000000178087c0                miiphy_write
 .text.miiphy_listdev
                0x00000000178087e4       0x54 common/built-in.o
                0x00000000178087e4                miiphy_listdev
 .text.miiphy_info
                0x0000000017808838       0x5c common/built-in.o
                0x0000000017808838                miiphy_info
 .text.miiphy_speed
                0x0000000017808894       0x60 common/built-in.o
                0x0000000017808894                miiphy_speed
 .text.miiphy_duplex
                0x00000000178088f4       0x60 common/built-in.o
                0x00000000178088f4                miiphy_duplex
 .text.miiphy_is_1000base_x
                0x0000000017808954        0x4 common/built-in.o
                0x0000000017808954                miiphy_is_1000base_x
 .text.extract_range
                0x0000000017808958       0x7c common/built-in.o
 .text.do_mii   0x00000000178089d4      0x61c common/built-in.o
 .text.do_mdio  0x0000000017808ff0      0x314 common/built-in.o
 .text.do_sleep
                0x0000000017809304       0x46 common/built-in.o
 *fill*         0x000000001780934a        0x2 
 .text.do_mmcops
                0x000000001780934c       0x7c common/built-in.o
 .text.init_mmc_device
                0x00000000178093c8       0x34 common/built-in.o
 .text.do_mmc_rescan
                0x00000000178093fc       0x18 common/built-in.o
 .text.do_mmc_hwpartition
                0x0000000017809414      0x3a0 common/built-in.o
 .text.do_mmc_list
                0x00000000178097b4        0xc common/built-in.o
 .text.do_mmc_dev
                0x00000000178097c0       0xc4 common/built-in.o
 .text.do_mmc_part
                0x0000000017809884       0x38 common/built-in.o
 .text.do_mmc_erase
                0x00000000178098bc       0xa0 common/built-in.o
 .text.do_mmc_write
                0x000000001780995c       0xac common/built-in.o
 .text.do_mmc_read
                0x0000000017809a08       0xa0 common/built-in.o
 .text.do_mmcinfo
                0x0000000017809aa8      0x28c common/built-in.o
 .text.do_mmc_setdsr
                0x0000000017809d34       0x74 common/built-in.o
 .text.cpu_cmd  0x0000000017809da8       0xdc common/built-in.o
 .text.netboot_common
                0x0000000017809e84      0x1b0 common/built-in.o
 .text.do_bootp
                0x000000001780a034        0x8 common/built-in.o
 .text.do_dhcp  0x000000001780a03c        0x8 common/built-in.o
 .text.do_nfs   0x000000001780a044        0x8 common/built-in.o
 .text.do_tftpb
                0x000000001780a04c       0x26 common/built-in.o
                0x000000001780a04c                do_tftpb
 *fill*         0x000000001780a072        0x2 
 .text.do_ping  0x000000001780a074       0x4c common/built-in.o
 .text.do_part_list
                0x000000001780a0c0       0xe4 common/built-in.o
 .text.do_part_start
                0x000000001780a1a4       0x80 common/built-in.o
 .text.do_part_size
                0x000000001780a224       0x80 common/built-in.o
 .text.do_part  0x000000001780a2a4       0xb0 common/built-in.o
 .text.eol_or_eof
                0x000000001780a354       0x12 common/built-in.o
 *fill*         0x000000001780a366        0x2 
 .text.do_pxe   0x000000001780a368       0x44 common/built-in.o
 .text.label_print
                0x000000001780a3ac       0x14 common/built-in.o
 .text.do_get_tftp
                0x000000001780a3c0       0x2c common/built-in.o
 .text.from_env
                0x000000001780a3ec       0x1c common/built-in.o
 .text.get_string
                0x000000001780a408       0x78 common/built-in.o
 .text.label_destroy
                0x000000001780a480       0x3e common/built-in.o
 .text.destroy_pxe_menu
                0x000000001780a4be       0x36 common/built-in.o
 .text.get_token
                0x000000001780a4f4       0xa4 common/built-in.o
 .text.parse_sliteral
                0x000000001780a598       0x34 common/built-in.o
 .text.parse_integer
                0x000000001780a5cc       0x44 common/built-in.o
 .text.do_get_any
                0x000000001780a610       0x2c common/built-in.o
 .text.do_get_fat
                0x000000001780a63c       0x28 common/built-in.o
 .text.do_get_ext2
                0x000000001780a664       0x28 common/built-in.o
 .text.format_mac_pxe.constprop.9
                0x000000001780a68c       0x54 common/built-in.o
 .text.get_relfile
                0x000000001780a6e0       0xcc common/built-in.o
 .text.get_pxe_file
                0x000000001780a7ac       0x3c common/built-in.o
 .text.handle_include
                0x000000001780a7e8       0x68 common/built-in.o
 .text.parse_pxefile_top
                0x000000001780a850      0x320 common/built-in.o
 .text.parse_pxefile
                0x000000001780ab70       0x40 common/built-in.o
 .text.get_pxelinux_path
                0x000000001780abb0       0x54 common/built-in.o
 .text.do_pxe_get
                0x000000001780ac04       0xdc common/built-in.o
 .text.get_relfile_envaddr
                0x000000001780ace0       0x34 common/built-in.o
 .text.label_boot
                0x000000001780ad14      0x3a4 common/built-in.o
 .text.handle_pxe_menu
                0x000000001780b0b8       0xd4 common/built-in.o
 .text.do_pxe_boot
                0x000000001780b18c       0x94 common/built-in.o
 .text.do_sysboot
                0x000000001780b220      0x13c common/built-in.o
 .text.substitute
                0x000000001780b35c       0x98 common/built-in.o
 .text.get_arg  0x000000001780b3f4       0x34 common/built-in.o
 .text.regex_sub
                0x000000001780b428      0x224 common/built-in.o
 .text.do_setexpr
                0x000000001780b64c       0xe8 common/built-in.o
 .text.do_false
                0x000000001780b734        0x4 common/built-in.o
 .text.do_true  0x000000001780b738        0x4 common/built-in.o
 .text.do_test  0x000000001780b73c      0x204 common/built-in.o
 .text.usb_get_class_desc
                0x000000001780b940       0x74 common/built-in.o
 .text.usb_find_device
                0x000000001780b9b4       0x1e common/built-in.o
 *fill*         0x000000001780b9d2        0x2 
 .text.usb_show_tree_graph
                0x000000001780b9d4      0x178 common/built-in.o
 .text.usb_display_class_sub
                0x000000001780bb4c       0xf4 common/built-in.o
 .text.usb_display_string
                0x000000001780bc40       0x2c common/built-in.o
 .text.usb_display_config
                0x000000001780bc6c      0x1a0 common/built-in.o
 .text.do_usbboot
                0x000000001780be0c        0xc common/built-in.o
 .text.usb_display_desc.part.2
                0x000000001780be18       0xd0 common/built-in.o
 .text.do_usb_start
                0x000000001780bee8       0x20 common/built-in.o
 .text.usb_show_tree
                0x000000001780bf08       0x30 common/built-in.o
                0x000000001780bf08                usb_show_tree
 .text.do_usb   0x000000001780bf38      0x4b8 common/built-in.o
 .text.usb_set_maxpacket_ep
                0x000000001780c3f0       0x54 common/built-in.o
 .text.usb_stop
                0x000000001780c444       0x48 common/built-in.o
                0x000000001780c444                usb_stop
 .text.usb_disable_asynch
                0x000000001780c48c       0x14 common/built-in.o
                0x000000001780c48c                usb_disable_asynch
 .text.usb_control_msg
                0x000000001780c4a0       0x80 common/built-in.o
                0x000000001780c4a0                usb_control_msg
 .text.usb_get_descriptor
                0x000000001780c520       0x38 common/built-in.o
 .text.get_descriptor_len
                0x000000001780c558       0x60 common/built-in.o
 .text.usb_get_string
                0x000000001780c5b8       0x4a common/built-in.o
 *fill*         0x000000001780c602        0x2 
 .text.usb_string_sub
                0x000000001780c604       0x94 common/built-in.o
 .text.usb_bulk_msg
                0x000000001780c698       0x50 common/built-in.o
                0x000000001780c698                usb_bulk_msg
 .text.usb_maxpacket
                0x000000001780c6e8       0x1a common/built-in.o
                0x000000001780c6e8                usb_maxpacket
 .text.usb_clear_halt
                0x000000001780c702       0x5c common/built-in.o
                0x000000001780c702                usb_clear_halt
 *fill*         0x000000001780c75e        0x2 
 .text.usb_get_configuration_len
                0x000000001780c760       0x50 common/built-in.o
                0x000000001780c760                usb_get_configuration_len
 .text.usb_get_configuration_no
                0x000000001780c7b0       0x1c common/built-in.o
                0x000000001780c7b0                usb_get_configuration_no
 .text.usb_set_interface
                0x000000001780c7cc       0x74 common/built-in.o
                0x000000001780c7cc                usb_set_interface
 .text.usb_string
                0x000000001780c840       0xa0 common/built-in.o
                0x000000001780c840                usb_string
 .text.usb_get_dev_index
                0x000000001780c8e0       0x18 common/built-in.o
                0x000000001780c8e0                usb_get_dev_index
 .text.usb_alloc_new_device
                0x000000001780c8f8       0x6c common/built-in.o
                0x000000001780c8f8                usb_alloc_new_device
 .text.usb_free_device
                0x000000001780c964       0x30 common/built-in.o
                0x000000001780c964                usb_free_device
 .text.usb_alloc_device
                0x000000001780c994        0x4 common/built-in.o
                0x000000001780c994                usb_alloc_device
 .text.usb_select_config
                0x000000001780c998      0x304 common/built-in.o
                0x000000001780c998                usb_select_config
 .text.usb_setup_device
                0x000000001780cc9c      0x10c common/built-in.o
                0x000000001780cc9c                usb_setup_device
 .text.usb_new_device
                0x000000001780cda8       0x20 common/built-in.o
                0x000000001780cda8                usb_new_device
 .text.usb_init
                0x000000001780cdc8       0xec common/built-in.o
                0x000000001780cdc8                usb_init
 .text.usb_device_has_child_on_port
                0x000000001780ceb4       0x10 common/built-in.o
                0x000000001780ceb4                usb_device_has_child_on_port
 .text.usb_find_usb2_hub_address_port
                0x000000001780cec4       0x38 common/built-in.o
                0x000000001780cec4                usb_find_usb2_hub_address_port
 .text.usb_set_port_feature
                0x000000001780cefc       0x2e common/built-in.o
 .text.usb_clear_port_feature
                0x000000001780cf2a       0x2e common/built-in.o
 .text.usb_get_hub_descriptor
                0x000000001780cf58       0x34 common/built-in.o
 .text.usb_hub_power_on
                0x000000001780cf8c       0x48 common/built-in.o
 .text.usb_hub_reset_devices
                0x000000001780cfd4        0x2 common/built-in.o
                0x000000001780cfd4                usb_hub_reset_devices
 .text.usb_get_port_status
                0x000000001780cfd6       0x32 common/built-in.o
                0x000000001780cfd6                usb_get_port_status
 .text.usb_hub_reset
                0x000000001780d008        0xc common/built-in.o
                0x000000001780d008                usb_hub_reset
 .text.legacy_hub_port_reset
                0x000000001780d014       0x6e common/built-in.o
                0x000000001780d014                legacy_hub_port_reset
 *fill*         0x000000001780d082        0x2 
 .text.usb_hub_port_connect_change
                0x000000001780d084      0x104 common/built-in.o
                0x000000001780d084                usb_hub_port_connect_change
 .text.usb_hub_configure
                0x000000001780d188      0x1e8 common/built-in.o
 .text.usb_hub_probe
                0x000000001780d370       0x3c common/built-in.o
                0x000000001780d370                usb_hub_probe
 .text.usb_stor_irq
                0x000000001780d3ac       0x10 common/built-in.o
 .text.usb_stor_BBB_reset
                0x000000001780d3bc       0x8e common/built-in.o
 .text.usb_stor_CB_reset
                0x000000001780d44a       0x8e common/built-in.o
 .text.usb_stor_BBB_clear_endpt_stall.isra.2
                0x000000001780d4d8       0x2c common/built-in.o
 .text.usb_stor_BBB_transport
                0x000000001780d504      0x19c common/built-in.o
 .text.usb_stor_CB_comdat
                0x000000001780d6a0      0x150 common/built-in.o
 .text.usb_stor_CBI_get_status.isra.4
                0x000000001780d7f0       0x7c common/built-in.o
 .text.usb_stor_CB_transport
                0x000000001780d86c      0x150 common/built-in.o
 .text.usb_request_sense.constprop.10
                0x000000001780d9bc       0x44 common/built-in.o
 .text.usb_stor_write
                0x000000001780da00      0x100 common/built-in.o
                0x000000001780da00                usb_stor_write
 .text.usb_stor_read
                0x000000001780db00      0x100 common/built-in.o
                0x000000001780db00                usb_stor_read
 .text.usb_stor_get_dev
                0x000000001780dc00       0x1c common/built-in.o
                0x000000001780dc00                usb_stor_get_dev
 .text.usb_stor_info
                0x000000001780dc1c       0x4c common/built-in.o
                0x000000001780dc1c                usb_stor_info
 .text.usb_storage_probe
                0x000000001780dc68      0x160 common/built-in.o
                0x000000001780dc68                usb_storage_probe
 .text.usb_stor_get_info
                0x000000001780ddc8      0x210 common/built-in.o
                0x000000001780ddc8                usb_stor_get_info
 .text.usb_stor_scan
                0x000000001780dfd8      0x154 common/built-in.o
                0x000000001780dfd8                usb_stor_scan
 .text.do_imgextract
                0x000000001780e12c      0x1b8 common/built-in.o
 .text.splash_screen_prepare
                0x000000001780e2e4        0x4 common/built-in.o
                0x000000001780e2e4                splash_screen_prepare
 .text.splash_get_pos
                0x000000001780e2e8       0x54 common/built-in.o
                0x000000001780e2e8                splash_get_pos
 .text.menu_display_statusline
                0x000000001780e33c        0x2 common/built-in.o
                0x000000001780e33c                menu_display_statusline
 .text.menu_default_set
                0x000000001780e33e       0x48 common/built-in.o
                0x000000001780e33e                menu_default_set
 *fill*         0x000000001780e386        0x2 
 .text.menu_get_choice
                0x000000001780e388      0x11c common/built-in.o
                0x000000001780e388                menu_get_choice
 .text.menu_item_add
                0x000000001780e4a4       0x88 common/built-in.o
                0x000000001780e4a4                menu_item_add
 .text.menu_create
                0x000000001780e52c       0x54 common/built-in.o
                0x000000001780e52c                menu_create
 .text.menu_destroy
                0x000000001780e580       0x44 common/built-in.o
                0x000000001780e580                menu_destroy
 .text.do_env_delete
                0x000000001780e5c4       0x60 common/built-in.o
 .text.do_env_exists
                0x000000001780e624       0x40 common/built-in.o
 .text.do_env_save
                0x000000001780e664       0x20 common/built-in.o
 .text.do_env   0x000000001780e684       0x3c common/built-in.o
 .text.env_print
                0x000000001780e6c0       0x74 common/built-in.o
 .text.do_env_print
                0x000000001780e734       0x70 common/built-in.o
 .text.do_env_import
                0x000000001780e7a4      0x190 common/built-in.o
 .text.do_env_default
                0x000000001780e934       0x54 common/built-in.o
 .text._do_env_set.isra.1
                0x000000001780e988      0x128 common/built-in.o
 .text.do_env_set
                0x000000001780eab0       0x14 common/built-in.o
 .text.get_env_id
                0x000000001780eac4        0xc common/built-in.o
                0x000000001780eac4                get_env_id
 .text.setenv   0x000000001780ead0       0x3c common/built-in.o
                0x000000001780ead0                setenv
 .text.setenv_ulong
                0x000000001780eb0c       0x16 common/built-in.o
                0x000000001780eb0c                setenv_ulong
 *fill*         0x000000001780eb22        0x2 
 .text.setenv_hex
                0x000000001780eb24       0x20 common/built-in.o
                0x000000001780eb24                setenv_hex
 .text.do_env_export
                0x000000001780eb44      0x180 common/built-in.o
 .text.envmatch
                0x000000001780ecc4       0x3e common/built-in.o
                0x000000001780ecc4                envmatch
 *fill*         0x000000001780ed02        0x2 
 .text.getenv_f
                0x000000001780ed04       0x80 common/built-in.o
                0x000000001780ed04                getenv_f
 .text.getenv   0x000000001780ed84       0x50 common/built-in.o
                0x000000001780ed84                getenv
 .text.getenv_hex
                0x000000001780edd4       0x22 common/built-in.o
                0x000000001780edd4                getenv_hex
 .text.getenv_ulong
                0x000000001780edf6       0x1c common/built-in.o
                0x000000001780edf6                getenv_ulong
 *fill*         0x000000001780ee12        0x2 
 .text.do_env_edit.part.3
                0x000000001780ee14       0x68 common/built-in.o
 .text.do_env_edit
                0x000000001780ee7c       0x1c common/built-in.o
 .text.env_get_char_spec
                0x000000001780ee98        0x8 common/built-in.o
                0x000000001780ee98                env_get_char_spec
 .text.env_get_addr
                0x000000001780eea0       0x18 common/built-in.o
                0x000000001780eea0                env_get_addr
 .text.env_get_char_memory
                0x000000001780eeb8        0xa common/built-in.o
                0x000000001780eeb8                env_get_char_memory
 *fill*         0x000000001780eec2        0x2 
 .text.env_get_char
                0x000000001780eec4       0x20 common/built-in.o
                0x000000001780eec4                env_get_char
 .text.getenv_yesno
                0x000000001780eee4       0x2a common/built-in.o
                0x000000001780eee4                getenv_yesno
 .text.getenv_default
                0x000000001780ef0e       0x2a common/built-in.o
                0x000000001780ef0e                getenv_default
 .text.set_default_env
                0x000000001780ef38       0x80 common/built-in.o
                0x000000001780ef38                set_default_env
 .text.set_default_vars
                0x000000001780efb8       0x28 common/built-in.o
                0x000000001780efb8                set_default_vars
 .text.env_import
                0x000000001780efe0       0x94 common/built-in.o
                0x000000001780efe0                env_import
 .text.env_export
                0x000000001780f074       0x64 common/built-in.o
                0x000000001780f074                env_export
 .text.env_relocate
                0x000000001780f0d8       0x28 common/built-in.o
                0x000000001780f0d8                env_relocate
 .text.env_complete
                0x000000001780f100       0x94 common/built-in.o
                0x000000001780f100                env_complete
 .text.console_setfile
                0x000000001780f194       0x74 common/built-in.o
 .text.serial_printf
                0x000000001780f208       0x2c common/built-in.o
                0x000000001780f208                serial_printf
 .text.puts     0x000000001780f234       0x24 common/built-in.o
                0x000000001780f234                puts
 .text.putc     0x000000001780f258       0x24 common/built-in.o
                0x000000001780f258                putc
 .text.fgetc    0x000000001780f27c       0x18 common/built-in.o
                0x000000001780f27c                fgetc
 .text.getc     0x000000001780f294       0x1a common/built-in.o
                0x000000001780f294                getc
 *fill*         0x000000001780f2ae        0x2 
 .text.ftstc    0x000000001780f2b0       0x18 common/built-in.o
                0x000000001780f2b0                ftstc
 .text.tstc     0x000000001780f2c8       0x1a common/built-in.o
                0x000000001780f2c8                tstc
 *fill*         0x000000001780f2e2        0x2 
 .text.ctrlc    0x000000001780f2e4       0x38 common/built-in.o
                0x000000001780f2e4                ctrlc
 .text.confirm_yesno
                0x000000001780f31c       0x84 common/built-in.o
                0x000000001780f31c                confirm_yesno
 .text.had_ctrlc
                0x000000001780f3a0        0xc common/built-in.o
                0x000000001780f3a0                had_ctrlc
 .text.clear_ctrlc
                0x000000001780f3ac        0xc common/built-in.o
                0x000000001780f3ac                clear_ctrlc
 .text.search_device
                0x000000001780f3b8       0x16 common/built-in.o
                0x000000001780f3b8                search_device
 .text.console_assign
                0x000000001780f3ce       0x2a common/built-in.o
                0x000000001780f3ce                console_assign
 .text.on_console
                0x000000001780f3f8       0x70 common/built-in.o
 .text.console_init_f
                0x000000001780f468        0xa common/built-in.o
                0x000000001780f468                console_init_f
 *fill*         0x000000001780f472        0x2 
 .text.stdio_print_current_devices
                0x000000001780f474       0x78 common/built-in.o
                0x000000001780f474                stdio_print_current_devices
 .text.console_init_r
                0x000000001780f4ec      0x100 common/built-in.o
                0x000000001780f4ec                console_init_r
 .text.sbrk     0x000000001780f5ec       0x44 common/built-in.o
                0x000000001780f5ec                sbrk
 .text.mem_malloc_init
                0x000000001780f630       0x28 common/built-in.o
                0x000000001780f630                mem_malloc_init
 .text.malloc_trim
                0x000000001780f658       0x80 common/built-in.o
                0x000000001780f658                malloc_trim
 .text.free     0x000000001780f6d8      0x160 common/built-in.o
                0x000000001780f6d8                free
 .text.malloc   0x000000001780f838      0x414 common/built-in.o
                0x000000001780f838                malloc
 .text.calloc   0x000000001780fc4c       0xbc common/built-in.o
                0x000000001780fc4c                calloc
 .text.realloc  0x000000001780fd08      0x2e4 common/built-in.o
                0x000000001780fd08                realloc
 .text.memalign
                0x000000001780ffec       0xbe common/built-in.o
                0x000000001780ffec                memalign
 .text.initf_malloc
                0x00000000178100aa       0x14 common/built-in.o
                0x00000000178100aa                initf_malloc
 .text.malloc_simple
                0x00000000178100be       0x28 common/built-in.o
                0x00000000178100be                malloc_simple
 *fill*         0x00000000178100e6        0x2 
 .text.on_loadaddr
                0x00000000178100e8       0x20 common/built-in.o
 .text.image_check_hcrc
                0x0000000017810108       0x2a common/built-in.o
                0x0000000017810108                image_check_hcrc
 .text.image_check_dcrc
                0x0000000017810132       0x22 common/built-in.o
                0x0000000017810132                image_check_dcrc
 .text.image_multi_count
                0x0000000017810154       0x12 common/built-in.o
                0x0000000017810154                image_multi_count
 .text.image_multi_getimg
                0x0000000017810166       0x4e common/built-in.o
                0x0000000017810166                image_multi_getimg
 .text.getenv_bootm_low
                0x00000000178101b4       0x20 common/built-in.o
                0x00000000178101b4                getenv_bootm_low
 .text.getenv_bootm_size
                0x00000000178101d4       0x3c common/built-in.o
                0x00000000178101d4                getenv_bootm_size
 .text.getenv_bootm_mapsize
                0x0000000017810210       0x20 common/built-in.o
                0x0000000017810210                getenv_bootm_mapsize
 .text.memmove_wd
                0x0000000017810230        0xa common/built-in.o
                0x0000000017810230                memmove_wd
 *fill*         0x000000001781023a        0x2 
 .text.genimg_print_size
                0x000000001781023c       0x24 common/built-in.o
                0x000000001781023c                genimg_print_size
 .text.get_table_entry
                0x0000000017810260       0x12 common/built-in.o
                0x0000000017810260                get_table_entry
 .text.get_table_entry_name
                0x0000000017810272       0x14 common/built-in.o
                0x0000000017810272                get_table_entry_name
 *fill*         0x0000000017810286        0x2 
 .text.genimg_get_os_name
                0x0000000017810288       0x14 common/built-in.o
                0x0000000017810288                genimg_get_os_name
 .text.genimg_get_arch_name
                0x000000001781029c       0x14 common/built-in.o
                0x000000001781029c                genimg_get_arch_name
 .text.genimg_get_type_name
                0x00000000178102b0       0x14 common/built-in.o
                0x00000000178102b0                genimg_get_type_name
 .text.genimg_get_comp_name
                0x00000000178102c4       0x14 common/built-in.o
                0x00000000178102c4                genimg_get_comp_name
 .text.image_print_contents
                0x00000000178102d8       0xec common/built-in.o
                0x00000000178102d8                image_print_contents
 .text.genimg_get_kernel_addr_fit
                0x00000000178103c4       0x14 common/built-in.o
                0x00000000178103c4                genimg_get_kernel_addr_fit
 .text.genimg_get_kernel_addr
                0x00000000178103d8       0x16 common/built-in.o
                0x00000000178103d8                genimg_get_kernel_addr
 *fill*         0x00000000178103ee        0x2 
 .text.genimg_get_format
                0x00000000178103f0       0x20 common/built-in.o
                0x00000000178103f0                genimg_get_format
 .text.genimg_get_image
                0x0000000017810410        0x2 common/built-in.o
                0x0000000017810410                genimg_get_image
 .text.genimg_has_config
                0x0000000017810412        0x4 common/built-in.o
                0x0000000017810412                genimg_has_config
 *fill*         0x0000000017810416        0x2 
 .text.boot_get_ramdisk
                0x0000000017810418      0x19c common/built-in.o
                0x0000000017810418                boot_get_ramdisk
 .text.boot_ramdisk_high
                0x00000000178105b4       0xc8 common/built-in.o
                0x00000000178105b4                boot_ramdisk_high
 .text.boot_get_setup
                0x000000001781067c        0x6 common/built-in.o
                0x000000001781067c                boot_get_setup
 .text.image_setup_linux
                0x0000000017810682       0x52 common/built-in.o
                0x0000000017810682                image_setup_linux
 .text.fdt_error
                0x00000000178106d4       0x24 common/built-in.o
 .text.boot_fdt_add_mem_rsv_regions
                0x00000000178106f8       0x54 common/built-in.o
                0x00000000178106f8                boot_fdt_add_mem_rsv_regions
 .text.boot_relocate_fdt
                0x000000001781074c      0x108 common/built-in.o
                0x000000001781074c                boot_relocate_fdt
 .text.boot_get_fdt
                0x0000000017810854      0x1ac common/built-in.o
                0x0000000017810854                boot_get_fdt
 .text.ft_verify_fdt
                0x0000000017810a00        0x4 common/built-in.o
                0x0000000017810a00                ft_verify_fdt
 .text.image_setup_libfdt
                0x0000000017810a04       0xa4 common/built-in.o
                0x0000000017810a04                image_setup_libfdt
 .text.get_effective_memsize
                0x0000000017810aa8        0x6 common/built-in.o
                0x0000000017810aa8                get_effective_memsize
 .text.nulldev_putc
                0x0000000017810aae        0x2 common/built-in.o
 .text.nulldev_puts
                0x0000000017810ab0        0x2 common/built-in.o
 .text.nulldev_input
                0x0000000017810ab2        0x4 common/built-in.o
 .text.stdio_serial_tstc
                0x0000000017810ab6        0x4 common/built-in.o
 .text.stdio_serial_getc
                0x0000000017810aba        0x4 common/built-in.o
 .text.stdio_serial_puts
                0x0000000017810abe        0x6 common/built-in.o
 .text.stdio_serial_putc
                0x0000000017810ac4        0x6 common/built-in.o
 *fill*         0x0000000017810aca        0x2 
 .text.stdio_get_list
                0x0000000017810acc        0x8 common/built-in.o
                0x0000000017810acc                stdio_get_list
 .text.stdio_get_by_name
                0x0000000017810ad4       0x34 common/built-in.o
                0x0000000017810ad4                stdio_get_by_name
 .text.stdio_clone
                0x0000000017810b08       0x22 common/built-in.o
                0x0000000017810b08                stdio_clone
 *fill*         0x0000000017810b2a        0x2 
 .text.stdio_register_dev
                0x0000000017810b2c       0x30 common/built-in.o
                0x0000000017810b2c                stdio_register_dev
 .text.stdio_register
                0x0000000017810b5c        0x6 common/built-in.o
                0x0000000017810b5c                stdio_register
 *fill*         0x0000000017810b62        0x2 
 .text.stdio_init_tables
                0x0000000017810b64       0x14 common/built-in.o
                0x0000000017810b64                stdio_init_tables
 .text.stdio_add_devices
                0x0000000017810b78       0x90 common/built-in.o
                0x0000000017810b78                stdio_add_devices
 .text.cli_simple_process_macros
                0x0000000017810c08      0x11a common/built-in.o
                0x0000000017810c08                cli_simple_process_macros
 .text.run_command
                0x0000000017810d22        0xe common/built-in.o
                0x0000000017810d22                run_command
 .text.run_command_list
                0x0000000017810d30       0x46 common/built-in.o
                0x0000000017810d30                run_command_list
 *fill*         0x0000000017810d76        0x2 
 .text.do_run   0x0000000017810d78       0x4c common/built-in.o
                0x0000000017810d78                do_run
 .text.cli_loop
                0x0000000017810dc4        0x8 common/built-in.o
                0x0000000017810dc4                cli_loop
 .text.cli_init
                0x0000000017810dcc        0x4 common/built-in.o
                0x0000000017810dcc                cli_init
 .text.delete_char.part.0
                0x0000000017810dd0       0x7c common/built-in.o
 .text.cread_add_char
                0x0000000017810e4c       0x80 common/built-in.o
 .text.cli_readline_into_buffer
                0x0000000017810ecc      0x610 common/built-in.o
                0x0000000017810ecc                cli_readline_into_buffer
 .text.cli_readline
                0x00000000178114dc       0x10 common/built-in.o
                0x00000000178114dc                cli_readline
 .text.find_cmd_tbl
                0x00000000178114ec       0x64 common/built-in.o
                0x00000000178114ec                find_cmd_tbl
 .text.find_cmd
                0x0000000017811550       0x1c common/built-in.o
                0x0000000017811550                find_cmd
 .text.cmd_usage
                0x000000001781156c       0x3c common/built-in.o
                0x000000001781156c                cmd_usage
 .text._do_help
                0x00000000178115a8      0x104 common/built-in.o
                0x00000000178115a8                _do_help
 .text.var_complete
                0x00000000178116ac       0x40 common/built-in.o
                0x00000000178116ac                var_complete
 .text.cmd_auto_complete
                0x00000000178116ec      0x300 common/built-in.o
                0x00000000178116ec                cmd_auto_complete
 .text.cmd_get_data_size
                0x00000000178119ec       0x38 common/built-in.o
                0x00000000178119ec                cmd_get_data_size
 .text.cmd_process
                0x0000000017811a24       0x98 common/built-in.o
                0x0000000017811a24                cmd_process
 .text.cmd_process_error
                0x0000000017811abc       0x1c common/built-in.o
                0x0000000017811abc                cmd_process_error
 .text.hex1_bin
                0x0000000017811ad8       0x2a common/built-in.o
 .text.hex2_bin
                0x0000000017811b02       0x24 common/built-in.o
 .text.srec_decode
                0x0000000017811b26      0x184 common/built-in.o
                0x0000000017811b26                srec_decode
 *fill*         0x0000000017811caa        0x2 
 .text.CYGACC_COMM_IF_GETC_TIMEOUT.isra.0
                0x0000000017811cac       0x2c common/built-in.o
 .text.xyzModem_flush
                0x0000000017811cd8       0x14 common/built-in.o
 .text.xyzModem_get_hdr
                0x0000000017811cec      0x174 common/built-in.o
 .text.xyzModem_stream_open
                0x0000000017811e60      0x178 common/built-in.o
                0x0000000017811e60                xyzModem_stream_open
 .text.xyzModem_stream_read
                0x0000000017811fd8      0x1c4 common/built-in.o
                0x0000000017811fd8                xyzModem_stream_read
 .text.xyzModem_stream_close
                0x000000001781219c       0x40 common/built-in.o
                0x000000001781219c                xyzModem_stream_close
 .text.xyzModem_stream_terminate
                0x00000000178121dc       0x68 common/built-in.o
                0x00000000178121dc                xyzModem_stream_terminate
 .text.xyzModem_error
                0x0000000017812244       0x18 common/built-in.o
                0x0000000017812244                xyzModem_error
 .text.common_diskboot
                0x000000001781225c      0x180 common/built-in.o
                0x000000001781225c                common_diskboot
 .text.get_dev_hwpart
                0x00000000178123dc       0x64 disk/built-in.o
 .text.print_part_header
                0x0000000017812440       0x84 disk/built-in.o
 .text.dev_print
                0x00000000178124c4      0x150 disk/built-in.o
                0x00000000178124c4                dev_print
 .text.init_part
                0x0000000017812614       0x20 disk/built-in.o
                0x0000000017812614                init_part
 .text.print_part
                0x0000000017812634       0x48 disk/built-in.o
                0x0000000017812634                print_part
 .text.get_partition_info
                0x000000001781267c       0x2c disk/built-in.o
                0x000000001781267c                get_partition_info
 .text.get_device
                0x00000000178126a8       0xa4 disk/built-in.o
                0x00000000178126a8                get_device
 .text.get_device_and_partition
                0x000000001781274c      0x260 disk/built-in.o
                0x000000001781274c                get_device_and_partition
 .text.test_block_type
                0x00000000178129ac       0x50 disk/built-in.o
 .text.print_partition_extended
                0x00000000178129fc      0x1b8 disk/built-in.o
 .text.get_partition_info_extended
                0x0000000017812bb4      0x244 disk/built-in.o
 .text.test_part_dos
                0x0000000017812df8       0x42 disk/built-in.o
                0x0000000017812df8                test_part_dos
 *fill*         0x0000000017812e3a        0x2 
 .text.print_part_dos
                0x0000000017812e3c       0x20 disk/built-in.o
                0x0000000017812e3c                print_part_dos
 .text.get_partition_info_dos
                0x0000000017812e5c       0x18 disk/built-in.o
                0x0000000017812e5c                get_partition_info_dos
 .text.print_efiname
                0x0000000017812e74       0x34 disk/built-in.o
 .text.validate_gpt_entries
                0x0000000017812ea8       0x80 disk/built-in.o
 .text.validate_gpt_header
                0x0000000017812f28      0x1a8 disk/built-in.o
 .text.is_gpt_valid
                0x00000000178130d0      0x13c disk/built-in.o
 .text.is_pte_valid
                0x000000001781320c       0x38 disk/built-in.o
 .text.print_part_efi
                0x0000000017813244      0x1fc disk/built-in.o
                0x0000000017813244                print_part_efi
 .text.get_partition_info_efi
                0x0000000017813440      0x174 disk/built-in.o
                0x0000000017813440                get_partition_info_efi
 .text.test_part_efi
                0x00000000178135b4       0x88 disk/built-in.o
                0x00000000178135b4                test_part_efi
 .text.alloc_priv
                0x000000001781363c       0x2e drivers/built-in.o
 *fill*         0x000000001781366a        0x2 
 .text.device_bind
                0x000000001781366c      0x1c0 drivers/built-in.o
                0x000000001781366c                device_bind
 .text.device_bind_by_name
                0x000000001781382c       0x3e drivers/built-in.o
                0x000000001781382c                device_bind_by_name
 .text.device_probe
                0x000000001781386a        0x6 drivers/built-in.o
                0x000000001781386a                device_probe
 .text.device_probe_child
                0x0000000017813870      0x144 drivers/built-in.o
                0x0000000017813870                device_probe_child
 .text.lists_driver_lookup_name
                0x00000000178139b4       0x30 drivers/built-in.o
                0x00000000178139b4                lists_driver_lookup_name
 .text.lists_uclass_lookup
                0x00000000178139e4       0x2c drivers/built-in.o
                0x00000000178139e4                lists_uclass_lookup
 .text.lists_bind_drivers
                0x0000000017813a10       0x5c drivers/built-in.o
                0x0000000017813a10                lists_bind_drivers
 .text.dm_root  0x0000000017813a6c       0x1c drivers/built-in.o
                0x0000000017813a6c                dm_root
 .text.dm_init  0x0000000017813a88       0x44 drivers/built-in.o
                0x0000000017813a88                dm_init
 .text.dm_scan_platdata
                0x0000000017813acc       0x20 drivers/built-in.o
                0x0000000017813acc                dm_scan_platdata
 .text.dm_scan_other
                0x0000000017813aec        0x4 drivers/built-in.o
                0x0000000017813aec                dm_scan_other
 .text.dm_init_and_scan
                0x0000000017813af0       0x1e drivers/built-in.o
                0x0000000017813af0                dm_init_and_scan
 .text.uclass_find
                0x0000000017813b0e       0x30 drivers/built-in.o
                0x0000000017813b0e                uclass_find
 .text.uclass_get
                0x0000000017813b3e       0xaa drivers/built-in.o
                0x0000000017813b3e                uclass_get
 .text.uclass_find_device_by_seq
                0x0000000017813be8       0x4c drivers/built-in.o
                0x0000000017813be8                uclass_find_device_by_seq
 .text.uclass_bind_device
                0x0000000017813c34       0x4e drivers/built-in.o
                0x0000000017813c34                uclass_bind_device
 .text.uclass_unbind_device
                0x0000000017813c82       0x24 drivers/built-in.o
                0x0000000017813c82                uclass_unbind_device
 *fill*         0x0000000017813ca6        0x2 
 .text.uclass_resolve_seq
                0x0000000017813ca8       0x64 drivers/built-in.o
                0x0000000017813ca8                uclass_resolve_seq
 .text.uclass_pre_probe_device
                0x0000000017813d0c       0x2e drivers/built-in.o
                0x0000000017813d0c                uclass_pre_probe_device
 .text.uclass_post_probe_device
                0x0000000017813d3a        0xe drivers/built-in.o
                0x0000000017813d3a                uclass_post_probe_device
 .text.uclass_pre_remove_device
                0x0000000017813d48        0xe drivers/built-in.o
                0x0000000017813d48                uclass_pre_remove_device
 .text.dm_warn  0x0000000017813d56       0x1a drivers/built-in.o
                0x0000000017813d56                dm_warn
 .text.device_free
                0x0000000017813d70       0x44 drivers/built-in.o
                0x0000000017813d70                device_free
 .text.device_remove
                0x0000000017813db4       0xc0 drivers/built-in.o
                0x0000000017813db4                device_remove
 .text.show_devices
                0x0000000017813e74       0xa8 drivers/built-in.o
 .text.dm_dump_all
                0x0000000017813f1c       0x30 drivers/built-in.o
                0x0000000017813f1c                dm_dump_all
 .text.dm_dump_uclass
                0x0000000017813f4c       0x8c drivers/built-in.o
                0x0000000017813f4c                dm_dump_uclass
 .text.finish_access
                0x0000000017813fd8       0x20 drivers/built-in.o
 .text.prepare_access
                0x0000000017813ff8       0x4c drivers/built-in.o
 .text.set_timing
                0x0000000017814044       0x80 drivers/built-in.o
 .text.fuse_bank_physical
                0x00000000178140c4       0x3e drivers/built-in.o
                0x00000000178140c4                fuse_bank_physical
 *fill*         0x0000000017814102        0x2 
 .text.fuse_read
                0x0000000017814104       0x48 drivers/built-in.o
                0x0000000017814104                fuse_read
 .text.fuse_sense
                0x000000001781414c       0x68 drivers/built-in.o
                0x000000001781414c                fuse_sense
 .text.fuse_prog
                0x00000000178141b4       0x68 drivers/built-in.o
                0x00000000178141b4                fuse_prog
 .text.fuse_override
                0x000000001781421c       0x44 drivers/built-in.o
                0x000000001781421c                fuse_override
 .text.video_drawchars
                0x0000000017814260      0x308 drivers/built-in.o
 .text.draw_bitmap
                0x0000000017814568       0x78 drivers/built-in.o
 .text.console_newline.constprop.1
                0x00000000178145e0       0x90 drivers/built-in.o
 .text.video_putc
                0x0000000017814670       0xe4 drivers/built-in.o
 .text.video_puts
                0x0000000017814754       0x50 drivers/built-in.o
 .text.board_cfb_skip
                0x00000000178147a4        0x4 drivers/built-in.o
                0x00000000178147a4                board_cfb_skip
 .text.video_set_lut
                0x00000000178147a8        0x2 drivers/built-in.o
                0x00000000178147a8                video_set_lut
 *fill*         0x00000000178147aa        0x2 
 .text.display_rle8_bitmap
                0x00000000178147ac      0x260 drivers/built-in.o
 .text.plot_logo_or_black
                0x0000000017814a0c      0x1b8 drivers/built-in.o
 .text.do_clrlogo
                0x0000000017814bc4       0x30 drivers/built-in.o
 .text.video_display_bitmap
                0x0000000017814bf4      0x6a8 drivers/built-in.o
                0x0000000017814bf4                video_display_bitmap
 .text.video_clear
                0x000000001781529c       0x34 drivers/built-in.o
                0x000000001781529c                video_clear
 .text.drv_video_init
                0x00000000178152d0      0x274 drivers/built-in.o
                0x00000000178152d0                drv_video_init
 .text.mxcfb_map_video_memory
                0x0000000017815544       0x68 drivers/built-in.o
 .text.ipuv3_fb_shutdown
                0x00000000178155ac       0x40 drivers/built-in.o
                0x00000000178155ac                ipuv3_fb_shutdown
 .text.video_hw_init
                0x00000000178155ec      0x444 drivers/built-in.o
                0x00000000178155ec                video_hw_init
 .text.ipuv3_fb_init
                0x0000000017815a30       0x1c drivers/built-in.o
                0x0000000017815a30                ipuv3_fb_init
 .text.clk_ipu_enable
                0x0000000017815a4c       0x12 drivers/built-in.o
 .text.clk_ipu_disable
                0x0000000017815a5e       0x12 drivers/built-in.o
 .text.ipu_pixel_clk_recalc
                0x0000000017815a70       0x2c drivers/built-in.o
 .text.ipu_pixel_clk_round_rate
                0x0000000017815a9c       0x54 drivers/built-in.o
 .text.ipu_pixel_clk_set_rate
                0x0000000017815af0       0x44 drivers/built-in.o
 .text.ipu_pixel_clk_enable
                0x0000000017815b34       0x20 drivers/built-in.o
 .text.ipu_pixel_clk_disable
                0x0000000017815b54       0x1c drivers/built-in.o
 .text.ipu_pixel_clk_set_parent
                0x0000000017815b70       0x60 drivers/built-in.o
 .text.clk_enable
                0x0000000017815bd0       0x10 drivers/built-in.o
                0x0000000017815bd0                clk_enable
 .text.clk_disable
                0x0000000017815be0       0x14 drivers/built-in.o
                0x0000000017815be0                clk_disable
 .text.clk_get_usecount
                0x0000000017815bf4        0x8 drivers/built-in.o
                0x0000000017815bf4                clk_get_usecount
 .text.clk_get_rate
                0x0000000017815bfc        0x6 drivers/built-in.o
                0x0000000017815bfc                clk_get_rate
 .text.clk_get_parent
                0x0000000017815c02        0x6 drivers/built-in.o
                0x0000000017815c02                clk_get_parent
 .text.clk_set_rate
                0x0000000017815c08       0x10 drivers/built-in.o
                0x0000000017815c08                clk_set_rate
 .text.clk_round_rate
                0x0000000017815c18        0xc drivers/built-in.o
                0x0000000017815c18                clk_round_rate
 .text.clk_set_parent