Archive member included to satisfy reference by file (symbol)

/usr/lib/gcc/arm-none-eabi/4.9.3/armv7-ar/thumb/libgcc.a(_udivsi3.o)
                              arch/arm/cpu/armv7/built-in.o (__aeabi_uidiv)
/usr/lib/gcc/arm-none-eabi/4.9.3/armv7-ar/thumb/libgcc.a(_divsi3.o)
                              common/built-in.o (__aeabi_idiv)
/usr/lib/gcc/arm-none-eabi/4.9.3/armv7-ar/thumb/libgcc.a(_dvmd_tls.o)
                              /usr/lib/gcc/arm-none-eabi/4.9.3/armv7-ar/thumb/libgcc.a(_udivsi3.o) (__aeabi_idiv0)
/usr/lib/gcc/arm-none-eabi/4.9.3/armv7-ar/thumb/libgcc.a(_lshrdi3.o)
                              fs/built-in.o (__aeabi_llsr)
/usr/lib/gcc/arm-none-eabi/4.9.3/armv7-ar/thumb/libgcc.a(_ashldi3.o)
                              drivers/mmc/built-in.o (__aeabi_llsl)

Discarded input sections

 .data          0x0000000000000000        0x0 arch/arm/cpu/armv7/start.o
 .bss           0x0000000000000000        0x0 arch/arm/cpu/armv7/start.o
 .text.v7_outer_cache_enable
                0x0000000000000000        0x2 arch/arm/cpu/armv7/built-in.o
 .text.v7_outer_cache_disable
                0x0000000000000000        0x2 arch/arm/cpu/armv7/built-in.o
 .text.v7_outer_cache_flush_all
                0x0000000000000000        0x2 arch/arm/cpu/armv7/built-in.o
 .text.v7_outer_cache_inval_all
                0x0000000000000000        0x2 arch/arm/cpu/armv7/built-in.o
 .text.v7_outer_cache_flush_range
                0x0000000000000000        0x2 arch/arm/cpu/armv7/built-in.o
 .text.v7_outer_cache_inval_range
                0x0000000000000000        0x2 arch/arm/cpu/armv7/built-in.o
 .text.v7_arch_cp15_set_l2aux_ctrl
                0x0000000000000000        0x6 arch/arm/cpu/armv7/built-in.o
 .text.v7_arch_cp15_set_acr
                0x0000000000000000        0x6 arch/arm/cpu/armv7/built-in.o
 .text.sdelay   0x0000000000000000        0x6 arch/arm/cpu/armv7/built-in.o
 .text.wait_on_value
                0x0000000000000000       0x1a arch/arm/cpu/armv7/built-in.o
 .text.get_cpu_speed_grade_hz
                0x0000000000000000       0x78 arch/arm/cpu/armv7/built-in.o
 .text.get_cpu_temp_grade
                0x0000000000000000       0x44 arch/arm/cpu/armv7/built-in.o
 .text.enable_enet_clk
                0x0000000000000000       0x34 arch/arm/cpu/armv7/built-in.o
 .text.enable_uart_clk
                0x0000000000000000       0x38 arch/arm/cpu/armv7/built-in.o
 .text.enable_usdhc_clk
                0x0000000000000000       0x34 arch/arm/cpu/armv7/built-in.o
 .text.enable_spi_clk
                0x0000000000000000       0x2c arch/arm/cpu/armv7/built-in.o
 .text.enable_fec_anatop_clock
                0x0000000000000000       0x98 arch/arm/cpu/armv7/built-in.o
 .text.enable_thermal_clk
                0x0000000000000000       0x30 arch/arm/cpu/armv7/built-in.o
 .data          0x0000000000000000        0x0 arch/arm/cpu/armv7/built-in.o
 .bss           0x0000000000000000        0x0 arch/arm/cpu/armv7/built-in.o
 .text          0x0000000000000000        0x0 arch/arm/imx-common/built-in.o
 .text.imx_iomux_set_gpr_register
                0x0000000000000000       0x2a arch/arm/imx-common/built-in.o
 .text.get_imx_reset_cause
                0x0000000000000000        0xc arch/arm/imx-common/built-in.o
 .text.set_chipselect_size
                0x0000000000000000       0x5c arch/arm/imx-common/built-in.o
 .text.mxs_wait_mask_set
                0x0000000000000000       0x24 arch/arm/imx-common/built-in.o
 .text.mxs_wait_mask_clr
                0x0000000000000000       0x22 arch/arm/imx-common/built-in.o
 .text.mxs_reset_block
                0x0000000000000000       0x58 arch/arm/imx-common/built-in.o
 .data          0x0000000000000000        0x0 arch/arm/imx-common/built-in.o
 .bss           0x0000000000000000        0x0 arch/arm/imx-common/built-in.o
 .text.reset_misc
                0x0000000000000000        0x2 arch/arm/lib/built-in.o
 .text.enable_caches
                0x0000000000000000        0xc arch/arm/lib/built-in.o
 .text.invalidate_dcache_range
                0x0000000000000000        0x2 arch/arm/lib/built-in.o
 .text.flush_dcache_range
                0x0000000000000000        0x2 arch/arm/lib/built-in.o
 .text.flush_dcache_all
                0x0000000000000000        0xa arch/arm/lib/built-in.o
 .text.invalidate_l2_cache
                0x0000000000000000        0x8 arch/arm/lib/built-in.o
 .text.arm_init_before_mmu
                0x0000000000000000        0x2 arch/arm/lib/built-in.o
 .text.mmu_page_table_flush
                0x0000000000000000        0x2 arch/arm/lib/built-in.o
 .rodata.pl310  0x0000000000000000        0x4 arch/arm/lib/built-in.o
 .data          0x0000000000000000        0x0 arch/arm/lib/built-in.o
 .__secure_start
                0x0000000000000000        0x0 arch/arm/lib/built-in.o
 .__secure_end  0x0000000000000000        0x0 arch/arm/lib/built-in.o
 .bss           0x0000000000000000        0x0 arch/arm/lib/built-in.o
[...]
Memory Configuration

Name             Origin             Length             Attributes
*default*        0x0000000000000000 0xffffffffffffffff

Linker script and memory map

Address of section .text set to 0x17800000

/DISCARD/
 *(.rel._secure*)
                0x0000000000000000                . = 0x0
                0x0000000000000000                . = ALIGN (0x4)

.text           0x0000000017800000    0x2985c
 *(.__image_copy_start)
 .__image_copy_start
                0x0000000017800000        0x0 arch/arm/lib/built-in.o
                0x0000000017800000                __image_copy_start
 *(.vectors)
 .vectors       0x0000000017800000      0x2e8 arch/arm/lib/built-in.o
                0x0000000017800000                _start
                0x0000000017800020                _undefined_instruction
                0x0000000017800024                _software_interrupt
                0x0000000017800028                _prefetch_abort
                0x000000001780002c                _data_abort
                0x0000000017800030                _not_used
                0x0000000017800034                _irq
                0x0000000017800038                _fiq
                0x0000000017800040                IRQ_STACK_START_IN
 arch/arm/cpu/armv7/start.o(.text*)
 .text          0x00000000178002e8       0xe0 arch/arm/cpu/armv7/start.o
                0x00000000178002e8                reset
                0x00000000178002ec                save_boot_params_ret
                0x0000000017800328                c_runtime_cpu_setup
                0x0000000017800338                save_boot_params
                0x000000001780033c                cpu_init_cp15
                0x00000000178003c0                cpu_init_crit
 *(.text*)
 .text          0x00000000178003c8       0x24 arch/arm/cpu/armv7/built-in.o
                0x00000000178003c8                lowlevel_init
 .text.v7_maint_dcache_all
                0x00000000178003ec       0xae arch/arm/cpu/armv7/built-in.o
 .text.invalidate_icache_all
                0x000000001780049a       0x14 arch/arm/cpu/armv7/built-in.o
                0x000000001780049a                invalidate_icache_all
 .text.flush_dcache_all
                0x00000000178004ae       0x10 arch/arm/cpu/armv7/built-in.o
                0x00000000178004ae                flush_dcache_all
 .text.invalidate_dcache_all
                0x00000000178004be       0x10 arch/arm/cpu/armv7/built-in.o
                0x00000000178004be                invalidate_dcache_all
 .text.arm_init_before_mmu
                0x00000000178004ce       0x22 arch/arm/cpu/armv7/built-in.o
                0x00000000178004ce                arm_init_before_mmu
 .text.flush_dcache_range
                0x00000000178004f0       0x26 arch/arm/cpu/armv7/built-in.o
                0x00000000178004f0                flush_dcache_range
 .text.mmu_page_table_flush
                0x0000000017800516       0x1e arch/arm/cpu/armv7/built-in.o
                0x0000000017800516                mmu_page_table_flush
 .text.invalidate_dcache_range
                0x0000000017800534       0x78 arch/arm/cpu/armv7/built-in.o
                0x0000000017800534                invalidate_dcache_range
 .text.cpu_cache_initialization
                0x00000000178005ac        0x2 arch/arm/cpu/armv7/built-in.o
                0x00000000178005ac                cpu_cache_initialization
 .text.cleanup_before_linux_select
                0x00000000178005ae       0x3e arch/arm/cpu/armv7/built-in.o
                0x00000000178005ae                cleanup_before_linux_select
 .text.cleanup_before_linux
                0x00000000178005ec        0x6 arch/arm/cpu/armv7/built-in.o
                0x00000000178005ec                cleanup_before_linux
 .text.get_nr_cpus
                0x00000000178005f2        0xc arch/arm/cpu/armv7/built-in.o
                0x00000000178005f2                get_nr_cpus
 *fill*         0x00000000178005fe        0x2 
 .text.get_cpu_rev
                0x0000000017800600       0x68 arch/arm/cpu/armv7/built-in.o
                0x0000000017800600                get_cpu_rev
 .text.get_board_rev
                0x0000000017800668       0x26 arch/arm/cpu/armv7/built-in.o
                0x0000000017800668                get_board_rev
 *fill*         0x000000001780068e        0x2 
 .text.arch_cpu_init
                0x0000000017800690       0x68 arch/arm/cpu/armv7/built-in.o
                0x0000000017800690                arch_cpu_init
 .text.board_postclk_init
                0x00000000178006f8       0x40 arch/arm/cpu/armv7/built-in.o
                0x00000000178006f8                board_postclk_init
 .text.imx_get_mac_from_fuse
                0x0000000017800738       0x24 arch/arm/cpu/armv7/built-in.o
                0x0000000017800738                imx_get_mac_from_fuse
 .text.reset_misc
                0x000000001780075c        0x2 arch/arm/cpu/armv7/built-in.o
                0x000000001780075c                reset_misc
 *fill*         0x000000001780075e        0x2 
 .text.s_init   0x0000000017800760       0x8c arch/arm/cpu/armv7/built-in.o
                0x0000000017800760                s_init
 .text.imx_enable_hdmi_phy
                0x00000000178007ec       0x3c arch/arm/cpu/armv7/built-in.o
                0x00000000178007ec                imx_enable_hdmi_phy
 .text.imx_setup_hdmi
                0x0000000017800828       0x2c arch/arm/cpu/armv7/built-in.o
                0x0000000017800828                imx_setup_hdmi
 .text.get_ipg_clk
                0x0000000017800854       0x1c arch/arm/cpu/armv7/built-in.o
 .text.get_uart_clk
                0x0000000017800870       0x84 arch/arm/cpu/armv7/built-in.o
 .text.mxc_get_pll_pfd
                0x00000000178008f4       0x7c arch/arm/cpu/armv7/built-in.o
 .text.get_usdhc_clk
                0x0000000017800970       0x5c arch/arm/cpu/armv7/built-in.o
 .text.enable_ocotp_clk
                0x00000000178009cc       0x1c arch/arm/cpu/armv7/built-in.o
                0x00000000178009cc                enable_ocotp_clk
 .text.enable_usboh3_clk
                0x00000000178009e8       0x20 arch/arm/cpu/armv7/built-in.o
                0x00000000178009e8                enable_usboh3_clk
 .text.enable_i2c_clk
                0x0000000017800a08       0x6c arch/arm/cpu/armv7/built-in.o
                0x0000000017800a08                enable_i2c_clk
 .text.get_periph_clk
                0x0000000017800a74       0x88 arch/arm/cpu/armv7/built-in.o
                0x0000000017800a74                get_periph_clk
 .text.get_axi_clk
                0x0000000017800afc       0x34 arch/arm/cpu/armv7/built-in.o
 .text.imx_get_uartclk
                0x0000000017800b30        0x4 arch/arm/cpu/armv7/built-in.o
                0x0000000017800b30                imx_get_uartclk
 .text.mxc_get_clock
                0x0000000017800b34      0x290 arch/arm/cpu/armv7/built-in.o
                0x0000000017800b34                mxc_get_clock
 .text.imx_get_fecclk
                0x0000000017800dc4        0x6 arch/arm/cpu/armv7/built-in.o
                0x0000000017800dc4                imx_get_fecclk
 *fill*         0x0000000017800dca        0x2 
 .text.do_mx6_showclocks
                0x0000000017800dcc      0x1a8 arch/arm/cpu/armv7/built-in.o
                0x0000000017800dcc                do_mx6_showclocks
 .text.enable_ipu_clock
                0x0000000017800f74       0x40 arch/arm/cpu/armv7/built-in.o
                0x0000000017800f74                enable_ipu_clock
 .text.cpu_reset
                0x0000000017800fb4       0x1c arch/arm/cpu/armv7/built-in.o
                0x0000000017800fb4                cpu_reset
 .text.cpu_status
                0x0000000017800fd0       0x2c arch/arm/cpu/armv7/built-in.o
                0x0000000017800fd0                cpu_status
 .text.cpu_release
                0x0000000017800ffc       0x68 arch/arm/cpu/armv7/built-in.o
                0x0000000017800ffc                cpu_release
 .text.is_core_valid
                0x0000000017801064       0x12 arch/arm/cpu/armv7/built-in.o
                0x0000000017801064                is_core_valid
 *fill*         0x0000000017801076        0x2 
 .text.cpu_disable
                0x0000000017801078       0x1c arch/arm/cpu/armv7/built-in.o
                0x0000000017801078                cpu_disable
 .text.imx_iomux_v3_setup_pad
                0x0000000017801094       0x94 arch/arm/imx-common/built-in.o
                0x0000000017801094                imx_iomux_v3_setup_pad
 .text.imx_iomux_v3_setup_multiple_pads
                0x0000000017801128       0x38 arch/arm/imx-common/built-in.o
                0x0000000017801128                imx_iomux_v3_setup_multiple_pads
 .text.timer_init
                0x0000000017801160       0xd8 arch/arm/imx-common/built-in.o
                0x0000000017801160                timer_init
 .text.timer_read_counter
                0x0000000017801238        0xc arch/arm/imx-common/built-in.o
                0x0000000017801238                timer_read_counter
 .text.get_tbclk
                0x0000000017801244       0x68 arch/arm/imx-common/built-in.o
                0x0000000017801244                get_tbclk
 .text.imx_ddr_size
                0x00000000178012ac       0x48 arch/arm/imx-common/built-in.o
                0x00000000178012ac                imx_ddr_size
 .text.get_imx_type
                0x00000000178012f4       0x18 arch/arm/imx-common/built-in.o
                0x00000000178012f4                get_imx_type
 .text.print_cpuinfo
                0x000000001780130c       0xe0 arch/arm/imx-common/built-in.o
                0x000000001780130c                print_cpuinfo
 .text.cpu_eth_init
                0x00000000178013ec        0x4 arch/arm/imx-common/built-in.o
                0x00000000178013ec                cpu_eth_init
 .text.cpu_mmc_init
                0x00000000178013f0        0x4 arch/arm/imx-common/built-in.o
                0x00000000178013f0                cpu_mmc_init
 .text.get_ahb_clk
                0x00000000178013f4       0x1c arch/arm/imx-common/built-in.o
                0x00000000178013f4                get_ahb_clk
 .text.arch_preboot_os
                0x0000000017801410        0x4 arch/arm/imx-common/built-in.o
                0x0000000017801410                arch_preboot_os
 .text.get_clocks
                0x0000000017801414       0x12 arch/arm/imx-common/built-in.o
                0x0000000017801414                get_clocks
 *fill*         0x0000000017801426        0x2 
 .text.force_idle_bus
                0x0000000017801428       0xd4 arch/arm/imx-common/built-in.o
                0x0000000017801428                force_idle_bus
 .text.setup_i2c
                0x00000000178014fc       0x8c arch/arm/imx-common/built-in.o
                0x00000000178014fc                setup_i2c
 .text.enable_caches
                0x0000000017801588       0x2c arch/arm/imx-common/built-in.o
                0x0000000017801588                enable_caches
 .text.v7_outer_cache_enable
                0x00000000178015b4       0x4c arch/arm/imx-common/built-in.o
                0x00000000178015b4                v7_outer_cache_enable
 .text.v7_outer_cache_disable
                0x0000000017801600       0x10 arch/arm/imx-common/built-in.o
                0x0000000017801600                v7_outer_cache_disable
 .text.init_aips
                0x0000000017801610       0x68 arch/arm/imx-common/built-in.o
                0x0000000017801610                init_aips
 .text.imx_set_wdog_powerdown
                0x0000000017801678       0x5c arch/arm/imx-common/built-in.o
                0x0000000017801678                imx_set_wdog_powerdown
 .text.init_src
                0x00000000178016d4       0x10 arch/arm/imx-common/built-in.o
                0x00000000178016d4                init_src
 .text.boot_mode_apply
                0x00000000178016e4       0x1c arch/arm/imx-common/built-in.o
                0x00000000178016e4                boot_mode_apply
 .text.board_video_skip
                0x0000000017801700       0xe0 arch/arm/imx-common/built-in.o
                0x0000000017801700                board_video_skip
 .text.detect_hdmi
                0x00000000178017e0       0x10 arch/arm/imx-common/built-in.o
                0x00000000178017e0                detect_hdmi
 .text.create_usage
                0x00000000178017f0       0x64 arch/arm/imx-common/built-in.o
 .text.do_boot_mode
                0x0000000017801854       0x80 arch/arm/imx-common/built-in.o
 .text.add_board_boot_modes
                0x00000000178018d4       0x3c arch/arm/imx-common/built-in.o
                0x00000000178018d4                add_board_boot_modes
 .text.do_hdmidet
                0x0000000017801910       0x18 arch/arm/imx-common/built-in.o
 .text          0x0000000017801928       0x88 arch/arm/lib/built-in.o
                0x0000000017801928                _main
 .text.relocate_vectors
                0x00000000178019b0       0x70 arch/arm/lib/built-in.o
                0x00000000178019b0                relocate_vectors
                0x00000000178019bc                relocate_code
 .text.arch_fixup_fdt
                0x0000000017801a20       0x24 arch/arm/lib/built-in.o
                0x0000000017801a20                arch_fixup_fdt
 .text.boot_jump_linux
                0x0000000017801a44       0x80 arch/arm/lib/built-in.o
 .text.arch_lmb_reserve
                0x0000000017801ac4       0x20 arch/arm/lib/built-in.o
                0x0000000017801ac4                arch_lmb_reserve
 .text.setup_board_tags
                0x0000000017801ae4        0x2 arch/arm/lib/built-in.o
                0x0000000017801ae4                setup_board_tags
 *fill*         0x0000000017801ae6        0x2 
 .text.boot_prep_linux
                0x0000000017801ae8       0xf8 arch/arm/lib/built-in.o
 .text.do_bootm_linux
                0x0000000017801be0       0x40 arch/arm/lib/built-in.o
                0x0000000017801be0                do_bootm_linux
 .text.bootz_setup
                0x0000000017801c20       0x3c arch/arm/lib/built-in.o
                0x0000000017801c20                bootz_setup
 .text.boot_prep_vxworks
                0x0000000017801c5c       0x30 arch/arm/lib/built-in.o
                0x0000000017801c5c                boot_prep_vxworks
 .text.boot_jump_vxworks
                0x0000000017801c8c        0x6 arch/arm/lib/built-in.o
                0x0000000017801c8c                boot_jump_vxworks
 *fill*         0x0000000017801c92        0x2 
 .text.pl310_background_op_all_ways
                0x0000000017801c94       0x2c arch/arm/lib/built-in.o
 .text.v7_outer_cache_inval_all
                0x0000000017801cc0        0xc arch/arm/lib/built-in.o
                0x0000000017801cc0                v7_outer_cache_inval_all
 .text.v7_outer_cache_flush_all
                0x0000000017801ccc        0xc arch/arm/lib/built-in.o
                0x0000000017801ccc                v7_outer_cache_flush_all
 .text.v7_outer_cache_flush_range
                0x0000000017801cd8       0x20 arch/arm/lib/built-in.o
                0x0000000017801cd8                v7_outer_cache_flush_range
 .text.v7_outer_cache_inval_range
                0x0000000017801cf8       0x54 arch/arm/lib/built-in.o
                0x0000000017801cf8                v7_outer_cache_inval_range
 .text.arch_reserve_stacks
                0x0000000017801d4c       0x16 arch/arm/lib/built-in.o
                0x0000000017801d4c                arch_reserve_stacks
 *fill*         0x0000000017801d62        0x2 
 .text.interrupt_init
                0x0000000017801d64       0x14 arch/arm/lib/built-in.o
                0x0000000017801d64                interrupt_init
 .text.enable_interrupts
                0x0000000017801d78        0x2 arch/arm/lib/built-in.o
                0x0000000017801d78                enable_interrupts
 .text.disable_interrupts
                0x0000000017801d7a        0x4 arch/arm/lib/built-in.o
                0x0000000017801d7a                disable_interrupts
 *fill*         0x0000000017801d7e        0x2 
 .text.bad_mode
                0x0000000017801d80        0xc arch/arm/lib/built-in.o
                0x0000000017801d80                bad_mode
 .text.show_regs
                0x0000000017801d8c      0x108 arch/arm/lib/built-in.o
                0x0000000017801d8c                show_regs
 .text.do_undefined_instruction
                0x0000000017801e94       0x18 arch/arm/lib/built-in.o
                0x0000000017801e94                do_undefined_instruction
 .text.do_software_interrupt
                0x0000000017801eac       0x18 arch/arm/lib/built-in.o
                0x0000000017801eac                do_software_interrupt
 .text.do_prefetch_abort
                0x0000000017801ec4       0x18 arch/arm/lib/built-in.o
                0x0000000017801ec4                do_prefetch_abort
 .text.do_data_abort
                0x0000000017801edc       0x18 arch/arm/lib/built-in.o
                0x0000000017801edc                do_data_abort
 .text.do_not_used
                0x0000000017801ef4       0x18 arch/arm/lib/built-in.o
                0x0000000017801ef4                do_not_used
 .text.do_fiq   0x0000000017801f0c       0x18 arch/arm/lib/built-in.o
                0x0000000017801f0c                do_fiq
 .text.do_irq   0x0000000017801f24       0x18 arch/arm/lib/built-in.o
                0x0000000017801f24                do_irq
 .text.do_reset
                0x0000000017801f3c       0x28 arch/arm/lib/built-in.o
                0x0000000017801f3c                do_reset
 .text.flush_cache
                0x0000000017801f64        0x6 arch/arm/lib/built-in.o
                0x0000000017801f64                flush_cache
 .text.cp_delay
                0x0000000017801f6a       0x18 arch/arm/lib/built-in.o
 .text.arm_init_domains
                0x0000000017801f82        0x2 arch/arm/lib/built-in.o
                0x0000000017801f82                arm_init_domains
 .text.set_section_dcache
                0x0000000017801f84       0x12 arch/arm/lib/built-in.o
                0x0000000017801f84                set_section_dcache
 .text.mmu_set_region_dcache_behaviour
                0x0000000017801f96       0x3a arch/arm/lib/built-in.o
                0x0000000017801f96                mmu_set_region_dcache_behaviour
 .text.dram_bank_mmu_setup
                0x0000000017801fd0       0x2a arch/arm/lib/built-in.o
                0x0000000017801fd0                dram_bank_mmu_setup
 .text.icache_enable
                0x0000000017801ffa       0x14 arch/arm/lib/built-in.o
                0x0000000017801ffa                icache_enable
 .text.icache_disable
                0x000000001780200e       0x1c arch/arm/lib/built-in.o
                0x000000001780200e                icache_disable
 .text.icache_status
                0x000000001780202a        0xa arch/arm/lib/built-in.o
                0x000000001780202a                icache_status
 .text.dcache_enable
                0x0000000017802034       0x5c arch/arm/lib/built-in.o
                0x0000000017802034                dcache_enable
 .text.dcache_disable
                0x0000000017802090       0x24 arch/arm/lib/built-in.o
                0x0000000017802090                dcache_disable
 .text.dcache_status
                0x00000000178020b4        0xa arch/arm/lib/built-in.o
                0x00000000178020b4                dcache_status
 *fill*         0x00000000178020be        0x2 
 .text.is_revc1
                0x00000000178020c0       0x24 board/wandboard/built-in.o
 .text.enable_fwadapt_7wvga
                0x00000000178020e4       0x24 board/wandboard/built-in.o
 .text.do_enable_hdmi
                0x0000000017802108        0x4 board/wandboard/built-in.o
 .text.detect_i2c
                0x000000001780210c       0x1e board/wandboard/built-in.o
 .text.dram_init
                0x000000001780212a        0xe board/wandboard/built-in.o
                0x000000001780212a                dram_init
 .text.board_mmc_getcd
                0x0000000017802138       0x30 board/wandboard/built-in.o
                0x0000000017802138                board_mmc_getcd
 .text.board_mmc_init
                0x0000000017802168       0x60 board/wandboard/built-in.o
                0x0000000017802168                board_mmc_init
 .text.board_eth_init
                0x00000000178021c8       0x38 board/wandboard/built-in.o
                0x00000000178021c8                board_eth_init
 .text.board_early_init_f
                0x0000000017802200       0x60 board/wandboard/built-in.o
                0x0000000017802200                board_early_init_f
 .text.overwrite_console
                0x0000000017802260        0x4 board/wandboard/built-in.o
                0x0000000017802260                overwrite_console
 .text.board_late_init
                0x0000000017802264       0x64 board/wandboard/built-in.o
                0x0000000017802264                board_late_init
 .text.board_init
                0x00000000178022c8       0x58 board/wandboard/built-in.o
                0x00000000178022c8                board_init
 .text.checkboard
                0x0000000017802320       0x20 board/wandboard/built-in.o
                0x0000000017802320                checkboard
 .text.arch_setup_gd
                0x0000000017802340        0x4 common/built-in.o
                0x0000000017802340                arch_setup_gd
 .text.board_init_f_mem
                0x0000000017802344       0x26 common/built-in.o
                0x0000000017802344                board_init_f_mem
 .text.show_boot_progress
                0x000000001780236a        0x2 common/built-in.o
                0x000000001780236a                show_boot_progress
 .text.main_loop
                0x000000001780236c       0x1c common/built-in.o
                0x000000001780236c                main_loop
 .text.dummy    0x0000000017802388        0x2 common/built-in.o
 .text.get_version
                0x000000001780238a        0x4 common/built-in.o
                0x000000001780238a                get_version
 *fill*         0x000000001780238e        0x2 
 .text.jumptable_init
                0x0000000017802390      0x164 common/built-in.o
                0x0000000017802390                jumptable_init
 .text.hash_command
                0x00000000178024f4       0x70 common/built-in.o
                0x00000000178024f4                hash_command
 .text.b_reset  0x0000000017802564        0xe common/built-in.o
 .text.static_get
                0x0000000017802572       0x12 common/built-in.o
 .text.static_peek
                0x0000000017802584        0x6 common/built-in.o
 .text.file_peek
                0x000000001780258a        0x6 common/built-in.o
 .text.mapset   0x0000000017802590       0x14 common/built-in.o
 .text.syntax_err
                0x00000000178025a4        0xc common/built-in.o
 .text.free_pipe_list
                0x00000000178025b0       0x92 common/built-in.o
 *fill*         0x0000000017802642        0x2 
 .text.xmalloc  0x0000000017802644       0x18 common/built-in.o
 .text.new_pipe
                0x000000001780265c       0x16 common/built-in.o
 *fill*         0x0000000017802672        0x2 
 .text.xrealloc
                0x0000000017802674       0x18 common/built-in.o
 .text.done_command
                0x000000001780268c       0x42 common/built-in.o
 .text.done_pipe
                0x00000000178026ce       0x2a common/built-in.o
 .text.done_word
                0x00000000178026f8      0x1d0 common/built-in.o
 .text.do_showvar
                0x00000000178028c8       0x9c common/built-in.o
 .text.is_assignment
                0x0000000017802964       0x2c common/built-in.o
 .text.file_get
                0x0000000017802990      0x128 common/built-in.o
 .text.b_addchr
                0x0000000017802ab8       0x42 common/built-in.o
 *fill*         0x0000000017802afa        0x2 
 .text.b_addqchr
                0x0000000017802afc       0x30 common/built-in.o
 .text.get_local_var
                0x0000000017802b2c       0x58 common/built-in.o
                0x0000000017802b2c                get_local_var
 .text.set_local_var
                0x0000000017802b84      0x10c common/built-in.o
                0x0000000017802b84                set_local_var
 .text.insert_var_value_sub
                0x0000000017802c90      0x1c0 common/built-in.o
 .text.parse_string_outer
                0x0000000017802e50       0x94 common/built-in.o
                0x0000000017802e50                parse_string_outer
 .text.run_list_real
                0x0000000017802ee4      0x4d4 common/built-in.o
 .text.parse_stream_outer
                0x00000000178033b8      0x448 common/built-in.o
 .text.parse_file_outer
                0x0000000017803800       0x2c common/built-in.o
                0x0000000017803800                parse_file_outer
 .text.u_boot_hush_start
                0x000000001780382c       0x30 common/built-in.o
                0x000000001780382c                u_boot_hush_start
 .text.bootdelay_process
                0x000000001780385c       0x34 common/built-in.o
                0x000000001780385c                bootdelay_process
 .text.autoboot_command
                0x0000000017803890       0x84 common/built-in.o
                0x0000000017803890                autoboot_command
 .text.display_text_info
                0x0000000017803914        0x4 common/built-in.o
 .text.setup_mon_len
                0x0000000017803918       0x18 common/built-in.o
 .text.reserve_round_4k
                0x0000000017803930       0x14 common/built-in.o
 .text.reserve_mmu
                0x0000000017803944       0x2e common/built-in.o
 .text.reserve_trace
                0x0000000017803972        0x4 common/built-in.o
 .text.reserve_uboot
                0x0000000017803976       0x2a common/built-in.o
 .text.reserve_malloc
                0x00000000178039a0       0x10 common/built-in.o
 .text.setup_machine
                0x00000000178039b0        0xe common/built-in.o
 .text.reserve_global_data
                0x00000000178039be       0x16 common/built-in.o
 .text.reserve_fdt
                0x00000000178039d4       0x3a common/built-in.o
 .text.display_new_sp
                0x0000000017803a0e        0x4 common/built-in.o
 .text.initf_console_record
                0x0000000017803a12        0x4 common/built-in.o
 .text.reserve_arch
                0x0000000017803a16        0x4 common/built-in.o
                0x0000000017803a16                reserve_arch
 .text.arch_cpu_init_dm
                0x0000000017803a1a        0x4 common/built-in.o
                0x0000000017803a1a                arch_cpu_init_dm
 *fill*         0x0000000017803a1e        0x2 
 .text.announce_dram_init
                0x0000000017803a20       0x10 common/built-in.o
 .text.init_func_i2c
                0x0000000017803a30       0x20 common/built-in.o
 .text.init_baud_rate
                0x0000000017803a50       0x1c common/built-in.o
 .text.mark_bootstage
                0x0000000017803a6c        0xc common/built-in.o
 .text.initf_dm
                0x0000000017803a78        0x6 common/built-in.o
 .text.setup_reloc
                0x0000000017803a7e       0x26 common/built-in.o
 .text.reloc_fdt
                0x0000000017803aa4       0x2c common/built-in.o
 .text.reserve_board
                0x0000000017803ad0       0x28 common/built-in.o
 .text.coloured_LED_init
                0x0000000017803af8        0x2 common/built-in.o
                0x0000000017803af8                coloured_LED_init
 .text.red_led_on
                0x0000000017803afa        0x2 common/built-in.o
                0x0000000017803afa                red_led_on
 .text.board_add_ram_info
                0x0000000017803afc        0x2 common/built-in.o
                0x0000000017803afc                board_add_ram_info
 *fill*         0x0000000017803afe        0x2 
 .text.show_dram_config
                0x0000000017803b00       0x28 common/built-in.o
 .text.dram_init_banksize
                0x0000000017803b28       0x18 common/built-in.o
                0x0000000017803b28                dram_init_banksize
 .text.setup_dram_config
                0x0000000017803b40        0xa common/built-in.o
 .text.board_get_usable_ram_top
                0x0000000017803b4a       0x12 common/built-in.o
                0x0000000017803b4a                board_get_usable_ram_top
 .text.board_reserve_ram_top
                0x0000000017803b5c        0x2 common/built-in.o
                0x0000000017803b5c                board_reserve_ram_top
 .text.setup_dest_addr
                0x0000000017803b5e       0x3c common/built-in.o
 .text.reserve_stacks
                0x0000000017803b9a       0x1a common/built-in.o
 .text.board_init_f
                0x0000000017803bb4       0x20 common/built-in.o
                0x0000000017803bb4                board_init_f
 .text.bootstage_relocate
                0x0000000017803bd4        0x4 common/built-in.o
 .text.initr_trace
                0x0000000017803bd8        0x4 common/built-in.o
 .text.initr_reloc
                0x0000000017803bdc       0x14 common/built-in.o
 .text.initr_reloc_global_data
                0x0000000017803bf0       0x1c common/built-in.o
 .text.initr_barrier
                0x0000000017803c0c        0x4 common/built-in.o
 .text.initr_console_record
                0x0000000017803c10        0x4 common/built-in.o
 .text.power_init_board
                0x0000000017803c14        0x4 common/built-in.o
                0x0000000017803c14                power_init_board
 .text.initr_announce
                0x0000000017803c18        0x4 common/built-in.o
 .text.run_main_loop
                0x0000000017803c1c        0x8 common/built-in.o
 .text.initr_net
                0x0000000017803c24       0x14 common/built-in.o
 .text.initr_ethaddr
                0x0000000017803c38       0x18 common/built-in.o
 .text.initr_enable_interrupts
                0x0000000017803c50        0xa common/built-in.o
 .text.initr_jumptable
                0x0000000017803c5a        0xa common/built-in.o
 .text.initr_env
                0x0000000017803c64       0x20 common/built-in.o
 .text.initr_mmc
                0x0000000017803c84       0x18 common/built-in.o
 .text.initr_serial
                0x0000000017803c9c        0xa common/built-in.o
 .text.initr_bootstage
                0x0000000017803ca6        0xc common/built-in.o
 .text.initr_dm
                0x0000000017803cb2       0x12 common/built-in.o
 .text.initr_malloc
                0x0000000017803cc4       0x16 common/built-in.o
 .text.initr_caches
                0x0000000017803cda        0xa common/built-in.o
 .text.cpu_secondary_init_r
                0x0000000017803ce4        0x2 common/built-in.o
                0x0000000017803ce4                cpu_secondary_init_r
 .text.initr_secondary_cpu
                0x0000000017803ce6        0xa common/built-in.o
 .text.board_init_r
                0x0000000017803cf0       0x10 common/built-in.o
                0x0000000017803cf0                board_init_r
 .text.show_board_info
                0x0000000017803d00        0x4 common/built-in.o
                0x0000000017803d00                show_board_info
 .text.do_go_exec
                0x0000000017803d04        0x8 common/built-in.o
                0x0000000017803d04                do_go_exec
 .text.do_go    0x0000000017803d0c       0x4c common/built-in.o
 .text.do_bootm
                0x0000000017803d58       0xa8 common/built-in.o
                0x0000000017803d58                do_bootm
 .text.do_bootd
                0x0000000017803e00       0x18 common/built-in.o
                0x0000000017803e00                do_bootd
 .text.image_info
                0x0000000017803e18       0x8c common/built-in.o
 .text.do_iminfo
                0x0000000017803ea4       0x40 common/built-in.o
 .text.bootm_maybe_autostart
                0x0000000017803ee4       0x4c common/built-in.o
                0x0000000017803ee4                bootm_maybe_autostart
 .text.do_bootz
                0x0000000017803f30       0x9c common/built-in.o
                0x0000000017803f30                do_bootz
 .text.bootm_find_images
                0x0000000017803fcc       0x6c common/built-in.o
                0x0000000017803fcc                bootm_find_images
 .text.bootm_decomp_image
                0x0000000017804038       0xe8 common/built-in.o
                0x0000000017804038                bootm_decomp_image
 .text.bootm_disable_interrupts
                0x0000000017804120       0x10 common/built-in.o
                0x0000000017804120                bootm_disable_interrupts
 .text.do_bootm_states
                0x0000000017804130      0x4e8 common/built-in.o
                0x0000000017804130                do_bootm_states
 .text.copy_args
                0x0000000017804618       0x36 common/built-in.o
 *fill*         0x000000001780464e        0x2 
 .text.do_bootm_rtems
                0x0000000017804650       0x2c common/built-in.o
 .text.do_bootm_plan9
                0x000000001780467c       0x68 common/built-in.o
 .text.do_bootm_standalone
                0x00000000178046e4       0x3c common/built-in.o
 .text.do_bootm_qnxelf
                0x0000000017804720       0x38 common/built-in.o
 .text.do_bootm_netbsd
                0x0000000017804758       0xa4 common/built-in.o
 .text.do_bootvx_fdt
                0x00000000178047fc       0xc0 common/built-in.o
                0x00000000178047fc                do_bootvx_fdt
 .text.do_bootm_vxworks
                0x00000000178048bc       0x16 common/built-in.o
 .text.boot_selected_os
                0x00000000178048d2       0x3a common/built-in.o
                0x00000000178048d2                boot_selected_os
 .text.bootm_os_get_boot_func
                0x000000001780490c        0xc common/built-in.o
                0x000000001780490c                bootm_os_get_boot_func
 .text.do_help  0x0000000017804918       0x30 common/built-in.o
 .text.do_version
                0x0000000017804948       0x2c common/built-in.o
 .text.regex_callback
                0x0000000017804974       0xd0 common/built-in.o
 .text.env_attr_walk
                0x0000000017804a44       0xb4 common/built-in.o
                0x0000000017804a44                env_attr_walk
 .text.env_attr_lookup
                0x0000000017804af8       0x50 common/built-in.o
                0x0000000017804af8                env_attr_lookup
 .text.clear_callback
                0x0000000017804b48        0x8 common/built-in.o
 .text.find_env_callback
                0x0000000017804b50       0x40 common/built-in.o
 .text.on_callbacks
                0x0000000017804b90       0x38 common/built-in.o
 .text.set_callback
                0x0000000017804bc8       0x50 common/built-in.o
 .text.env_callback_init
                0x0000000017804c18       0x78 common/built-in.o
                0x0000000017804c18                env_callback_init
 .text.skip_num
                0x0000000017804c90       0x44 common/built-in.o
 .text.clear_flags
                0x0000000017804cd4        0x8 common/built-in.o
 .text.on_flags
                0x0000000017804cdc       0x38 common/built-in.o
 .text.env_flags_parse_vartype
                0x0000000017804d14       0x30 common/built-in.o
                0x0000000017804d14                env_flags_parse_vartype
 .text.env_flags_parse_varaccess
                0x0000000017804d44       0x38 common/built-in.o
                0x0000000017804d44                env_flags_parse_varaccess
 .text.set_flags
                0x0000000017804d7c       0x68 common/built-in.o
 .text.eth_validate_ethaddr_str
                0x0000000017804de4       0x50 common/built-in.o
                0x0000000017804de4                eth_validate_ethaddr_str
 .text.env_flags_init
                0x0000000017804e34       0x90 common/built-in.o
                0x0000000017804e34                env_flags_init
 .text.env_flags_validate
                0x0000000017804ec4      0x1b8 common/built-in.o
                0x0000000017804ec4                env_flags_validate
 .text.mmc_get_env_addr
                0x000000001780507c        0xa common/built-in.o
                0x000000001780507c                mmc_get_env_addr
 *fill*         0x0000000017805086        0x2 
 .text.env_init
                0x0000000017805088       0x14 common/built-in.o
                0x0000000017805088                env_init
 .text.saveenv  0x000000001780509c       0xcc common/built-in.o
                0x000000001780509c                saveenv
 .text.env_relocate_spec
                0x0000000017805168       0xa0 common/built-in.o
                0x0000000017805168                env_relocate_spec
 .text.source   0x0000000017805208       0x90 common/built-in.o
                0x0000000017805208                source
 .text.do_source
                0x0000000017805298       0x30 common/built-in.o
 .text.print_num
                0x00000000178052c8       0x10 common/built-in.o
 .text.do_bdinfo
                0x00000000178052d8      0x12c common/built-in.o
 .text.parse_argv
                0x0000000017805404       0x3c common/built-in.o
 .text.do_icache
                0x0000000017805440       0x5c common/built-in.o
 .text.do_dcache
                0x000000001780549c       0x5c common/built-in.o
 .text.do_coninfo
                0x00000000178054f8       0x80 common/built-in.o
 .text.do_echo  0x0000000017805578       0x70 common/built-in.o
 .text.load_elf_image_shdr
                0x00000000178055e8       0x4a common/built-in.o
 *fill*         0x0000000017805632        0x2 
 .text.valid_elf_image
                0x0000000017805634       0x30 common/built-in.o
                0x0000000017805634                valid_elf_image
 .text.do_bootelf
                0x0000000017805664      0x10c common/built-in.o
                0x0000000017805664                do_bootelf
 .text.do_bootvx
                0x0000000017805770      0x22c common/built-in.o
                0x0000000017805770                do_bootvx
 .text.do_exit  0x000000001780599c       0x1e common/built-in.o
 .text.do_ext4_size
                0x00000000178059ba        0xe common/built-in.o
                0x00000000178059ba                do_ext4_size
 .text.do_ext4_load
                0x00000000178059c8        0xe common/built-in.o
                0x00000000178059c8                do_ext4_load
 .text.do_ext4_ls
                0x00000000178059d6        0xe common/built-in.o
                0x00000000178059d6                do_ext4_ls
 .text.do_ext4_write
                0x00000000178059e4        0xe common/built-in.o
                0x00000000178059e4                do_ext4_write
 .text.do_ext2load
                0x00000000178059f2        0xe common/built-in.o
                0x00000000178059f2                do_ext2load
 .text.do_ext2ls
                0x0000000017805a00        0xe common/built-in.o
 .text.do_fat_size
                0x0000000017805a0e        0xe common/built-in.o
                0x0000000017805a0e                do_fat_size
 .text.do_fat_fsload
                0x0000000017805a1c        0xe common/built-in.o
                0x0000000017805a1c                do_fat_fsload
 .text.do_fat_ls
                0x0000000017805a2a        0xe common/built-in.o
 .text.do_fat_fsinfo
                0x0000000017805a38       0x58 common/built-in.o
 .text.fdt_valid
                0x0000000017805a90       0x74 common/built-in.o
 .text.is_printable_string
                0x0000000017805b04       0x4c common/built-in.o
 .text.print_data
                0x0000000017805b50       0xf8 common/built-in.o
 .text.set_working_fdt_addr
                0x0000000017805c48       0x14 common/built-in.o
                0x0000000017805c48                set_working_fdt_addr
 .text.do_fdt   0x0000000017805c5c      0x974 common/built-in.o
 .text.fdt_find_and_setprop
                0x00000000178065d0       0x48 common/built-in.o
                0x00000000178065d0                fdt_find_and_setprop
 .text.fdt_find_or_add_subnode
                0x0000000017806618       0x40 common/built-in.o
                0x0000000017806618                fdt_find_or_add_subnode
 .text.fdt_root
                0x0000000017806658       0x60 common/built-in.o
                0x0000000017806658                fdt_root
 .text.fdt_initrd
                0x00000000178066b8      0x11c common/built-in.o
                0x00000000178066b8                fdt_initrd
 .text.fdt_chosen
                0x00000000178067d4       0x6c common/built-in.o
                0x00000000178067d4                fdt_chosen
 .text.do_fixup_by_path
                0x0000000017806840       0x34 common/built-in.o
                0x0000000017806840                do_fixup_by_path
 .text.fdt_fixup_memory_banks
                0x0000000017806874      0x128 common/built-in.o
                0x0000000017806874                fdt_fixup_memory_banks
 .text.fdt_fixup_memory
                0x000000001780699c       0x16 common/built-in.o
                0x000000001780699c                fdt_fixup_memory
 *fill*         0x00000000178069b2        0x2 
 .text.fdt_fixup_ethernet
                0x00000000178069b4       0xe0 common/built-in.o
                0x00000000178069b4                fdt_fixup_ethernet
 .text.fdt_shrink_to_minimum
                0x0000000017806a94       0x7e common/built-in.o
                0x0000000017806a94                fdt_shrink_to_minimum
 .text.do_size_wrapper
                0x0000000017806b12        0xe common/built-in.o
 .text.do_load_wrapper
                0x0000000017806b20        0xe common/built-in.o
 .text.do_save_wrapper
                0x0000000017806b2e        0xe common/built-in.o
 .text.do_ls_wrapper
                0x0000000017806b3c        0xe common/built-in.o
 .text.do_fstype_wrapper
                0x0000000017806b4a        0x4 common/built-in.o
 .text.strtou32
                0x0000000017806b4e       0x2e common/built-in.o
 .text.do_fuse  0x0000000017806b7c      0x230 common/built-in.o
 .text.name_to_gpio
                0x0000000017806dac        0x8 common/built-in.o
                0x0000000017806dac                name_to_gpio
 .text.do_gpio  0x0000000017806db4       0xcc common/built-in.o
 .text.do_i2c   0x0000000017806e80       0x3c common/built-in.o
 .text.do_i2c_reset
                0x0000000017806ebc       0x22 common/built-in.o
 *fill*         0x0000000017806ede        0x2 
 .text.do_i2c_probe
                0x0000000017806ee0       0x58 common/built-in.o
 .text.do_i2c_bus_num
                0x0000000017806f38       0x7c common/built-in.o
 .text.do_i2c_bus_speed
                0x0000000017806fb4       0x4c common/built-in.o
 .text.do_i2c_show_bus
                0x0000000017807000       0x8c common/built-in.o
 .text.get_alen.constprop.5
                0x000000001780708c       0x1c common/built-in.o
 .text.do_i2c_crc
                0x00000000178070a8       0xc4 common/built-in.o
 .text.do_i2c_read
                0x000000001780716c       0x78 common/built-in.o
 .text.do_i2c_md
                0x00000000178071e4      0x148 common/built-in.o
 .text.do_i2c_mw
                0x000000001780732c       0xac common/built-in.o
 .text.do_i2c_write
                0x00000000178073d8       0xd4 common/built-in.o
 .text.mod_i2c_mem.isra.4
                0x00000000178074ac      0x15c common/built-in.o
 .text.do_i2c_nm
                0x0000000017807608        0x6 common/built-in.o
 .text.do_i2c_mm
                0x000000001780760e        0x6 common/built-in.o
 .text.do_i2c_loop
                0x0000000017807614       0x94 common/built-in.o
 .text.i2c_init_board
                0x00000000178076a8        0x2 common/built-in.o
                0x00000000178076a8                i2c_init_board
 *fill*         0x00000000178076aa        0x2 
 .text.evalexp  0x00000000178076ac       0x58 common/built-in.o
 .text.evalstr  0x0000000017807704       0x3c common/built-in.o
 .text.binary_test
                0x0000000017807740      0x108 common/built-in.o
 .text.do_itest
                0x0000000017807848       0x54 common/built-in.o
 .text.bin_data_init
                0x000000001780789c       0x1c common/built-in.o
 .text.k_data_save
                0x00000000178078b8       0x34 common/built-in.o
 .text.k_data_restore
                0x00000000178078ec       0x34 common/built-in.o
 .text.getcxmodem
                0x0000000017807920       0x16 common/built-in.o
 *fill*         0x0000000017807936        0x2 
 .text.load_serial_ymodem
                0x0000000017807938       0x88 common/built-in.o
 .text.bin_data_char
                0x00000000178079c0       0x1c common/built-in.o
 .text.chk1.constprop.1
                0x00000000178079dc       0x20 common/built-in.o
 .text.s1_sendpacket.constprop.2
                0x00000000178079fc       0x34 common/built-in.o
 .text.load_serial
                0x0000000017807a30      0x128 common/built-in.o
 .text.do_load_serial
                0x0000000017807b58       0x90 common/built-in.o
 .text.do_load_serial_bin
                0x0000000017807be8      0x550 common/built-in.o
 .text.do_mem_mw
                0x0000000017808138       0x80 common/built-in.o
 .text.do_mem_loop
                0x00000000178081b8       0x82 common/built-in.o
 *fill*         0x000000001780823a        0x2 
 .text.do_mem_md
                0x000000001780823c       0xa4 common/built-in.o
 .text.do_mem_cmp
                0x00000000178082e0       0xf0 common/built-in.o
 .text.do_mem_base
                0x00000000178083d0       0x28 common/built-in.o
 .text.do_mem_cp
                0x00000000178083f8       0x88 common/built-in.o
 .text.do_mem_crc
                0x0000000017808480       0x2c common/built-in.o
 .text.mod_mem.isra.2
                0x00000000178084ac       0xf4 common/built-in.o
 .text.do_mem_mm
                0x00000000178085a0        0x6 common/built-in.o
 .text.do_mem_nm
                0x00000000178085a6        0x6 common/built-in.o
 .text.miiphy_get_dev_by_name
                0x00000000178085ac       0x38 common/built-in.o
                0x00000000178085ac                miiphy_get_dev_by_name
 .text.miiphy_init
                0x00000000178085e4       0x18 common/built-in.o
                0x00000000178085e4                miiphy_init
 .text.mdio_alloc
                0x00000000178085fc       0x1c common/built-in.o
                0x00000000178085fc                mdio_alloc
 .text.mdio_register
                0x0000000017808618       0x50 common/built-in.o
                0x0000000017808618                mdio_register
 .text.mdio_unregister
                0x0000000017808668       0x24 common/built-in.o
                0x0000000017808668                mdio_unregister
 .text.mdio_list_devices
                0x000000001780868c       0x64 common/built-in.o
                0x000000001780868c                mdio_list_devices
 .text.miiphy_set_current_dev
                0x00000000178086f0       0x28 common/built-in.o
                0x00000000178086f0                miiphy_set_current_dev
 .text.miiphy_get_active_dev
                0x0000000017808718       0x30 common/built-in.o
 .text.mdio_get_current_dev
                0x0000000017808748        0xc common/built-in.o
                0x0000000017808748                mdio_get_current_dev
 .text.mdio_phydev_for_ethname
                0x0000000017808754       0x54 common/built-in.o
                0x0000000017808754                mdio_phydev_for_ethname
 .text.miiphy_get_current_dev
                0x00000000178087a8       0x10 common/built-in.o
                0x00000000178087a8                miiphy_get_current_dev
 .text.miiphy_read
                0x00000000178087b8       0x28 common/built-in.o
                0x00000000178087b8                miiphy_read
 .text.miiphy_write
                0x00000000178087e0       0x24 common/built-in.o
                0x00000000178087e0                miiphy_write
 .text.miiphy_listdev
                0x0000000017808804       0x54 common/built-in.o
                0x0000000017808804                miiphy_listdev
 .text.miiphy_info
                0x0000000017808858       0x5c common/built-in.o
                0x0000000017808858                miiphy_info
 .text.miiphy_speed
                0x00000000178088b4       0x60 common/built-in.o
                0x00000000178088b4                miiphy_speed
 .text.miiphy_duplex
                0x0000000017808914       0x60 common/built-in.o
                0x0000000017808914                miiphy_duplex
 .text.miiphy_is_1000base_x
                0x0000000017808974        0x4 common/built-in.o
                0x0000000017808974                miiphy_is_1000base_x
 .text.extract_range
                0x0000000017808978       0x7c common/built-in.o
 .text.do_mii   0x00000000178089f4      0x61c common/built-in.o
 .text.do_mdio  0x0000000017809010      0x314 common/built-in.o
 .text.do_sleep
                0x0000000017809324       0x46 common/built-in.o
 *fill*         0x000000001780936a        0x2 
 .text.do_mmcops
                0x000000001780936c       0x7c common/built-in.o
 .text.init_mmc_device
                0x00000000178093e8       0x34 common/built-in.o
 .text.do_mmc_rescan
                0x000000001780941c       0x18 common/built-in.o
 .text.do_mmc_hwpartition
                0x0000000017809434      0x3a0 common/built-in.o
 .text.do_mmc_list
                0x00000000178097d4        0xc common/built-in.o
 .text.do_mmc_dev
                0x00000000178097e0       0xc4 common/built-in.o
 .text.do_mmc_part
                0x00000000178098a4       0x38 common/built-in.o
 .text.do_mmc_erase
                0x00000000178098dc       0xa0 common/built-in.o
 .text.do_mmc_write
                0x000000001780997c       0xac common/built-in.o
 .text.do_mmc_read
                0x0000000017809a28       0xa0 common/built-in.o
 .text.do_mmcinfo
                0x0000000017809ac8      0x28c common/built-in.o
 .text.do_mmc_setdsr
                0x0000000017809d54       0x74 common/built-in.o
 .text.cpu_cmd  0x0000000017809dc8       0xdc common/built-in.o
 .text.netboot_common
                0x0000000017809ea4      0x1b0 common/built-in.o
 .text.do_bootp
                0x000000001780a054        0x8 common/built-in.o
 .text.do_dhcp  0x000000001780a05c        0x8 common/built-in.o
 .text.do_nfs   0x000000001780a064        0x8 common/built-in.o
 .text.do_tftpb
                0x000000001780a06c       0x26 common/built-in.o
                0x000000001780a06c                do_tftpb
 *fill*         0x000000001780a092        0x2 
 .text.do_ping  0x000000001780a094       0x4c common/built-in.o
 .text.do_part_list
                0x000000001780a0e0       0xe4 common/built-in.o
 .text.do_part_start
                0x000000001780a1c4       0x80 common/built-in.o
 .text.do_part_size
                0x000000001780a244       0x80 common/built-in.o
 .text.do_part  0x000000001780a2c4       0xb0 common/built-in.o
 .text.eol_or_eof
                0x000000001780a374       0x12 common/built-in.o
 *fill*         0x000000001780a386        0x2 
 .text.do_pxe   0x000000001780a388       0x44 common/built-in.o
 .text.label_print
                0x000000001780a3cc       0x14 common/built-in.o
 .text.do_get_tftp
                0x000000001780a3e0       0x2c common/built-in.o
 .text.from_env
                0x000000001780a40c       0x1c common/built-in.o
 .text.get_string
                0x000000001780a428       0x78 common/built-in.o
 .text.label_destroy
                0x000000001780a4a0       0x3e common/built-in.o
 .text.destroy_pxe_menu
                0x000000001780a4de       0x36 common/built-in.o
 .text.get_token
                0x000000001780a514       0xa4 common/built-in.o
 .text.parse_sliteral
                0x000000001780a5b8       0x34 common/built-in.o
 .text.parse_integer
                0x000000001780a5ec       0x44 common/built-in.o
 .text.do_get_any
                0x000000001780a630       0x2c common/built-in.o
 .text.do_get_fat
                0x000000001780a65c       0x28 common/built-in.o
 .text.do_get_ext2
                0x000000001780a684       0x28 common/built-in.o
 .text.format_mac_pxe.constprop.9
                0x000000001780a6ac       0x54 common/built-in.o
 .text.get_relfile
                0x000000001780a700       0xcc common/built-in.o
 .text.get_pxe_file
                0x000000001780a7cc       0x3c common/built-in.o
 .text.handle_include
                0x000000001780a808       0x68 common/built-in.o
 .text.parse_pxefile_top
                0x000000001780a870      0x320 common/built-in.o
 .text.parse_pxefile
                0x000000001780ab90       0x40 common/built-in.o
 .text.get_pxelinux_path
                0x000000001780abd0       0x54 common/built-in.o
 .text.do_pxe_get
                0x000000001780ac24       0xdc common/built-in.o
 .text.get_relfile_envaddr
                0x000000001780ad00       0x34 common/built-in.o
 .text.label_boot
                0x000000001780ad34      0x3a4 common/built-in.o
 .text.handle_pxe_menu
                0x000000001780b0d8       0xd4 common/built-in.o
 .text.do_pxe_boot
                0x000000001780b1ac       0x94 common/built-in.o
 .text.do_sysboot
                0x000000001780b240      0x13c common/built-in.o
 .text.substitute
                0x000000001780b37c       0x98 common/built-in.o
 .text.get_arg  0x000000001780b414       0x34 common/built-in.o
 .text.regex_sub
                0x000000001780b448      0x224 common/built-in.o
 .text.do_setexpr
                0x000000001780b66c       0xe8 common/built-in.o
 .text.do_false
                0x000000001780b754        0x4 common/built-in.o
 .text.do_true  0x000000001780b758        0x4 common/built-in.o
 .text.do_test  0x000000001780b75c      0x204 common/built-in.o
 .text.usb_get_class_desc
                0x000000001780b960       0x74 common/built-in.o
 .text.usb_find_device
                0x000000001780b9d4       0x1e common/built-in.o
 *fill*         0x000000001780b9f2        0x2 
 .text.usb_show_tree_graph
                0x000000001780b9f4      0x178 common/built-in.o
 .text.usb_display_class_sub
                0x000000001780bb6c       0xf4 common/built-in.o
 .text.usb_display_string
                0x000000001780bc60       0x2c common/built-in.o
 .text.usb_display_config
                0x000000001780bc8c      0x1a0 common/built-in.o
 .text.do_usbboot
                0x000000001780be2c        0xc common/built-in.o
 .text.usb_display_desc.part.2
                0x000000001780be38       0xd0 common/built-in.o
 .text.do_usb_start
                0x000000001780bf08       0x20 common/built-in.o
 .text.usb_show_tree
                0x000000001780bf28       0x30 common/built-in.o
                0x000000001780bf28                usb_show_tree
 .text.do_usb   0x000000001780bf58      0x4b8 common/built-in.o
 .text.usb_set_maxpacket_ep
                0x000000001780c410       0x54 common/built-in.o
 .text.usb_stop
                0x000000001780c464       0x48 common/built-in.o
                0x000000001780c464                usb_stop
 .text.usb_disable_asynch
                0x000000001780c4ac       0x14 common/built-in.o
                0x000000001780c4ac                usb_disable_asynch
 .text.usb_control_msg
                0x000000001780c4c0       0x80 common/built-in.o
                0x000000001780c4c0                usb_control_msg
 .text.usb_get_descriptor
                0x000000001780c540       0x38 common/built-in.o
 .text.get_descriptor_len
                0x000000001780c578       0x60 common/built-in.o
 .text.usb_get_string
                0x000000001780c5d8       0x4a common/built-in.o
 *fill*         0x000000001780c622        0x2 
 .text.usb_string_sub
                0x000000001780c624       0x94 common/built-in.o
 .text.usb_bulk_msg
                0x000000001780c6b8       0x50 common/built-in.o
                0x000000001780c6b8                usb_bulk_msg
 .text.usb_maxpacket
                0x000000001780c708       0x1a common/built-in.o
                0x000000001780c708                usb_maxpacket
 .text.usb_clear_halt
                0x000000001780c722       0x5c common/built-in.o
                0x000000001780c722                usb_clear_halt
 *fill*         0x000000001780c77e        0x2 
 .text.usb_get_configuration_len
                0x000000001780c780       0x50 common/built-in.o
                0x000000001780c780                usb_get_configuration_len
 .text.usb_get_configuration_no
                0x000000001780c7d0       0x1c common/built-in.o
                0x000000001780c7d0                usb_get_configuration_no
 .text.usb_set_interface
                0x000000001780c7ec       0x74 common/built-in.o
                0x000000001780c7ec                usb_set_interface
 .text.usb_string
                0x000000001780c860       0xa0 common/built-in.o
                0x000000001780c860                usb_string
 .text.usb_get_dev_index
                0x000000001780c900       0x18 common/built-in.o
                0x000000001780c900                usb_get_dev_index
 .text.usb_alloc_new_device
                0x000000001780c918       0x6c common/built-in.o
                0x000000001780c918                usb_alloc_new_device
 .text.usb_free_device
                0x000000001780c984       0x30 common/built-in.o
                0x000000001780c984                usb_free_device
 .text.usb_alloc_device
                0x000000001780c9b4        0x4 common/built-in.o
                0x000000001780c9b4                usb_alloc_device
 .text.usb_select_config
                0x000000001780c9b8      0x304 common/built-in.o
                0x000000001780c9b8                usb_select_config
 .text.usb_setup_device
                0x000000001780ccbc      0x10c common/built-in.o
                0x000000001780ccbc                usb_setup_device
 .text.usb_new_device
                0x000000001780cdc8       0x20 common/built-in.o
                0x000000001780cdc8                usb_new_device
 .text.usb_init
                0x000000001780cde8       0xec common/built-in.o
                0x000000001780cde8                usb_init
 .text.usb_device_has_child_on_port
                0x000000001780ced4       0x10 common/built-in.o
                0x000000001780ced4                usb_device_has_child_on_port
 .text.usb_find_usb2_hub_address_port
                0x000000001780cee4       0x38 common/built-in.o
                0x000000001780cee4                usb_find_usb2_hub_address_port
 .text.usb_set_port_feature
                0x000000001780cf1c       0x2e common/built-in.o
 .text.usb_clear_port_feature
                0x000000001780cf4a       0x2e common/built-in.o
 .text.usb_get_hub_descriptor
                0x000000001780cf78       0x34 common/built-in.o
 .text.usb_hub_power_on
                0x000000001780cfac       0x48 common/built-in.o
 .text.usb_hub_reset_devices
                0x000000001780cff4        0x2 common/built-in.o
                0x000000001780cff4                usb_hub_reset_devices
 .text.usb_get_port_status
                0x000000001780cff6       0x32 common/built-in.o
                0x000000001780cff6                usb_get_port_status
 .text.usb_hub_reset
                0x000000001780d028        0xc common/built-in.o
                0x000000001780d028                usb_hub_reset
 .text.legacy_hub_port_reset
                0x000000001780d034       0x6e common/built-in.o
                0x000000001780d034                legacy_hub_port_reset
 *fill*         0x000000001780d0a2        0x2 
 .text.usb_hub_port_connect_change
                0x000000001780d0a4      0x104 common/built-in.o
                0x000000001780d0a4                usb_hub_port_connect_change
 .text.usb_hub_configure
                0x000000001780d1a8      0x1e8 common/built-in.o
 .text.usb_hub_probe
                0x000000001780d390       0x3c common/built-in.o
                0x000000001780d390                usb_hub_probe
 .text.usb_stor_irq
                0x000000001780d3cc       0x10 common/built-in.o
 .text.usb_stor_BBB_reset
                0x000000001780d3dc       0x8e common/built-in.o
 .text.usb_stor_CB_reset
                0x000000001780d46a       0x8e common/built-in.o
 .text.usb_stor_BBB_clear_endpt_stall.isra.2
                0x000000001780d4f8       0x2c common/built-in.o
 .text.usb_stor_BBB_transport
                0x000000001780d524      0x19c common/built-in.o
 .text.usb_stor_CB_comdat
                0x000000001780d6c0      0x150 common/built-in.o
 .text.usb_stor_CBI_get_status.isra.4
                0x000000001780d810       0x7c common/built-in.o
 .text.usb_stor_CB_transport
                0x000000001780d88c      0x150 common/built-in.o
 .text.usb_request_sense.constprop.10
                0x000000001780d9dc       0x44 common/built-in.o
 .text.usb_stor_write
                0x000000001780da20      0x100 common/built-in.o
                0x000000001780da20                usb_stor_write
 .text.usb_stor_read
                0x000000001780db20      0x100 common/built-in.o
                0x000000001780db20                usb_stor_read
 .text.usb_stor_get_dev
                0x000000001780dc20       0x1c common/built-in.o
                0x000000001780dc20                usb_stor_get_dev
 .text.usb_stor_info
                0x000000001780dc3c       0x4c common/built-in.o
                0x000000001780dc3c                usb_stor_info
 .text.usb_storage_probe
                0x000000001780dc88      0x160 common/built-in.o
                0x000000001780dc88                usb_storage_probe
 .text.usb_stor_get_info
                0x000000001780dde8      0x210 common/built-in.o
                0x000000001780dde8                usb_stor_get_info
 .text.usb_stor_scan
                0x000000001780dff8      0x154 common/built-in.o
                0x000000001780dff8                usb_stor_scan
 .text.do_imgextract
                0x000000001780e14c      0x1b8 common/built-in.o
 .text.splash_screen_prepare
                0x000000001780e304        0x4 common/built-in.o
                0x000000001780e304                splash_screen_prepare
 .text.splash_get_pos
                0x000000001780e308       0x54 common/built-in.o
                0x000000001780e308                splash_get_pos
 .text.menu_display_statusline
                0x000000001780e35c        0x2 common/built-in.o
                0x000000001780e35c                menu_display_statusline
 .text.menu_default_set
                0x000000001780e35e       0x48 common/built-in.o
                0x000000001780e35e                menu_default_set
 *fill*         0x000000001780e3a6        0x2 
 .text.menu_get_choice
                0x000000001780e3a8      0x11c common/built-in.o
                0x000000001780e3a8                menu_get_choice
 .text.menu_item_add
                0x000000001780e4c4       0x88 common/built-in.o
                0x000000001780e4c4                menu_item_add
 .text.menu_create
                0x000000001780e54c       0x54 common/built-in.o
                0x000000001780e54c                menu_create
 .text.menu_destroy
                0x000000001780e5a0       0x44 common/built-in.o
                0x000000001780e5a0                menu_destroy
 .text.do_env_delete
                0x000000001780e5e4       0x60 common/built-in.o
 .text.do_env_exists
                0x000000001780e644       0x40 common/built-in.o
 .text.do_env_save
                0x000000001780e684       0x20 common/built-in.o
 .text.do_env   0x000000001780e6a4       0x3c common/built-in.o
 .text.env_print
                0x000000001780e6e0       0x74 common/built-in.o
 .text.do_env_print
                0x000000001780e754       0x70 common/built-in.o
 .text.do_env_import
                0x000000001780e7c4      0x190 common/built-in.o
 .text.do_env_default
                0x000000001780e954       0x54 common/built-in.o
 .text._do_env_set.isra.1
                0x000000001780e9a8      0x128 common/built-in.o
 .text.do_env_set
                0x000000001780ead0       0x14 common/built-in.o
 .text.get_env_id
                0x000000001780eae4        0xc common/built-in.o
                0x000000001780eae4                get_env_id
 .text.setenv   0x000000001780eaf0       0x3c common/built-in.o
                0x000000001780eaf0                setenv
 .text.setenv_ulong
                0x000000001780eb2c       0x16 common/built-in.o
                0x000000001780eb2c                setenv_ulong
 *fill*         0x000000001780eb42        0x2 
 .text.setenv_hex
                0x000000001780eb44       0x20 common/built-in.o
                0x000000001780eb44                setenv_hex
 .text.do_env_export
                0x000000001780eb64      0x180 common/built-in.o
 .text.envmatch
                0x000000001780ece4       0x3e common/built-in.o
                0x000000001780ece4                envmatch
 *fill*         0x000000001780ed22        0x2 
 .text.getenv_f
                0x000000001780ed24       0x80 common/built-in.o
                0x000000001780ed24                getenv_f
 .text.getenv   0x000000001780eda4       0x50 common/built-in.o
                0x000000001780eda4                getenv
 .text.getenv_hex
                0x000000001780edf4       0x22 common/built-in.o
                0x000000001780edf4                getenv_hex
 .text.getenv_ulong
                0x000000001780ee16       0x1c common/built-in.o
                0x000000001780ee16                getenv_ulong
 *fill*         0x000000001780ee32        0x2 
 .text.do_env_edit.part.3
                0x000000001780ee34       0x68 common/built-in.o
 .text.do_env_edit
                0x000000001780ee9c       0x1c common/built-in.o
 .text.env_get_char_spec
                0x000000001780eeb8        0x8 common/built-in.o
                0x000000001780eeb8                env_get_char_spec
 .text.env_get_addr
                0x000000001780eec0       0x18 common/built-in.o
                0x000000001780eec0                env_get_addr
 .text.env_get_char_memory
                0x000000001780eed8        0xa common/built-in.o
                0x000000001780eed8                env_get_char_memory
 *fill*         0x000000001780eee2        0x2 
 .text.env_get_char
                0x000000001780eee4       0x20 common/built-in.o
                0x000000001780eee4                env_get_char
 .text.getenv_yesno
                0x000000001780ef04       0x2a common/built-in.o
                0x000000001780ef04                getenv_yesno
 .text.getenv_default
                0x000000001780ef2e       0x2a common/built-in.o
                0x000000001780ef2e                getenv_default
 .text.set_default_env
                0x000000001780ef58       0x80 common/built-in.o
                0x000000001780ef58                set_default_env
 .text.set_default_vars
                0x000000001780efd8       0x28 common/built-in.o
                0x000000001780efd8                set_default_vars
 .text.env_import
                0x000000001780f000       0x94 common/built-in.o
                0x000000001780f000                env_import
 .text.env_export
                0x000000001780f094       0x64 common/built-in.o
                0x000000001780f094                env_export
 .text.env_relocate
                0x000000001780f0f8       0x28 common/built-in.o
                0x000000001780f0f8                env_relocate
 .text.env_complete
                0x000000001780f120       0x94 common/built-in.o
                0x000000001780f120                env_complete
 .text.console_setfile
                0x000000001780f1b4       0x74 common/built-in.o
 .text.serial_printf
                0x000000001780f228       0x2c common/built-in.o
                0x000000001780f228                serial_printf
 .text.puts     0x000000001780f254       0x24 common/built-in.o
                0x000000001780f254                puts
 .text.putc     0x000000001780f278       0x24 common/built-in.o
                0x000000001780f278                putc
 .text.fgetc    0x000000001780f29c       0x18 common/built-in.o
                0x000000001780f29c                fgetc
 .text.getc     0x000000001780f2b4       0x1a common/built-in.o
                0x000000001780f2b4                getc
 *fill*         0x000000001780f2ce        0x2 
 .text.ftstc    0x000000001780f2d0       0x18 common/built-in.o
                0x000000001780f2d0                ftstc
 .text.tstc     0x000000001780f2e8       0x1a common/built-in.o
                0x000000001780f2e8                tstc
 *fill*         0x000000001780f302        0x2 
 .text.ctrlc    0x000000001780f304       0x38 common/built-in.o
                0x000000001780f304                ctrlc
 .text.confirm_yesno
                0x000000001780f33c       0x84 common/built-in.o
                0x000000001780f33c                confirm_yesno
 .text.had_ctrlc
                0x000000001780f3c0        0xc common/built-in.o
                0x000000001780f3c0                had_ctrlc
 .text.clear_ctrlc
                0x000000001780f3cc        0xc common/built-in.o
                0x000000001780f3cc                clear_ctrlc
 .text.search_device
                0x000000001780f3d8       0x16 common/built-in.o
                0x000000001780f3d8                search_device
 .text.console_assign
                0x000000001780f3ee       0x2a common/built-in.o
                0x000000001780f3ee                console_assign
 .text.on_console
                0x000000001780f418       0x70 common/built-in.o
 .text.console_init_f
                0x000000001780f488        0xa common/built-in.o
                0x000000001780f488                console_init_f
 *fill*         0x000000001780f492        0x2 
 .text.stdio_print_current_devices
                0x000000001780f494       0x78 common/built-in.o
                0x000000001780f494                stdio_print_current_devices
 .text.console_init_r
                0x000000001780f50c      0x100 common/built-in.o
                0x000000001780f50c                console_init_r
 .text.sbrk     0x000000001780f60c       0x44 common/built-in.o
                0x000000001780f60c                sbrk
 .text.mem_malloc_init
                0x000000001780f650       0x28 common/built-in.o
                0x000000001780f650                mem_malloc_init
 .text.malloc_trim
                0x000000001780f678       0x80 common/built-in.o
                0x000000001780f678                malloc_trim
 .text.free     0x000000001780f6f8      0x160 common/built-in.o
                0x000000001780f6f8                free
 .text.malloc   0x000000001780f858      0x414 common/built-in.o
                0x000000001780f858                malloc
 .text.calloc   0x000000001780fc6c       0xbc common/built-in.o
                0x000000001780fc6c                calloc
 .text.realloc  0x000000001780fd28      0x2e4 common/built-in.o
                0x000000001780fd28                realloc
 .text.memalign
                0x000000001781000c       0xbe common/built-in.o
                0x000000001781000c                memalign
 .text.initf_malloc
                0x00000000178100ca       0x14 common/built-in.o
                0x00000000178100ca                initf_malloc
 .text.malloc_simple
                0x00000000178100de       0x28 common/built-in.o
                0x00000000178100de                malloc_simple
 *fill*         0x0000000017810106        0x2 
 .text.on_loadaddr
                0x0000000017810108       0x20 common/built-in.o
 .text.image_check_hcrc
                0x0000000017810128       0x2a common/built-in.o
                0x0000000017810128                image_check_hcrc
 .text.image_check_dcrc
                0x0000000017810152       0x22 common/built-in.o
                0x0000000017810152                image_check_dcrc
 .text.image_multi_count
                0x0000000017810174       0x12 common/built-in.o
                0x0000000017810174                image_multi_count
 .text.image_multi_getimg
                0x0000000017810186       0x4e common/built-in.o
                0x0000000017810186                image_multi_getimg
 .text.getenv_bootm_low
                0x00000000178101d4       0x20 common/built-in.o
                0x00000000178101d4                getenv_bootm_low
 .text.getenv_bootm_size
                0x00000000178101f4       0x3c common/built-in.o
                0x00000000178101f4                getenv_bootm_size
 .text.getenv_bootm_mapsize
                0x0000000017810230       0x20 common/built-in.o
                0x0000000017810230                getenv_bootm_mapsize
 .text.memmove_wd
                0x0000000017810250        0xa common/built-in.o
                0x0000000017810250                memmove_wd
 *fill*         0x000000001781025a        0x2 
 .text.genimg_print_size
                0x000000001781025c       0x24 common/built-in.o
                0x000000001781025c                genimg_print_size
 .text.get_table_entry
                0x0000000017810280       0x12 common/built-in.o
                0x0000000017810280                get_table_entry
 .text.get_table_entry_name
                0x0000000017810292       0x14 common/built-in.o
                0x0000000017810292                get_table_entry_name
 *fill*         0x00000000178102a6        0x2 
 .text.genimg_get_os_name
                0x00000000178102a8       0x14 common/built-in.o
                0x00000000178102a8                genimg_get_os_name
 .text.genimg_get_arch_name
                0x00000000178102bc       0x14 common/built-in.o
                0x00000000178102bc                genimg_get_arch_name
 .text.genimg_get_type_name
                0x00000000178102d0       0x14 common/built-in.o
                0x00000000178102d0                genimg_get_type_name
 .text.genimg_get_comp_name
                0x00000000178102e4       0x14 common/built-in.o
                0x00000000178102e4                genimg_get_comp_name
 .text.image_print_contents
                0x00000000178102f8       0xec common/built-in.o
                0x00000000178102f8                image_print_contents
 .text.genimg_get_kernel_addr_fit
                0x00000000178103e4       0x14 common/built-in.o
                0x00000000178103e4                genimg_get_kernel_addr_fit
 .text.genimg_get_kernel_addr
                0x00000000178103f8       0x16 common/built-in.o
                0x00000000178103f8                genimg_get_kernel_addr
 *fill*         0x000000001781040e        0x2 
 .text.genimg_get_format
                0x0000000017810410       0x20 common/built-in.o
                0x0000000017810410                genimg_get_format
 .text.genimg_get_image
                0x0000000017810430        0x2 common/built-in.o
                0x0000000017810430                genimg_get_image
 .text.genimg_has_config
                0x0000000017810432        0x4 common/built-in.o
                0x0000000017810432                genimg_has_config
 *fill*         0x0000000017810436        0x2 
 .text.boot_get_ramdisk
                0x0000000017810438      0x19c common/built-in.o
                0x0000000017810438                boot_get_ramdisk
 .text.boot_ramdisk_high
                0x00000000178105d4       0xc8 common/built-in.o
                0x00000000178105d4                boot_ramdisk_high
 .text.boot_get_setup
                0x000000001781069c        0x6 common/built-in.o
                0x000000001781069c                boot_get_setup
 .text.image_setup_linux
                0x00000000178106a2       0x52 common/built-in.o
                0x00000000178106a2                image_setup_linux
 .text.fdt_error
                0x00000000178106f4       0x24 common/built-in.o
 .text.boot_fdt_add_mem_rsv_regions
                0x0000000017810718       0x54 common/built-in.o
                0x0000000017810718                boot_fdt_add_mem_rsv_regions
 .text.boot_relocate_fdt
                0x000000001781076c      0x108 common/built-in.o
                0x000000001781076c                boot_relocate_fdt
 .text.boot_get_fdt
                0x0000000017810874      0x1ac common/built-in.o
                0x0000000017810874                boot_get_fdt
 .text.ft_verify_fdt
                0x0000000017810a20        0x4 common/built-in.o
                0x0000000017810a20                ft_verify_fdt
 .text.image_setup_libfdt
                0x0000000017810a24       0xa4 common/built-in.o
                0x0000000017810a24                image_setup_libfdt
 .text.get_effective_memsize
                0x0000000017810ac8        0x6 common/built-in.o
                0x0000000017810ac8                get_effective_memsize
 .text.nulldev_putc
                0x0000000017810ace        0x2 common/built-in.o
 .text.nulldev_puts
                0x0000000017810ad0        0x2 common/built-in.o
 .text.nulldev_input
                0x0000000017810ad2        0x4 common/built-in.o
 .text.stdio_serial_tstc
                0x0000000017810ad6        0x4 common/built-in.o
 .text.stdio_serial_getc
                0x0000000017810ada        0x4 common/built-in.o
 .text.stdio_serial_puts
                0x0000000017810ade        0x6 common/built-in.o
 .text.stdio_serial_putc
                0x0000000017810ae4        0x6 common/built-in.o
 *fill*         0x0000000017810aea        0x2 
 .text.stdio_get_list
                0x0000000017810aec        0x8 common/built-in.o
                0x0000000017810aec                stdio_get_list
 .text.stdio_get_by_name
                0x0000000017810af4       0x34 common/built-in.o
                0x0000000017810af4                stdio_get_by_name
 .text.stdio_clone
                0x0000000017810b28       0x22 common/built-in.o
                0x0000000017810b28                stdio_clone
 *fill*         0x0000000017810b4a        0x2 
 .text.stdio_register_dev
                0x0000000017810b4c       0x30 common/built-in.o
                0x0000000017810b4c                stdio_register_dev
 .text.stdio_register
                0x0000000017810b7c        0x6 common/built-in.o
                0x0000000017810b7c                stdio_register
 *fill*         0x0000000017810b82        0x2 
 .text.stdio_init_tables
                0x0000000017810b84       0x14 common/built-in.o
                0x0000000017810b84                stdio_init_tables
 .text.stdio_add_devices
                0x0000000017810b98       0x90 common/built-in.o
                0x0000000017810b98                stdio_add_devices
 .text.cli_simple_process_macros
                0x0000000017810c28      0x11a common/built-in.o
                0x0000000017810c28                cli_simple_process_macros
 .text.run_command
                0x0000000017810d42        0xe common/built-in.o
                0x0000000017810d42                run_command
 .text.run_command_list
                0x0000000017810d50       0x46 common/built-in.o
                0x0000000017810d50                run_command_list
 *fill*         0x0000000017810d96        0x2 
 .text.do_run   0x0000000017810d98       0x4c common/built-in.o
                0x0000000017810d98                do_run
 .text.cli_loop
                0x0000000017810de4        0x8 common/built-in.o
                0x0000000017810de4                cli_loop
 .text.cli_init
                0x0000000017810dec        0x4 common/built-in.o
                0x0000000017810dec                cli_init
 .text.delete_char.part.0
                0x0000000017810df0       0x7c common/built-in.o
 .text.cread_add_char
                0x0000000017810e6c       0x80 common/built-in.o
 .text.cli_readline_into_buffer
                0x0000000017810eec      0x610 common/built-in.o
                0x0000000017810eec                cli_readline_into_buffer
 .text.cli_readline
                0x00000000178114fc       0x10 common/built-in.o
                0x00000000178114fc                cli_readline
 .text.find_cmd_tbl
                0x000000001781150c       0x64 common/built-in.o
                0x000000001781150c                find_cmd_tbl
 .text.find_cmd
                0x0000000017811570       0x1c common/built-in.o
                0x0000000017811570                find_cmd
 .text.cmd_usage
                0x000000001781158c       0x3c common/built-in.o
                0x000000001781158c                cmd_usage
 .text._do_help
                0x00000000178115c8      0x104 common/built-in.o
                0x00000000178115c8                _do_help
 .text.var_complete
                0x00000000178116cc       0x40 common/built-in.o
                0x00000000178116cc                var_complete
 .text.cmd_auto_complete
                0x000000001781170c      0x300 common/built-in.o
                0x000000001781170c                cmd_auto_complete
 .text.cmd_get_data_size
                0x0000000017811a0c       0x38 common/built-in.o
                0x0000000017811a0c                cmd_get_data_size
 .text.cmd_process
                0x0000000017811a44       0x98 common/built-in.o
                0x0000000017811a44                cmd_process
 .text.cmd_process_error
                0x0000000017811adc       0x1c common/built-in.o
                0x0000000017811adc                cmd_process_error
 .text.hex1_bin
                0x0000000017811af8       0x2a common/built-in.o
 .text.hex2_bin
                0x0000000017811b22       0x24 common/built-in.o
 .text.srec_decode
                0x0000000017811b46      0x184 common/built-in.o
                0x0000000017811b46                srec_decode
 *fill*         0x0000000017811cca        0x2 
 .text.CYGACC_COMM_IF_GETC_TIMEOUT.isra.0
                0x0000000017811ccc       0x2c common/built-in.o
 .text.xyzModem_flush
                0x0000000017811cf8       0x14 common/built-in.o
 .text.xyzModem_get_hdr
                0x0000000017811d0c      0x174 common/built-in.o
 .text.xyzModem_stream_open
                0x0000000017811e80      0x178 common/built-in.o
                0x0000000017811e80                xyzModem_stream_open
 .text.xyzModem_stream_read
                0x0000000017811ff8      0x1c4 common/built-in.o
                0x0000000017811ff8                xyzModem_stream_read
 .text.xyzModem_stream_close
                0x00000000178121bc       0x40 common/built-in.o
                0x00000000178121bc                xyzModem_stream_close
 .text.xyzModem_stream_terminate
                0x00000000178121fc       0x68 common/built-in.o
                0x00000000178121fc                xyzModem_stream_terminate
 .text.xyzModem_error
                0x0000000017812264       0x18 common/built-in.o
                0x0000000017812264                xyzModem_error
 .text.common_diskboot
                0x000000001781227c      0x180 common/built-in.o
                0x000000001781227c                common_diskboot
 .text.get_dev_hwpart
                0x00000000178123fc       0x64 disk/built-in.o
 .text.print_part_header
                0x0000000017812460       0x84 disk/built-in.o
 .text.dev_print
                0x00000000178124e4      0x150 disk/built-in.o
                0x00000000178124e4                dev_print
 .text.init_part
                0x0000000017812634       0x20 disk/built-in.o
                0x0000000017812634                init_part
 .text.print_part
                0x0000000017812654       0x48 disk/built-in.o
                0x0000000017812654                print_part
 .text.get_partition_info
                0x000000001781269c       0x2c disk/built-in.o
                0x000000001781269c                get_partition_info
 .text.get_device
                0x00000000178126c8       0xa4 disk/built-in.o
                0x00000000178126c8                get_device
 .text.get_device_and_partition
                0x000000001781276c      0x260 disk/built-in.o
                0x000000001781276c                get_device_and_partition
 .text.test_block_type
                0x00000000178129cc       0x50 disk/built-in.o
 .text.print_partition_extended
                0x0000000017812a1c      0x1b8 disk/built-in.o
 .text.get_partition_info_extended
                0x0000000017812bd4      0x244 disk/built-in.o
 .text.test_part_dos
                0x0000000017812e18       0x42 disk/built-in.o
                0x0000000017812e18                test_part_dos
 *fill*         0x0000000017812e5a        0x2 
 .text.print_part_dos
                0x0000000017812e5c       0x20 disk/built-in.o
                0x0000000017812e5c                print_part_dos
 .text.get_partition_info_dos
                0x0000000017812e7c       0x18 disk/built-in.o
                0x0000000017812e7c                get_partition_info_dos
 .text.print_efiname
                0x0000000017812e94       0x34 disk/built-in.o
 .text.validate_gpt_entries
                0x0000000017812ec8       0x80 disk/built-in.o
 .text.validate_gpt_header
                0x0000000017812f48      0x1a8 disk/built-in.o
 .text.is_gpt_valid
                0x00000000178130f0      0x13c disk/built-in.o
 .text.is_pte_valid
                0x000000001781322c       0x38 disk/built-in.o
 .text.print_part_efi
                0x0000000017813264      0x1fc disk/built-in.o
                0x0000000017813264                print_part_efi
 .text.get_partition_info_efi
                0x0000000017813460      0x174 disk/built-in.o
                0x0000000017813460                get_partition_info_efi
 .text.test_part_efi
                0x00000000178135d4       0x88 disk/built-in.o
                0x00000000178135d4                test_part_efi
 .text.alloc_priv
                0x000000001781365c       0x2e drivers/built-in.o
 *fill*         0x000000001781368a        0x2 
 .text.device_bind
                0x000000001781368c      0x1c0 drivers/built-in.o
                0x000000001781368c                device_bind
 .text.device_bind_by_name
                0x000000001781384c       0x3e drivers/built-in.o
                0x000000001781384c                device_bind_by_name
 .text.device_probe
                0x000000001781388a        0x6 drivers/built-in.o
                0x000000001781388a                device_probe
 .text.device_probe_child
                0x0000000017813890      0x144 drivers/built-in.o
                0x0000000017813890                device_probe_child
 .text.lists_driver_lookup_name
                0x00000000178139d4       0x30 drivers/built-in.o
                0x00000000178139d4                lists_driver_lookup_name
 .text.lists_uclass_lookup
                0x0000000017813a04       0x2c drivers/built-in.o
                0x0000000017813a04                lists_uclass_lookup
 .text.lists_bind_drivers
                0x0000000017813a30       0x5c drivers/built-in.o
                0x0000000017813a30                lists_bind_drivers
 .text.dm_root  0x0000000017813a8c       0x1c drivers/built-in.o
                0x0000000017813a8c                dm_root
 .text.dm_init  0x0000000017813aa8       0x44 drivers/built-in.o
                0x0000000017813aa8                dm_init
 .text.dm_scan_platdata
                0x0000000017813aec       0x20 drivers/built-in.o
                0x0000000017813aec                dm_scan_platdata
 .text.dm_scan_other
                0x0000000017813b0c        0x4 drivers/built-in.o
                0x0000000017813b0c                dm_scan_other
 .text.dm_init_and_scan
                0x0000000017813b10       0x1e drivers/built-in.o
                0x0000000017813b10                dm_init_and_scan
 .text.uclass_find
                0x0000000017813b2e       0x30 drivers/built-in.o
                0x0000000017813b2e                uclass_find
 .text.uclass_get
                0x0000000017813b5e       0xaa drivers/built-in.o
                0x0000000017813b5e                uclass_get
 .text.uclass_find_device_by_seq
                0x0000000017813c08       0x4c drivers/built-in.o
                0x0000000017813c08                uclass_find_device_by_seq
 .text.uclass_bind_device
                0x0000000017813c54       0x4e drivers/built-in.o
                0x0000000017813c54                uclass_bind_device
 .text.uclass_unbind_device
                0x0000000017813ca2       0x24 drivers/built-in.o
                0x0000000017813ca2                uclass_unbind_device
 *fill*         0x0000000017813cc6        0x2 
 .text.uclass_resolve_seq
                0x0000000017813cc8       0x64 drivers/built-in.o
                0x0000000017813cc8                uclass_resolve_seq
 .text.uclass_pre_probe_device
                0x0000000017813d2c       0x2e drivers/built-in.o
                0x0000000017813d2c                uclass_pre_probe_device
 .text.uclass_post_probe_device
                0x0000000017813d5a        0xe drivers/built-in.o
                0x0000000017813d5a                uclass_post_probe_device
 .text.uclass_pre_remove_device
                0x0000000017813d68        0xe drivers/built-in.o
                0x0000000017813d68                uclass_pre_remove_device
 .text.dm_warn  0x0000000017813d76       0x1a drivers/built-in.o
                0x0000000017813d76                dm_warn
 .text.device_free
                0x0000000017813d90       0x44 drivers/built-in.o
                0x0000000017813d90                device_free
 .text.device_remove
                0x0000000017813dd4       0xc0 drivers/built-in.o
                0x0000000017813dd4                device_remove
 .text.show_devices
                0x0000000017813e94       0xa8 drivers/built-in.o
 .text.dm_dump_all
                0x0000000017813f3c       0x30 drivers/built-in.o
                0x0000000017813f3c                dm_dump_all
 .text.dm_dump_uclass
                0x0000000017813f6c       0x8c drivers/built-in.o
                0x0000000017813f6c                dm_dump_uclass
 .text.finish_access
                0x0000000017813ff8       0x20 drivers/built-in.o
 .text.prepare_access
                0x0000000017814018       0x4c drivers/built-in.o
 .text.set_timing
                0x0000000017814064       0x80 drivers/built-in.o
 .text.fuse_bank_physical
                0x00000000178140e4       0x3e drivers/built-in.o
                0x00000000178140e4                fuse_bank_physical
 *fill*         0x0000000017814122        0x2 
 .text.fuse_read
                0x0000000017814124       0x48 drivers/built-in.o
                0x0000000017814124                fuse_read
 .text.fuse_sense
                0x000000001781416c       0x68 drivers/built-in.o
                0x000000001781416c                fuse_sense
 .text.fuse_prog
                0x00000000178141d4       0x68 drivers/built-in.o
                0x00000000178141d4                fuse_prog
 .text.fuse_override
                0x000000001781423c       0x44 drivers/built-in.o
                0x000000001781423c                fuse_override
 .text.video_drawchars
                0x0000000017814280      0x308 drivers/built-in.o
 .text.draw_bitmap
                0x0000000017814588       0x78 drivers/built-in.o
 .text.console_newline.constprop.1
                0x0000000017814600       0x90 drivers/built-in.o
 .text.video_putc
                0x0000000017814690       0xe4 drivers/built-in.o
 .text.video_puts
                0x0000000017814774       0x50 drivers/built-in.o
 .text.board_cfb_skip
                0x00000000178147c4        0x4 drivers/built-in.o
                0x00000000178147c4                board_cfb_skip
 .text.video_set_lut
                0x00000000178147c8        0x2 drivers/built-in.o
                0x00000000178147c8                video_set_lut
 *fill*         0x00000000178147ca        0x2 
 .text.display_rle8_bitmap
                0x00000000178147cc      0x260 drivers/built-in.o
 .text.plot_logo_or_black
                0x0000000017814a2c      0x1b8 drivers/built-in.o
 .text.do_clrlogo
                0x0000000017814be4       0x30 drivers/built-in.o
 .text.video_display_bitmap
                0x0000000017814c14      0x6a8 drivers/built-in.o
                0x0000000017814c14                video_display_bitmap
 .text.video_clear
                0x00000000178152bc       0x34 drivers/built-in.o
                0x00000000178152bc                video_clear
 .text.drv_video_init
                0x00000000178152f0      0x274 drivers/built-in.o
                0x00000000178152f0                drv_video_init
 .text.mxcfb_map_video_memory
                0x0000000017815564       0x68 drivers/built-in.o
 .text.ipuv3_fb_shutdown
                0x00000000178155cc       0x40 drivers/built-in.o
                0x00000000178155cc                ipuv3_fb_shutdown
 .text.video_hw_init
                0x000000001781560c      0x444 drivers/built-in.o
                0x000000001781560c                video_hw_init
 .text.ipuv3_fb_init
                0x0000000017815a50       0x1c drivers/built-in.o
                0x0000000017815a50                ipuv3_fb_init
 .text.clk_ipu_enable
                0x0000000017815a6c       0x12 drivers/built-in.o
 .text.clk_ipu_disable
                0x0000000017815a7e       0x12 drivers/built-in.o
 .text.ipu_pixel_clk_recalc
                0x0000000017815a90       0x2c drivers/built-in.o
 .text.ipu_pixel_clk_round_rate
                0x0000000017815abc       0x54 drivers/built-in.o
 .text.ipu_pixel_clk_set_rate
                0x0000000017815b10       0x44 drivers/built-in.o
 .text.ipu_pixel_clk_enable
                0x0000000017815b54       0x20 drivers/built-in.o
 .text.ipu_pixel_clk_disable
                0x0000000017815b74       0x1c drivers/built-in.o
 .text.ipu_pixel_clk_set_parent
                0x0000000017815b90       0x60 drivers/built-in.o
 .text.clk_enable
                0x0000000017815bf0       0x10 drivers/built-in.o
                0x0000000017815bf0                clk_enable
 .text.clk_disable
                0x0000000017815c00       0x14 drivers/built-in.o
                0x0000000017815c00                clk_disable
 .text.clk_get_usecount
                0x0000000017815c14        0x8 drivers/built-in.o
                0x0000000017815c14                clk_get_usecount
 .text.clk_get_rate
                0x0000000017815c1c        0x6 drivers/built-in.o
                0x0000000017815c1c                clk_get_rate
 .text.clk_get_parent
                0x0000000017815c22        0x6 drivers/built-in.o
                0x0000000017815c22                clk_get_parent
 .text.clk_set_rate
                0x0000000017815c28       0x10 drivers/built-in.o
                0x0000000017815c28                clk_set_rate
 .text.clk_round_rate
                0x0000000017815c38        0xc drivers/built-in.o
                0x0000000017815c38                clk_round_rate
 .text.clk_set_parent