ehci-hcd.c:122:12:ehci_get_port_speed	0	static
ehci-hcd.c:127:13:ehci_set_usbmode	0	static
ehci-hcd.c:147:18:ehci_get_portsc_register	0	static
ehci-hcd.c:141:13:ehci_powerup_fixup	0	static
ehci-hcd.c:158:12:handshake	24	static
ehci-hcd.c:202:12:ehci_shutdown	16	static
ehci-hcd.c:235:12:ehci_td_buffer	16	static
ehci-hcd.c:1379:14:_ehci_poll_int_queue	24	static
ehci-hcd.c:1196:1:disable_periodic.isra.2	8	static
ehci-hcd.c:1175:1:enable_periodic.isra.3	8	static
ehci-hcd.c:1420:12:_ehci_destroy_int_queue	32	static
ehci-hcd.c:279:13:ehci_update_endpt2_dev_n_port.isra.4	16	static
ehci-hcd.c:295:1:ehci_submit_async	224	static
ehci-hcd.c:1215:26:_ehci_create_int_queue.isra.6	80	static
ehci-hcd.c:962:6:ehci_set_controller_priv	20	static
ehci-hcd.c:970:7:ehci_get_controller_priv	0	static
ehci-hcd.c:1086:5:usb_lowlevel_stop	8	static
ehci-hcd.c:1092:5:usb_lowlevel_init	32	static
ehci-hcd.c:1505:5:submit_bulk_msg	16	static
ehci-hcd.c:1511:5:submit_control_msg	56	static
ehci-hcd.c:1517:5:submit_int_msg	32	static
ehci-hcd.c:1523:19:create_int_queue	0	static
ehci-hcd.c:1531:7:poll_int_queue	0	static
ehci-hcd.c:1536:5:destroy_int_queue	0	static
