mxc_i2c.c:189:12:wait_for_sr_state	48	static
mxc_i2c.c:223:12:tx_byte	16	static
mxc_i2c.c:165:12:bus_i2c_set_bus_speed	16	static
mxc_i2c.c:615:12:mxc_i2c_set_bus_speed	0	static
mxc_i2c.c:253:13:i2c_imx_stop	8	static
mxc_i2c.c:244:6:__i2c_force_reset_slave	0	static
mxc_i2c.c:329:5:i2c_idle_bus	0	static
mxc_i2c.c:350:12:i2c_init_transfer	56	static
mxc_i2c.c:562:12:mxc_i2c_probe	8	static
mxc_i2c.c:545:12:mxc_i2c_read	32	static
mxc_i2c.c:552:12:mxc_i2c_write	24	static
mxc_i2c.c:540:21:i2c_get_base	0	static
mxc_i2c.c:567:5:__enable_i2c_clk	0	static
mxc_i2c.c:574:6:bus_i2c_init	16	static
mxc_i2c.c:607:13:mxc_i2c_init	16	static
