cache_v7.c:137:13:v7_maint_dcache_all	24	static
cache_v7.c:313:6:invalidate_icache_all	0	static
cache_v7.c:337:13:v7_outer_cache_enable	0	static
cache_v7.c:338:13:v7_outer_cache_disable	0	static
cache_v7.c:339:13:v7_outer_cache_flush_all	0	static
cache_v7.c:247:6:flush_dcache_all	8	static
cache_v7.c:340:13:v7_outer_cache_inval_all	0	static
cache_v7.c:236:6:invalidate_dcache_all	8	static
cache_v7.c:277:6:arm_init_before_mmu	8	static
cache_v7.c:341:13:v7_outer_cache_flush_range	0	static
cache_v7.c:270:6:flush_dcache_range	0	static
cache_v7.c:284:6:mmu_page_table_flush	8	static
cache_v7.c:342:13:v7_outer_cache_inval_range	0	static
cache_v7.c:258:6:invalidate_dcache_range	24	static
