wandboard.c:369:13:is_revc1	8	static
wandboard.c:265:13:enable_fwadapt_7wvga	8	static
wandboard.c:254:13:do_enable_hdmi	0	static
wandboard.c:259:12:detect_i2c	8	static
wandboard.c:55:5:dram_init	8	static
wandboard.c:134:5:board_mmc_getcd	8	static
wandboard.c:151:5:board_mmc_init	16	static
wandboard.c:335:5:board_eth_init	8	static
wandboard.c:342:5:board_early_init_f	8	static
wandboard.c:355:5:overwrite_console	0	static
wandboard.c:380:5:board_late_init	8	static
wandboard.c:400:5:board_init	8	static
wandboard.c:414:5:checkboard	8	static
