fdt_rw.c:17:12:_fdt_blocks_misordered	8	static
fdt_rw.c:56:12:_fdt_splice	24	static
fdt_rw.c:69:12:_fdt_splice_mem_rsv	16	static
fdt_rw.c:82:12:_fdt_splice_struct	16	static
fdt_rw.c:353:13:_fdt_packblocks	24	static
fdt_rw.c:109:12:_fdt_find_add_string	24	static
fdt_rw.c:182:12:_fdt_add_property	24	static
fdt_rw.c:29:12:_fdt_rw_check_header	16	static
fdt_rw.c:131:5:fdt_add_mem_rsv	40	static
fdt_rw.c:148:5:fdt_del_mem_rsv	24	static
fdt_rw.c:210:5:fdt_set_name	32	static
fdt_rw.c:233:5:fdt_setprop	40	static
fdt_rw.c:251:5:fdt_appendprop	40	static
fdt_rw.c:278:5:fdt_delprop	32	static
fdt_rw.c:293:5:fdt_add_subnode_namelen	40	static
fdt_rw.c:334:5:fdt_add_subnode	16	static
fdt_rw.c:339:5:fdt_del_node	16	static
fdt_rw.c:375:5:fdt_open_into	40	static
fdt_rw.c:439:5:fdt_pack	16	static
fdt_rw.c:453:5:fdt_remove_unused_strings	32	static
