phy.c:430:5:genphy_shutdown	0	static
phy.c:142:5:genphy_restart_aneg	24	static
phy.c:170:5:genphy_config_aneg	32	static
phy.c:369:5:genphy_config	16	static
phy.c:210:5:genphy_update_link	24	static
phy.c:278:5:genphy_parse_link	24	static
phy.c:422:5:genphy_startup	8	static
phy.c:447:5:phy_init	8	static
phy.c:498:5:phy_register	0	static
phy.c:605:12:get_phy_id	24	static
phy.c:659:27:get_phy_device_by_mask	48	static
phy.c:704:5:phy_reset	24	static
phy.c:759:5:miiphy_reset	8	static
phy.c:774:20:phy_find_by_mask	16	static
phy.c:791:6:phy_connect_dev	24	static
phy.c:809:20:phy_connect	24	static
phy.c:826:5:phy_startup	0	static
phy.c:834:12:board_phy_config	0	static
phy.c:841:5:phy_config	8	static
phy.c:849:5:phy_shutdown	8	static
phy.c:857:5:phy_get_interface_by_name	16	static
