fs.c:37:19:fs_probe_unsupported	8	static
fs.c:49:19:fs_exists_unsupported	0	static
fs.c:54:19:fs_size_unsupported	0	static
fs.c:66:19:fs_write_unsupported	0	static
fs.c:73:20:fs_close_unsupported	0	static
fs.c:77:19:fs_uuid_unsupported	0	static
fs.c:191:28:fs_get_info	8	static
fs.c:248:13:fs_close	8	static
fs.c:59:19:fs_read_unsupported	0	static
fs.c:44:19:fs_ls_unsupported	0	static
fs.c:205:5:fs_set_blk_dev	24	static
fs.c:257:5:fs_uuid	8	static
fs.c:264:5:fs_ls	16	static
fs.c:278:5:fs_exists	8	static
fs.c:291:5:fs_size	16	static
fs.c:304:5:fs_read	48	static
fs.c:327:5:fs_write	48	static
fs.c:347:5:do_size	24	static
fs.c:366:5:do_load	72	static
fs.c:436:5:do_ls	16	static
fs.c:453:5:file_exists	8	static
fs.c:462:5:do_save	64	static
fs.c:504:5:do_fs_uuid	56	static
fs.c:529:5:do_fs_type	16	static
