cfb_console.c:401:13:video_drawchars	40	static
cfb_console.c:1206:13:draw_bitmap	32	static
cfb_console.c:822:13:console_newline.constprop	20	static
cfb_console.c:888:13:video_putc	24	static
cfb_console.c:1102:13:video_puts	24	static
cfb_console.c:395:12:board_cfb_skip	0	static
cfb_console.c:1124:13:video_set_lut	0	static
cfb_console.c:1243:12:display_rle8_bitmap	1088	static
cfb_console.c:1803:13:plot_logo_or_black	48	static
cfb_console.c:1788:12:do_clrlogo	8	static
cfb_console.c:1392:5:video_display_bitmap	56	static
cfb_console.c:2058:6:video_clear	0	static
cfb_console.c:2186:12:board_video_skip	0	static
cfb_console.c:2192:5:drv_video_init	168	static
cfb_console.c:2247:6:video_position_cursor	8	static
cfb_console.c:2253:5:video_get_pixel_width	0	static
cfb_console.c:2258:5:video_get_pixel_height	0	static
cfb_console.c:2263:5:video_get_screen_rows	0	static
cfb_console.c:2268:5:video_get_screen_columns	0	static
