device.c:501:24:_device_find_global_by_of_offset	16	static
device.c:204:14:alloc_priv	16	static
device.c:29:5:device_bind	40	static
device.c:189:5:device_bind_by_name	32	static
device.c:343:5:device_probe	0	static
device.c:219:5:device_probe_child	24	static
device.c:348:7:dev_get_platdata	8	static
device.c:358:7:dev_get_parent_platdata	8	static
device.c:368:7:dev_get_uclass_platdata	8	static
device.c:378:7:dev_get_priv	8	static
device.c:388:7:dev_get_uclass_priv	8	static
device.c:398:7:dev_get_parent_priv	8	static
device.c:423:5:device_get_child	16	static
device.c:435:5:device_find_child_by_seq	16	static
device.c:455:5:device_get_child_by_seq	32	static
device.c:473:5:device_find_child_by_of_offset	12	static
device.c:490:5:device_get_child_by_of_offset	24	static
device.c:518:5:device_get_global_by_of_offset	16	static
device.c:526:5:device_find_first_child	0	static
device.c:538:5:device_find_next_child	0	static
device.c:553:17:dev_get_parent	0	static
device.c:558:7:dev_get_driver_data	0	static
device.c:563:13:dev_get_driver_ops	0	static
device.c:571:16:device_get_uclass_id	0	static
device.c:576:13:dev_get_uclass_name	0	static
device.c:584:12:dev_get_addr	0	static
device.c:623:6:device_has_children	0	static
device.c:628:6:device_has_active_children	16	static
device.c:642:6:device_is_last_sibling	0	static
device.c:651:5:device_set_name	8	static
