uclass.c:22:16:uclass_find	8	static
uclass.c:104:5:uclass_destroy	16	static
uclass.c:138:5:uclass_get	24	static
uclass.c:151:5:uclass_find_device	24	static
uclass.c:174:5:uclass_find_first_device	16	static
uclass.c:191:5:uclass_find_next_device	0	static
uclass.c:204:5:uclass_find_device_by_name	32	static
uclass.c:228:5:uclass_find_device_by_seq	24	static
uclass.c:312:5:uclass_get_device_tail	16	static
uclass.c:328:5:uclass_get_device	16	static
uclass.c:338:5:uclass_get_device_by_name	16	static
uclass.c:349:5:uclass_get_device_by_seq	24	static
uclass.c:366:5:uclass_get_device_by_of_offset	24	static
uclass.c:377:5:uclass_get_device_by_phandle	32	static
uclass.c:388:5:uclass_first_device	16	static
uclass.c:400:5:uclass_next_device	16	static
uclass.c:412:5:uclass_bind_device	16	static
uclass.c:444:5:uclass_unbind_device	8	static
uclass.c:461:5:uclass_resolve_seq	24	static
uclass.c:492:5:uclass_pre_probe_device	8	static
uclass.c:513:5:uclass_post_probe_device	0	static
uclass.c:524:5:uclass_pre_remove_device	0	static
