Archive member included to satisfy reference by file (symbol)

/usr/lib/gcc/arm-none-eabi/4.9.3/armv7-ar/thumb/libgcc.a(_udivsi3.o)
                              arch/arm/cpu/armv7/built-in.o (__aeabi_uidiv)
/usr/lib/gcc/arm-none-eabi/4.9.3/armv7-ar/thumb/libgcc.a(_divsi3.o)
                              arch/arm/cpu/armv7/built-in.o (__aeabi_idiv)
/usr/lib/gcc/arm-none-eabi/4.9.3/armv7-ar/thumb/libgcc.a(_dvmd_tls.o)
                              /usr/lib/gcc/arm-none-eabi/4.9.3/armv7-ar/thumb/libgcc.a(_udivsi3.o) (__aeabi_idiv0)
/usr/lib/gcc/arm-none-eabi/4.9.3/armv7-ar/thumb/libgcc.a(_lshrdi3.o)
                              lib/built-in.o (__aeabi_llsr)
/usr/lib/gcc/arm-none-eabi/4.9.3/armv7-ar/thumb/libgcc.a(_ashldi3.o)
                              drivers/built-in.o (__aeabi_llsl)

Discarded input sections

 .data          0x0000000000000000        0x0 arch/arm/cpu/armv7/start.o
 .bss           0x0000000000000000        0x0 arch/arm/cpu/armv7/start.o
 .text.v7_maint_dcache_all
                0x0000000000000000       0xae arch/arm/cpu/armv7/built-in.o
 .text.invalidate_icache_all
                0x0000000000000000       0x14 arch/arm/cpu/armv7/built-in.o
 .text.v7_outer_cache_enable
                0x0000000000000000        0x2 arch/arm/cpu/armv7/built-in.o
 .text.v7_outer_cache_disable
                0x0000000000000000        0x2 arch/arm/cpu/armv7/built-in.o
 .text.v7_outer_cache_flush_all
                0x0000000000000000        0x2 arch/arm/cpu/armv7/built-in.o
 .text.flush_dcache_all
                0x0000000000000000       0x10 arch/arm/cpu/armv7/built-in.o
 .text.v7_outer_cache_inval_all
                0x0000000000000000        0x2 arch/arm/cpu/armv7/built-in.o
 .text.invalidate_dcache_all
                0x0000000000000000       0x10 arch/arm/cpu/armv7/built-in.o
 .text.arm_init_before_mmu
                0x0000000000000000       0x22 arch/arm/cpu/armv7/built-in.o
 .text.mmu_page_table_flush
                0x0000000000000000       0x1e arch/arm/cpu/armv7/built-in.o
 .text.cpu_cache_initialization
                0x0000000000000000        0x2 arch/arm/cpu/armv7/built-in.o
 .text.cleanup_before_linux_select
                0x0000000000000000       0x38 arch/arm/cpu/armv7/built-in.o
 .text.cleanup_before_linux
                0x0000000000000000        0x6 arch/arm/cpu/armv7/built-in.o
 .text.v7_arch_cp15_set_l2aux_ctrl
                0x0000000000000000        0x6 arch/arm/cpu/armv7/built-in.o
 .text.v7_arch_cp15_set_acr
                0x0000000000000000        0x6 arch/arm/cpu/armv7/built-in.o
 .text.sdelay   0x0000000000000000        0x6 arch/arm/cpu/armv7/built-in.o
 .text.wait_on_value
                0x0000000000000000       0x1a arch/arm/cpu/armv7/built-in.o
 .text.get_nr_cpus
                0x0000000000000000        0xc arch/arm/cpu/armv7/built-in.o
 .text.get_cpu_speed_grade_hz
                0x0000000000000000       0x78 arch/arm/cpu/armv7/built-in.o
 .text.get_cpu_temp_grade
                0x0000000000000000       0x44 arch/arm/cpu/armv7/built-in.o
 .text.get_board_rev
                0x0000000000000000       0x26 arch/arm/cpu/armv7/built-in.o
 .text.board_postclk_init
                0x0000000000000000       0x40 arch/arm/cpu/armv7/built-in.o
 .text.imx_get_mac_from_fuse
                0x0000000000000000       0x24 arch/arm/cpu/armv7/built-in.o
 .text.reset_misc
                0x0000000000000000        0x2 arch/arm/cpu/armv7/built-in.o
 .text.imx_enable_hdmi_phy
                0x0000000000000000       0x3c arch/arm/cpu/armv7/built-in.o
 .text.enable_ocotp_clk
                0x0000000000000000       0x1c arch/arm/cpu/armv7/built-in.o
 .text.enable_usboh3_clk
                0x0000000000000000       0x20 arch/arm/cpu/armv7/built-in.o
 .text.enable_enet_clk
                0x0000000000000000       0x34 arch/arm/cpu/armv7/built-in.o
 .text.enable_uart_clk
                0x0000000000000000       0x38 arch/arm/cpu/armv7/built-in.o
 .text.enable_usdhc_clk
                0x0000000000000000       0x34 arch/arm/cpu/armv7/built-in.o
 .text.enable_spi_clk
                0x0000000000000000       0x2c arch/arm/cpu/armv7/built-in.o
 .text.enable_fec_anatop_clock
                0x0000000000000000       0x98 arch/arm/cpu/armv7/built-in.o
 .text.enable_thermal_clk
                0x0000000000000000       0x30 arch/arm/cpu/armv7/built-in.o
 .text.imx_get_fecclk
                0x0000000000000000        0x6 arch/arm/cpu/armv7/built-in.o
 .text.do_mx6_showclocks
                0x0000000000000000      0x1a8 arch/arm/cpu/armv7/built-in.o
 .text.cpu_reset
                0x0000000000000000       0x1c arch/arm/cpu/armv7/built-in.o
 .text.cpu_status
                0x0000000000000000       0x2c arch/arm/cpu/armv7/built-in.o
 .text.cpu_release
                0x0000000000000000       0x68 arch/arm/cpu/armv7/built-in.o
 .text.is_core_valid
                0x0000000000000000       0x12 arch/arm/cpu/armv7/built-in.o
 .text.cpu_disable
                0x0000000000000000       0x1c arch/arm/cpu/armv7/built-in.o
 .rodata.soc_boot_modes
                0x0000000000000000       0x60 arch/arm/cpu/armv7/built-in.o
 .rodata.cpu_ctrl_mask
                0x0000000000000000       0x10 arch/arm/cpu/armv7/built-in.o
 .rodata.cpu_reset_mask
                0x0000000000000000       0x10 arch/arm/cpu/armv7/built-in.o
 .data          0x0000000000000000        0x0 arch/arm/cpu/armv7/built-in.o
 .u_boot_list_2_cmd_2_clocks
                0x0000000000000000       0x1c arch/arm/cpu/armv7/built-in.o
 .bss           0x0000000000000000        0x0 arch/arm/cpu/armv7/built-in.o
 .text.board_init_f
                0x0000000000000000       0x28 arch/arm/lib/built-in.o
 .text.arch_reserve_stacks
                0x0000000000000000       0x16 arch/arm/lib/built-in.o
 .text.interrupt_init
                0x0000000000000000       0x14 arch/arm/lib/built-in.o
 .text.enable_interrupts
                0x0000000000000000        0x2 arch/arm/lib/built-in.o
 .text.disable_interrupts
                0x0000000000000000        0x4 arch/arm/lib/built-in.o
 .text.bad_mode
                0x0000000000000000        0xc arch/arm/lib/built-in.o
 .text.show_regs
                0x0000000000000000      0x108 arch/arm/lib/built-in.o
 .text.do_undefined_instruction
                0x0000000000000000       0x18 arch/arm/lib/built-in.o
 .text.do_software_interrupt
                0x0000000000000000       0x18 arch/arm/lib/built-in.o
 .text.do_prefetch_abort
                0x0000000000000000       0x18 arch/arm/lib/built-in.o
 .text.do_data_abort
                0x0000000000000000       0x18 arch/arm/lib/built-in.o
 .text.do_not_used
                0x0000000000000000       0x18 arch/arm/lib/built-in.o
 .text.do_fiq   0x0000000000000000       0x18 arch/arm/lib/built-in.o
 .text.do_irq   0x0000000000000000       0x18 arch/arm/lib/built-in.o
 .text.reset_misc
                0x0000000000000000        0x2 arch/arm/lib/built-in.o
 .text.do_reset
                0x0000000000000000       0x28 arch/arm/lib/built-in.o
 .text.enable_caches
                0x0000000000000000        0xc arch/arm/lib/built-in.o
 .text.invalidate_dcache_range
                0x0000000000000000        0x2 arch/arm/lib/built-in.o
 .text.flush_dcache_range
                0x0000000000000000        0x2 arch/arm/lib/built-in.o
 .text.flush_cache
                0x0000000000000000        0x6 arch/arm/lib/built-in.o
 .text.flush_dcache_all
                0x0000000000000000        0xa arch/arm/lib/built-in.o
 .text.invalidate_l2_cache
                0x0000000000000000        0x8 arch/arm/lib/built-in.o
 .text.cp_delay
                0x0000000000000000       0x18 arch/arm/lib/built-in.o
 .text.arm_init_before_mmu
                0x0000000000000000        0x2 arch/arm/lib/built-in.o
 .text.arm_init_domains
                0x0000000000000000        0x2 arch/arm/lib/built-in.o
 .text.set_section_dcache
                0x0000000000000000       0x12 arch/arm/lib/built-in.o
 .text.mmu_page_table_flush
                0x0000000000000000        0x2 arch/arm/lib/built-in.o
 .text.mmu_set_region_dcache_behaviour
                0x0000000000000000       0x3a arch/arm/lib/built-in.o
 .text.dram_bank_mmu_setup
                0x0000000000000000       0x2a arch/arm/lib/built-in.o
 .text.icache_enable
                0x0000000000000000       0x14 arch/arm/lib/built-in.o
 .text.icache_disable
                0x0000000000000000       0x1c arch/arm/lib/built-in.o
 .text.icache_status
                0x0000000000000000        0xa arch/arm/lib/built-in.o
 .text.dcache_enable
                0x0000000000000000       0x5c arch/arm/lib/built-in.o
 .text.dcache_disable
                0x0000000000000000       0x24 arch/arm/lib/built-in.o
 .text.dcache_status
                0x0000000000000000        0xa arch/arm/lib/built-in.o
 .rodata        0x0000000000000000       0x80 arch/arm/lib/built-in.o
 .rodata.str1.1
                0x0000000000000000      0x2cf arch/arm/lib/built-in.o
 .__rel_dyn_start
                0x0000000000000000        0x0 arch/arm/lib/built-in.o
 .__rel_dyn_end
                0x0000000000000000        0x0 arch/arm/lib/built-in.o
 .__image_copy_end
                0x0000000000000000        0x0 arch/arm/lib/built-in.o
 .__image_copy_start
                0x0000000000000000        0x0 arch/arm/lib/built-in.o
 .__secure_start
                0x0000000000000000        0x0 arch/arm/lib/built-in.o
 .__end         0x0000000000000000        0x0 arch/arm/lib/built-in.o
 .__secure_end  0x0000000000000000        0x0 arch/arm/lib/built-in.o
 .bss           0x0000000000000000        0x0 arch/arm/lib/built-in.o
 .text          0x0000000000000000        0x0 arch/arm/imx-common/built-in.o
 .text.imx_iomux_set_gpr_register
                0x0000000000000000       0x2a arch/arm/imx-common/built-in.o
 .text.get_imx_reset_cause
                0x0000000000000000        0xc arch/arm/imx-common/built-in.o
 .text.imx_ddr_size
                0x0000000000000000       0x48 arch/arm/imx-common/built-in.o
 .text.get_imx_type
                0x0000000000000000       0x18 arch/arm/imx-common/built-in.o
 .text.print_cpuinfo
                0x0000000000000000       0xe0 arch/arm/imx-common/built-in.o
 .text.cpu_eth_init
                0x0000000000000000        0x4 arch/arm/imx-common/built-in.o
 .text.arch_preboot_os
                0x0000000000000000        0x4 arch/arm/imx-common/built-in.o
 .text.set_chipselect_size
                0x0000000000000000       0x5c arch/arm/imx-common/built-in.o
 .text.get_clocks
                0x0000000000000000       0x12 arch/arm/imx-common/built-in.o
 .text.force_idle_bus
                0x0000000000000000       0xd4 arch/arm/imx-common/built-in.o
 .text.setup_i2c
                0x0000000000000000       0x8c arch/arm/imx-common/built-in.o
 .text.mxs_wait_mask_set
                0x0000000000000000       0x24 arch/arm/imx-common/built-in.o
 .text.mxs_wait_mask_clr
                0x0000000000000000       0x22 arch/arm/imx-common/built-in.o
 .text.mxs_reset_block
                0x0000000000000000       0x58 arch/arm/imx-common/built-in.o
 .text.enable_caches
                0x0000000000000000       0x2c arch/arm/imx-common/built-in.o
 .text.v7_outer_cache_enable
                0x0000000000000000       0x4c arch/arm/imx-common/built-in.o
 .text.v7_outer_cache_disable
                0x0000000000000000       0x10 arch/arm/imx-common/built-in.o
 .text.boot_mode_apply
                0x0000000000000000       0x1c arch/arm/imx-common/built-in.o
 .text.board_video_skip
                0x0000000000000000       0xe0 arch/arm/imx-common/built-in.o
 .text.detect_hdmi
                0x0000000000000000       0x10 arch/arm/imx-common/built-in.o
 .text.create_usage
                0x0000000000000000       0x64 arch/arm/imx-common/built-in.o
 .text.do_boot_mode
                0x0000000000000000       0x80 arch/arm/imx-common/built-in.o
 .text.add_board_boot_modes
                0x0000000000000000       0x3c arch/arm/imx-common/built-in.o
 .text.do_hdmidet
                0x0000000000000000       0x18 arch/arm/imx-common/built-in.o
 .rodata.CSWTCH.9
                0x0000000000000000       0x88 arch/arm/imx-common/built-in.o
 .rodata.col_lookup
                0x0000000000000000        0x8 arch/arm/imx-common/built-in.o
 .rodata.bank_lookup
                0x0000000000000000        0x2 arch/arm/imx-common/built-in.o
 .rodata.__func__.7599
                0x0000000000000000        0xf arch/arm/imx-common/built-in.o
 .data          0x0000000000000000        0x0 arch/arm/imx-common/built-in.o
 .data.reset_cause
                0x0000000000000000        0x4 arch/arm/imx-common/built-in.o
 .u_boot_list_2_cmd_2_bmode
                0x0000000000000000       0x1c arch/arm/imx-common/built-in.o
 .u_boot_list_2_cmd_2_hdmidet
                0x0000000000000000       0x1c arch/arm/imx-common/built-in.o
 .bss           0x0000000000000000        0x0 arch/arm/imx-common/built-in.o
 .bss.modes     0x0000000000000000        0x8 arch/arm/imx-common/built-in.o
 .text          0x0000000000000000        0x0 board/wandboard/built-in.o
 .text.is_revc1
                0x0000000000000000       0x24 board/wandboard/built-in.o
 .text.enable_fwadapt_7wvga
                0x0000000000000000       0x24 board/wandboard/built-in.o
 .text.do_enable_hdmi
                0x0000000000000000        0x4 board/wandboard/built-in.o
 .text.detect_i2c
                0x0000000000000000       0x1e board/wandboard/built-in.o
 .text.dram_init
                0x0000000000000000        0xe board/wandboard/built-in.o
 .text.board_eth_init
                0x0000000000000000       0x38 board/wandboard/built-in.o
 .text.overwrite_console
                0x0000000000000000        0x4 board/wandboard/built-in.o
 .text.board_late_init
                0x0000000000000000       0x64 board/wandboard/built-in.o
 .text.board_init
                0x0000000000000000       0x58 board/wandboard/built-in.o
 .text.checkboard
                0x0000000000000000       0x20 board/wandboard/built-in.o
 .rodata.fwadapt_7wvga_pads
                0x0000000000000000      0x190 board/wandboard/built-in.o
 .rodata.displays
                0x0000000000000000       0x98 board/wandboard/built-in.o
 .rodata.enet_pads
                0x0000000000000000      0x100 board/wandboard/built-in.o
 .rodata.board_boot_modes
                0x0000000000000000       0x18 board/wandboard/built-in.o
 .rodata.str1.1
                0x0000000000000000       0x7e board/wandboard/built-in.o
 .rodata.rev_detection_pad
                0x0000000000000000       0x10 board/wandboard/built-in.o
 .data          0x0000000000000000        0x0 board/wandboard/built-in.o
 .data.mx6q_i2c2_pad_info
                0x0000000000000000       0x30 board/wandboard/built-in.o
 .data.mx6dl_i2c2_pad_info
                0x0000000000000000       0x30 board/wandboard/built-in.o
 .data.display_count
                0x0000000000000000        0x4 board/wandboard/built-in.o
 .bss           0x0000000000000000        0x0 board/wandboard/built-in.o
 .text          0x0000000000000000        0x0 common/spl/built-in.o
 .text.spl_board_prepare_for_linux
                0x0000000000000000        0x2 common/spl/built-in.o
 .text.spl_start_uboot
                0x0000000000000000        0x4 common/spl/built-in.o
 .text.spl_mmc_do_fs_boot
                0x0000000000000000        0x6 common/spl/built-in.o
 .bss           0x0000000000000000        0x0 common/spl/built-in.o
 .bss.boot_params_ptr
                0x0000000000000000        0x4 common/spl/built-in.o
 .text          0x0000000000000000        0x0 common/init/built-in.o
 .data          0x0000000000000000        0x0 common/init/built-in.o
 .bss           0x0000000000000000        0x0 common/init/built-in.o
 .text          0x0000000000000000        0x0 common/built-in.o
 .text._do_env_set.isra.0.constprop.2
                0x0000000000000000      0x128 common/built-in.o
 .text.get_env_id
                0x0000000000000000        0xc common/built-in.o
 .text.setenv   0x0000000000000000       0x38 common/built-in.o
 .text.setenv_ulong
                0x0000000000000000       0x16 common/built-in.o
 .text.setenv_hex
                0x0000000000000000       0x20 common/built-in.o
 .text.envmatch
                0x0000000000000000       0x3e common/built-in.o
 .text.getenv_f
                0x0000000000000000       0x80 common/built-in.o
 .text.getenv   0x0000000000000000       0x50 common/built-in.o
 .text.getenv_hex
                0x0000000000000000       0x22 common/built-in.o
 .text.getenv_ulong
                0x0000000000000000       0x1c common/built-in.o
 .text.env_get_char_spec
                0x0000000000000000        0x8 common/built-in.o
 .text.env_get_addr
                0x0000000000000000       0x18 common/built-in.o
 .text.env_get_char_memory
                0x0000000000000000        0xa common/built-in.o
 .text.env_get_char
                0x0000000000000000       0x20 common/built-in.o
 .text.getenv_yesno
                0x0000000000000000       0x2a common/built-in.o
 .text.getenv_default
                0x0000000000000000       0x2a common/built-in.o
 .text.set_default_env
                0x0000000000000000       0x80 common/built-in.o
 .text.set_default_vars
                0x0000000000000000       0x28 common/built-in.o
 .text.env_import
                0x0000000000000000       0x94 common/built-in.o
 .text.env_export
                0x0000000000000000       0x64 common/built-in.o
 .text.env_relocate
                0x0000000000000000        0xe common/built-in.o
 .text.bounce_buffer_start
                0x0000000000000000       0x4c common/built-in.o
 .text.bounce_buffer_stop
                0x0000000000000000       0x32 common/built-in.o
 .text.console_setfile
                0x0000000000000000       0x74 common/built-in.o
 .text.serial_printf
                0x0000000000000000       0x2c common/built-in.o
 .text.putc     0x0000000000000000       0x24 common/built-in.o
 .text.fgetc    0x0000000000000000       0x18 common/built-in.o
 .text.getc     0x0000000000000000       0x1a common/built-in.o
 .text.ftstc    0x0000000000000000       0x18 common/built-in.o
 .text.tstc     0x0000000000000000       0x1a common/built-in.o
 .text.fputc    0x0000000000000000       0x14 common/built-in.o
 .text.fputs    0x0000000000000000       0x14 common/built-in.o
 .text.fprintf  0x0000000000000000       0x30 common/built-in.o
 .text.ctrlc    0x0000000000000000       0x38 common/built-in.o
 .text.confirm_yesno
                0x0000000000000000       0x84 common/built-in.o
 .text.disable_ctrlc
                0x0000000000000000       0x10 common/built-in.o
 .text.had_ctrlc
                0x0000000000000000        0xc common/built-in.o
 .text.clear_ctrlc
                0x0000000000000000        0xc common/built-in.o
 .text.search_device
                0x0000000000000000       0x16 common/built-in.o
 .text.console_assign
                0x0000000000000000       0x2a common/built-in.o
 .text.console_init_f
                0x0000000000000000        0xa common/built-in.o
 .text.stdio_print_current_devices
                0x0000000000000000       0x78 common/built-in.o
 .text.console_init_r
                0x0000000000000000      0x100 common/built-in.o
 .text.realloc  0x0000000000000000      0x2e4 common/built-in.o
 .text.memalign
                0x0000000000000000       0xbe common/built-in.o
 .text.valloc   0x0000000000000000        0xa common/built-in.o
 .text.pvalloc  0x0000000000000000       0x14 common/built-in.o
 .text.cfree    0x0000000000000000        0x4 common/built-in.o
 .text.malloc_usable_size
                0x0000000000000000       0x2a common/built-in.o
 .text.mallopt  0x0000000000000000       0x38 common/built-in.o
 .text.initf_malloc
                0x0000000000000000       0x14 common/built-in.o
 .text.memalign_simple
                0x0000000000000000       0x32 common/built-in.o
 .text.image_check_hcrc
                0x0000000000000000       0x2a common/built-in.o
 .text.image_check_dcrc
                0x0000000000000000       0x22 common/built-in.o
 .text.image_multi_count
                0x0000000000000000       0x12 common/built-in.o
 .text.image_multi_getimg
                0x0000000000000000       0x4e common/built-in.o
 .text.getenv_bootm_low
                0x0000000000000000       0x20 common/built-in.o
 .text.getenv_bootm_size
                0x0000000000000000       0x3c common/built-in.o
 .text.getenv_bootm_mapsize
                0x0000000000000000       0x20 common/built-in.o
 .text.memmove_wd
                0x0000000000000000        0xa common/built-in.o
 .text.genimg_print_size
                0x0000000000000000       0x24 common/built-in.o
 .text.get_table_entry
                0x0000000000000000       0x12 common/built-in.o
 .text.get_table_entry_name
                0x0000000000000000       0x14 common/built-in.o
 .text.genimg_get_os_name
                0x0000000000000000       0x14 common/built-in.o
 .text.genimg_get_arch_name
                0x0000000000000000       0x14 common/built-in.o
 .text.genimg_get_type_name
                0x0000000000000000       0x14 common/built-in.o
 .text.genimg_get_type_short_name
                0x0000000000000000       0x1c common/built-in.o
 .text.genimg_get_comp_name
                0x0000000000000000       0x14 common/built-in.o
 .text.image_print_contents
                0x0000000000000000       0xec common/built-in.o
 .text.get_table_entry_id
                0x0000000000000000       0x26 common/built-in.o
 .text.genimg_get_os_id
                0x0000000000000000       0x14 common/built-in.o
 .text.genimg_get_arch_id
                0x0000000000000000       0x14 common/built-in.o
 .text.genimg_get_type_id
                0x0000000000000000       0x14 common/built-in.o
 .text.genimg_get_comp_id
                0x0000000000000000       0x14 common/built-in.o
 .text.genimg_get_kernel_addr_fit
                0x0000000000000000       0x14 common/built-in.o
 .text.genimg_get_kernel_addr
                0x0000000000000000       0x16 common/built-in.o
 .text.genimg_get_format
                0x0000000000000000       0x20 common/built-in.o
 .text.genimg_get_image
                0x0000000000000000        0x2 common/built-in.o
 .text.genimg_has_config
                0x0000000000000000        0x4 common/built-in.o
 .text.boot_get_ramdisk
                0x0000000000000000      0x160 common/built-in.o
 .text.boot_ramdisk_high
                0x0000000000000000       0xc0 common/built-in.o
 .text.boot_get_setup
                0x0000000000000000        0x6 common/built-in.o
 .text.image_setup_linux
                0x0000000000000000       0x52 common/built-in.o
 .text.fdt_error
                0x0000000000000000       0x24 common/built-in.o
 .text.boot_fdt_add_mem_rsv_regions
                0x0000000000000000       0x54 common/built-in.o
 .text.boot_relocate_fdt
                0x0000000000000000      0x108 common/built-in.o
 .text.boot_get_fdt
                0x0000000000000000      0x1ac common/built-in.o
 .text.ft_verify_fdt
                0x0000000000000000        0x4 common/built-in.o
 .text.arch_fixup_fdt
                0x0000000000000000        0x4 common/built-in.o
 .text.image_setup_libfdt
                0x0000000000000000       0xa4 common/built-in.o
 .text.get_ram_size
                0x0000000000000000       0x8e common/built-in.o
 .text.get_effective_memsize
                0x0000000000000000        0x6 common/built-in.o
 .text.nulldev_putc
                0x0000000000000000        0x2 common/built-in.o
 .text.nulldev_puts
                0x0000000000000000        0x2 common/built-in.o
 .text.nulldev_input
                0x0000000000000000        0x4 common/built-in.o
 .text.stdio_serial_tstc
                0x0000000000000000        0x4 common/built-in.o
 .text.stdio_serial_getc
                0x0000000000000000        0x4 common/built-in.o
 .text.stdio_serial_puts
                0x0000000000000000        0x6 common/built-in.o
 .text.stdio_serial_putc
                0x0000000000000000        0x6 common/built-in.o
 .text.stdio_get_list
                0x0000000000000000        0x8 common/built-in.o
 .text.stdio_get_by_name
                0x0000000000000000       0x34 common/built-in.o
 .text.stdio_clone
                0x0000000000000000       0x22 common/built-in.o
 .text.stdio_register_dev
                0x0000000000000000       0x30 common/built-in.o
 .text.stdio_register
                0x0000000000000000        0x6 common/built-in.o
 .text.stdio_init_tables
                0x0000000000000000       0x14 common/built-in.o
 .text.stdio_add_devices
                0x0000000000000000       0x90 common/built-in.o
 .text.stdio_init
                0x0000000000000000        0xe common/built-in.o
 .text.cli_simple_parse_line
                0x0000000000000000       0x54 common/built-in.o
 .text.cli_simple_process_macros
                0x0000000000000000      0x11a common/built-in.o
 .text.cli_simple_run_command
                0x0000000000000000       0xc4 common/built-in.o
 .text.cli_simple_loop
                0x0000000000000000       0x50 common/built-in.o
 .text.cli_simple_run_command_list
                0x0000000000000000       0x38 common/built-in.o
 .text.run_command
                0x0000000000000000        0xe common/built-in.o
 .text.run_command_repeatable
                0x0000000000000000       0x12 common/built-in.o
 .text.run_command_list
                0x0000000000000000       0x46 common/built-in.o
 .text.do_run   0x0000000000000000       0x4c common/built-in.o
 .text.cli_loop
                0x0000000000000000        0x8 common/built-in.o
 .text.cli_init
                0x0000000000000000        0x4 common/built-in.o
 .text.delete_char.part.0
                0x0000000000000000       0x7c common/built-in.o
 .text.cread_add_char
                0x0000000000000000       0x80 common/built-in.o
 .text.cli_readline_into_buffer
                0x0000000000000000      0x610 common/built-in.o
 .text.cli_readline
                0x0000000000000000       0x10 common/built-in.o
 .text.find_cmd_tbl
                0x0000000000000000       0x64 common/built-in.o
 .text.find_cmd
                0x0000000000000000       0x1c common/built-in.o
 .text.cmd_usage
                0x0000000000000000       0x3c common/built-in.o
 .text._do_help
                0x0000000000000000      0x104 common/built-in.o
 .text.var_complete
                0x0000000000000000       0x40 common/built-in.o
 .text.cmd_auto_complete
                0x0000000000000000      0x300 common/built-in.o
 .text.cmd_get_data_size
                0x0000000000000000       0x38 common/built-in.o
 .text.cmd_process
                0x0000000000000000       0x98 common/built-in.o
 .text.cmd_process_error
                0x0000000000000000       0x1c common/built-in.o
 .text.hex1_bin
                0x0000000000000000       0x2a common/built-in.o
 .text.hex2_bin
                0x0000000000000000       0x24 common/built-in.o
 .text.srec_decode
                0x0000000000000000      0x184 common/built-in.o
 .text.CYGACC_COMM_IF_GETC_TIMEOUT.isra.0
                0x0000000000000000       0x2c common/built-in.o
 .text.xyzModem_flush
                0x0000000000000000       0x14 common/built-in.o
 .text.xyzModem_get_hdr
                0x0000000000000000      0x174 common/built-in.o
 .text.xyzModem_stream_open
                0x0000000000000000      0x178 common/built-in.o
 .text.xyzModem_stream_read
                0x0000000000000000      0x1c4 common/built-in.o
 .text.xyzModem_stream_close
                0x0000000000000000       0x40 common/built-in.o
 .text.xyzModem_stream_terminate
                0x0000000000000000       0x68 common/built-in.o
 .text.xyzModem_error
                0x0000000000000000       0x18 common/built-in.o
 .text.common_diskboot
                0x0000000000000000      0x11c common/built-in.o
 .rodata.str1.1
                0x0000000000000000     0x10f4 common/built-in.o
 .rodata.default_environment
                0x0000000000000000     0x1add common/built-in.o
 .rodata.__func__.7718
                0x0000000000000000       0x10 common/built-in.o
 .rodata.__func__.7734
                0x0000000000000000        0xb common/built-in.o
 .rodata.__func__.7741
                0x0000000000000000        0xb common/built-in.o
 .rodata.uimage_comp
                0x0000000000000000       0x54 common/built-in.o
 .rodata.uimage_os
                0x0000000000000000       0x78 common/built-in.o
 .rodata.uimage_arch
                0x0000000000000000      0x12c common/built-in.o
 .rodata.uimage_type
                0x0000000000000000      0x144 common/built-in.o
 .rodata.tab_seq
                0x0000000000000000        0x9 common/built-in.o
 .rodata.erase_seq
                0x0000000000000000        0x4 common/built-in.o
 .rodata.CSWTCH.66
                0x0000000000000000       0x16 common/built-in.o
 .rodata.CSWTCH.28
                0x0000000000000000       0x20 common/built-in.o
 .data          0x0000000000000000        0x0 common/built-in.o
 .data.env_id   0x0000000000000000        0x4 common/built-in.o
 .data.env_htab
                0x0000000000000000       0x10 common/built-in.o
 .data.mmap_threshold
                0x0000000000000000        0x4 common/built-in.o
 .data.load_addr
                0x0000000000000000        0x4 common/built-in.o
 .data.stdio_names
                0x0000000000000000        0xc common/built-in.o
 .data.hist_cur
                0x0000000000000000        0x4 common/built-in.o
 .u_boot_list_2_cmd_1
                0x0000000000000000        0x0 common/built-in.o
 .u_boot_list_2_cmd_3
                0x0000000000000000        0x0 common/built-in.o
 .bss           0x0000000000000000        0x0 common/built-in.o
 .bss.ctrlc_was_pressed
                0x0000000000000000        0x4 common/built-in.o
 .bss.ctrlc_disabled
                0x0000000000000000        0x4 common/built-in.o
 .bss.n_mmaps_max
                0x0000000000000000        0x4 common/built-in.o
 .bss.save_addr
                0x0000000000000000        0x4 common/built-in.o
 .bss.save_size
                0x0000000000000000        0x4 common/built-in.o
 .bss.devs      0x0000000000000000       0x4c common/built-in.o
 .bss.lastcommand.7401
                0x0000000000000000      0x201 common/built-in.o
 .bss.hist_list
                0x0000000000000000       0x50 common/built-in.o
 .bss.initted.7453
                0x0000000000000000        0x4 common/built-in.o
 .bss.hist_max  0x0000000000000000        0x4 common/built-in.o
 .bss.hist_add_idx
                0x0000000000000000        0x4 common/built-in.o
 .bss.hist_num  0x0000000000000000        0x4 common/built-in.o
 .bss.console_buffer
                0x0000000000000000      0x201 common/built-in.o
 .bss.hist_lines
                0x0000000000000000     0x2814 common/built-in.o
 .bss.tmp_buf   0x0000000000000000      0x200 common/built-in.o
 .bss.tmp_buf.7362
                0x0000000000000000      0x200 common/built-in.o
 .bss.xyz       0x0000000000000000      0x434 common/built-in.o
 .text          0x0000000000000000        0x0 drivers/built-in.o
 .text.i2c_get_adapter
                0x0000000000000000       0x40 drivers/built-in.o
 .text.i2c_init_bus
                0x0000000000000000       0x64 drivers/built-in.o
 .text.i2c_reloc_fixup
                0x0000000000000000        0x2 drivers/built-in.o
 .text.i2c_init_board
                0x0000000000000000        0x2 drivers/built-in.o
 .text.i2c_get_bus_num
                0x0000000000000000        0x6 drivers/built-in.o
 .text.i2c_set_bus_num
                0x0000000000000000       0x80 drivers/built-in.o
 .text.i2c_init_all
                0x0000000000000000       0x10 drivers/built-in.o
 .text.i2c_probe
                0x0000000000000000       0x20 drivers/built-in.o
 .text.i2c_read
                0x0000000000000000       0x34 drivers/built-in.o
 .text.i2c_write
                0x0000000000000000       0x34 drivers/built-in.o
 .text.i2c_set_bus_speed
                0x0000000000000000       0x44 drivers/built-in.o
 .text.i2c_get_bus_speed
                0x0000000000000000        0xe drivers/built-in.o
 .text.i2c_reg_read
                0x0000000000000000       0x18 drivers/built-in.o
 .text.i2c_reg_write
                0x0000000000000000       0x16 drivers/built-in.o
 .text.i2c_init
                0x0000000000000000        0xe drivers/built-in.o
 .text.i2c_get_base
                0x0000000000000000       0x10 drivers/built-in.o
 .text.__enable_i2c_clk
                0x0000000000000000        0x4 drivers/built-in.o
 .text.gpio_set_value
                0x0000000000000000       0x34 drivers/built-in.o
 .text.gpio_request
                0x0000000000000000        0xc drivers/built-in.o
 .text.gpio_free
                0x0000000000000000        0x4 drivers/built-in.o
 .text.gpio_direction_output
                0x0000000000000000       0x34 drivers/built-in.o
 .text.fdt_fixup_esdhc
                0x0000000000000000       0x3c drivers/built-in.o
 .text.board_mmc_getwp
                0x0000000000000000        0x6 drivers/built-in.o
 .text.mmc_getwp
                0x0000000000000000       0x20 drivers/built-in.o
 .text.board_mmc_getcd
                0x0000000000000000        0x6 drivers/built-in.o
 .text.mmc_select_hwpart
                0x0000000000000000       0x48 drivers/built-in.o
 .text.mmc_hwpart_config
                0x0000000000000000      0x2a4 drivers/built-in.o
 .text.mmc_register
                0x0000000000000000       0x18 drivers/built-in.o
 .text.mmc_destroy
                0x0000000000000000        0x4 drivers/built-in.o
 .text.mmc_get_dev
                0x0000000000000000       0x1c drivers/built-in.o
 .text.mmc_set_dsr
                0x0000000000000000        0x6 drivers/built-in.o
 .text.cpu_mmc_init
                0x0000000000000000        0x6 drivers/built-in.o
 .text.board_mmc_init
                0x0000000000000000        0x6 drivers/built-in.o
 .text.print_mmc_devices
                0x0000000000000000       0x7c drivers/built-in.o
 .text.get_mmc_num
                0x0000000000000000        0xc drivers/built-in.o
 .text.mmc_set_preinit
                0x0000000000000000        0x6 drivers/built-in.o
 .text.serial_stub_start
                0x0000000000000000        0x6 drivers/built-in.o
 .text.serial_stub_stop
                0x0000000000000000        0x6 drivers/built-in.o
 .text.serial_stub_putc
                0x0000000000000000        0x8 drivers/built-in.o
 .text.serial_stub_puts
                0x0000000000000000        0x8 drivers/built-in.o
 .text.serial_stub_getc
                0x0000000000000000        0x6 drivers/built-in.o
 .text.serial_stub_tstc
                0x0000000000000000        0x6 drivers/built-in.o
 .text.serial_null
                0x0000000000000000        0x2 drivers/built-in.o
 .text.serial_register
                0x0000000000000000       0x10 drivers/built-in.o
 .text.serial_stdio_init
                0x0000000000000000       0x64 drivers/built-in.o
 .text.serial_assign
                0x0000000000000000       0x2c drivers/built-in.o
 .text.serial_initialize
                0x0000000000000000       0xc6 drivers/built-in.o
 .text.serial_reinit_all
                0x0000000000000000       0x18 drivers/built-in.o
 .text.serial_getc
                0x0000000000000000        0xe drivers/built-in.o
 .text.serial_tstc
                0x0000000000000000        0xe drivers/built-in.o
 .text.mxc_serial_initialize
                0x0000000000000000        0xc drivers/built-in.o
 .rodata.__func__.9480
                0x0000000000000000        0xd drivers/built-in.o
 .data          0x0000000000000000        0x0 drivers/built-in.o
 .bss           0x0000000000000000        0x0 drivers/built-in.o
 .bss.serial_devices
                0x0000000000000000        0x4 drivers/built-in.o
 .text          0x0000000000000000        0x0 lib/built-in.o
 .text._hdelete.isra.1
                0x0000000000000000       0x30 lib/built-in.o
 .text.drop_var_from_set.part.2
                0x0000000000000000       0x2e lib/built-in.o
 .text.hcreate_r
                0x0000000000000000       0x60 lib/built-in.o
 .text.hdestroy_r
                0x0000000000000000       0x44 lib/built-in.o
 .text.hmatch_r
                0x0000000000000000       0x5c lib/built-in.o
 .text.hsearch_r
                0x0000000000000000      0x2c0 lib/built-in.o
 .text.hdelete_r
                0x0000000000000000       0x80 lib/built-in.o
 .text.himport_r
                0x0000000000000000      0x25c lib/built-in.o
 .text.hwalk_r  0x0000000000000000       0x2a lib/built-in.o
 .text.display_options
                0x0000000000000000       0x18 lib/built-in.o
 .text.print_freq
                0x0000000000000000      0x11c lib/built-in.o
 .text.print_size
                0x0000000000000000       0xd8 lib/built-in.o
 .text.print_buffer
                0x0000000000000000      0x120 lib/built-in.o
 .text.crc32_no_comp
                0x0000000000000000       0x8c lib/built-in.o
 .text.crc32    0x0000000000000000        0xc lib/built-in.o
 .text.crc32_wd
                0x0000000000000000        0x4 lib/built-in.o
 .text.crc32_wd_buf
                0x0000000000000000       0x26 lib/built-in.o
 .text.copy_from_user
                0x0000000000000000        0xa lib/built-in.o
 .text.kmalloc  0x0000000000000000       0x20 lib/built-in.o
 .text.get_mem  0x0000000000000000       0x10 lib/built-in.o
 .text.kmem_cache_alloc
                0x0000000000000000        0xa lib/built-in.o
 .text.skip_spaces
                0x0000000000000000       0x18 lib/built-in.o
 .text.strim    0x0000000000000000       0x34 lib/built-in.o
 .text.membuff_purge
                0x0000000000000000        0x8 lib/built-in.o
 .text.membuff_putraw
                0x0000000000000000       0x6a lib/built-in.o
 .text.membuff_putbyte
                0x0000000000000000       0x1c lib/built-in.o
 .text.membuff_getraw
                0x0000000000000000       0x52 lib/built-in.o
 .text.membuff_getbyte
                0x0000000000000000       0x24 lib/built-in.o
 .text.membuff_peekbyte
                0x0000000000000000       0x22 lib/built-in.o
 .text.membuff_get
                0x0000000000000000       0x46 lib/built-in.o
 .text.membuff_put
                0x0000000000000000       0x44 lib/built-in.o
 .text.membuff_isempty
                0x0000000000000000        0xc lib/built-in.o
 .text.membuff_avail
                0x0000000000000000       0x34 lib/built-in.o
 .text.membuff_size
                0x0000000000000000        0x6 lib/built-in.o
 .text.membuff_makecontig
                0x0000000000000000       0x44 lib/built-in.o
 .text.membuff_free
                0x0000000000000000       0x1a lib/built-in.o
 .text.membuff_readline
                0x0000000000000000       0x62 lib/built-in.o
 .text.membuff_extend_by
                0x0000000000000000       0x7a lib/built-in.o
 .text.membuff_init
                0x0000000000000000        0xc lib/built-in.o
 .text.membuff_new
                0x0000000000000000       0x22 lib/built-in.o
 .text.membuff_uninit
                0x0000000000000000        0xc lib/built-in.o
 .text.membuff_dispose
                0x0000000000000000       0x14 lib/built-in.o
 .text.emit     0x0000000000000000       0x20 lib/built-in.o
 .text.store_char_in_data
                0x0000000000000000       0x24 lib/built-in.o
 .text.get_escape_char
                0x0000000000000000       0x48 lib/built-in.o
 .text.match    0x0000000000000000      0x278 lib/built-in.o
 .text.loop_greedy
                0x0000000000000000       0x5c lib/built-in.o
 .text.loop_non_greedy
                0x0000000000000000       0x4a lib/built-in.o
 .text.fixup_branch.part.0
                0x0000000000000000       0x28 lib/built-in.o
 .text.quantifier
                0x0000000000000000       0x74 lib/built-in.o
 .text.compile  0x0000000000000000      0x268 lib/built-in.o
 .text.slre_compile
                0x0000000000000000       0x7a lib/built-in.o
 .text.slre_match
                0x0000000000000000       0x54 lib/built-in.o
 .text.strncasecmp
                0x0000000000000000       0x54 lib/built-in.o
 .text.strcasecmp
                0x0000000000000000        0x8 lib/built-in.o
 .text.strcpy   0x0000000000000000       0x10 lib/built-in.o
 .text.strncpy  0x0000000000000000       0x18 lib/built-in.o
 .text.strcat   0x0000000000000000       0x1e lib/built-in.o
 .text.strncat  0x0000000000000000       0x2a lib/built-in.o
 .text.strcmp   0x0000000000000000       0x1a lib/built-in.o
 .text.strncmp  0x0000000000000000       0x26 lib/built-in.o
 .text.strchr   0x0000000000000000       0x1a lib/built-in.o
 .text.strlen   0x0000000000000000       0x10 lib/built-in.o
 .text.strrchr  0x0000000000000000       0x20 lib/built-in.o
 .text.strdup   0x0000000000000000       0x22 lib/built-in.o
 .text.strspn   0x0000000000000000       0x1e lib/built-in.o
 .text.strpbrk  0x0000000000000000       0x20 lib/built-in.o
 .text.strtok   0x0000000000000000       0x44 lib/built-in.o
 .text.strsep   0x0000000000000000       0x1e lib/built-in.o
 .text.strswab  0x0000000000000000       0x26 lib/built-in.o
 .text.bcopy    0x0000000000000000       0x1a lib/built-in.o
 .text.strlcpy  0x0000000000000000       0x2e lib/built-in.o
 .text.memmove  0x0000000000000000       0x36 lib/built-in.o
 .text.memscan  0x0000000000000000       0x16 lib/built-in.o
 .text.strstr   0x0000000000000000       0x48 lib/built-in.o
 .text.memchr   0x0000000000000000       0x1c lib/built-in.o
 .text.memchr_inv
                0x0000000000000000       0xa6 lib/built-in.o
 .text.timer_init
                0x0000000000000000        0x4 lib/built-in.o
 .text.timer_get_us
                0x0000000000000000       0x1c lib/built-in.o
 .text.uuid_str_valid
                0x0000000000000000       0x50 lib/built-in.o
 .text.uuid_str_to_bin
                0x0000000000000000      0x10e lib/built-in.o
 .text.uuid_bin_to_str
                0x0000000000000000       0x70 lib/built-in.o
 .text.vsprintf
                0x0000000000000000        0x4 lib/built-in.o
 .text.vprintf  0x0000000000000000       0x22 lib/built-in.o
 .text.__assert_fail
                0x0000000000000000       0x10 lib/built-in.o
 .text.simple_itoa
                0x0000000000000000       0x38 lib/built-in.o
 .text.print_grouped_ull
                0x0000000000000000       0x5c lib/built-in.o
 .text.str2off  0x0000000000000000       0x28 lib/built-in.o
 .text.str2long
                0x0000000000000000       0x26 lib/built-in.o
 .text.panic_finish
                0x0000000000000000       0x20 lib/built-in.o
 .text.panic_str
                0x0000000000000000        0xa lib/built-in.o
 .text.panic    0x0000000000000000       0x14 lib/built-in.o
 .text.simple_strtoul
                0x0000000000000000       0x70 lib/built-in.o
 .text.strict_strtoul
                0x0000000000000000       0x42 lib/built-in.o
 .text.simple_strtol
                0x0000000000000000       0x1a lib/built-in.o
 .text.ustrtoul
                0x0000000000000000       0x3c lib/built-in.o
 .text.simple_strtoull
                0x0000000000000000       0x98 lib/built-in.o
 .text.ustrtoull
                0x0000000000000000       0x4e lib/built-in.o
 .text.trailing_strtoln
                0x0000000000000000       0x40 lib/built-in.o
 .text.trailing_strtol
                0x0000000000000000        0x6 lib/built-in.o
 .rodata        0x0000000000000000       0x20 lib/built-in.o
 .rodata.names.7450
                0x0000000000000000        0x3 lib/built-in.o
 .rodata.names.7473
                0x0000000000000000        0x6 lib/built-in.o
 .rodata.crc_table
                0x0000000000000000      0x400 lib/built-in.o
 .data          0x0000000000000000        0x0 lib/built-in.o
 .data.cur      0x0000000000000000        0x4 lib/built-in.o
 .data.current  0x0000000000000000        0x4 lib/built-in.o
 .bss           0x0000000000000000        0x0 lib/built-in.o
 .bss.errno     0x0000000000000000        0x4 lib/built-in.o
 .bss.___strtok
                0x0000000000000000        0x4 lib/built-in.o
 .bss.local.7516
                0x0000000000000000       0x16 lib/built-in.o
 .text          0x0000000000000000        0x0 arch/arm/lib/eabi_compat.o
 .data          0x0000000000000000        0x0 arch/arm/lib/eabi_compat.o
 .bss           0x0000000000000000        0x0 arch/arm/lib/eabi_compat.o
 .text.raise    0x0000000000000000        0x4 arch/arm/lib/eabi_compat.o
 .text.__aeabi_unwind_cpp_pr0
                0x0000000000000000        0x2 arch/arm/lib/eabi_compat.o
 .text.__aeabi_unwind_cpp_pr1
                0x0000000000000000        0x2 arch/arm/lib/eabi_compat.o
 .text.__aeabi_memcpy
                0x0000000000000000        0x4 arch/arm/lib/eabi_compat.o
 .text.__aeabi_memset
                0x0000000000000000        0xa arch/arm/lib/eabi_compat.o
 .debug_info    0x0000000000000000      0x496 arch/arm/lib/eabi_compat.o
 .debug_abbrev  0x0000000000000000      0x18c arch/arm/lib/eabi_compat.o
 .debug_loc     0x0000000000000000       0xfd arch/arm/lib/eabi_compat.o
 .debug_aranges
                0x0000000000000000       0x40 arch/arm/lib/eabi_compat.o
 .debug_ranges  0x0000000000000000       0x30 arch/arm/lib/eabi_compat.o
 .debug_line    0x0000000000000000      0x113 arch/arm/lib/eabi_compat.o
 .debug_str     0x0000000000000000      0x45f arch/arm/lib/eabi_compat.o
 .comment       0x0000000000000000       0x39 arch/arm/lib/eabi_compat.o
 .debug_frame   0x0000000000000000       0x60 arch/arm/lib/eabi_compat.o
 .ARM.attributes
                0x0000000000000000       0x2d arch/arm/lib/eabi_compat.o
 .data          0x0000000000000000        0x0 /usr/lib/gcc/arm-none-eabi/4.9.3/armv7-ar/thumb/libgcc.a(_udivsi3.o)
 .bss           0x0000000000000000        0x0 /usr/lib/gcc/arm-none-eabi/4.9.3/armv7-ar/thumb/libgcc.a(_udivsi3.o)
 .data          0x0000000000000000        0x0 /usr/lib/gcc/arm-none-eabi/4.9.3/armv7-ar/thumb/libgcc.a(_divsi3.o)
 .bss           0x0000000000000000        0x0 /usr/lib/gcc/arm-none-eabi/4.9.3/armv7-ar/thumb/libgcc.a(_divsi3.o)
 .data          0x0000000000000000        0x0 /usr/lib/gcc/arm-none-eabi/4.9.3/armv7-ar/thumb/libgcc.a(_dvmd_tls.o)
 .bss           0x0000000000000000        0x0 /usr/lib/gcc/arm-none-eabi/4.9.3/armv7-ar/thumb/libgcc.a(_dvmd_tls.o)
 .data          0x0000000000000000        0x0 /usr/lib/gcc/arm-none-eabi/4.9.3/armv7-ar/thumb/libgcc.a(_lshrdi3.o)
 .bss           0x0000000000000000        0x0 /usr/lib/gcc/arm-none-eabi/4.9.3/armv7-ar/thumb/libgcc.a(_lshrdi3.o)
 .data          0x0000000000000000        0x0 /usr/lib/gcc/arm-none-eabi/4.9.3/armv7-ar/thumb/libgcc.a(_ashldi3.o)
 .bss           0x0000000000000000        0x0 /usr/lib/gcc/arm-none-eabi/4.9.3/armv7-ar/thumb/libgcc.a(_ashldi3.o)

Memory Configuration

Name             Origin             Length             Attributes
.sram            0x0000000000908000 0x0000000000010000
.sdram           0x0000000018200000 0x0000000000100000
*default*        0x0000000000000000 0xffffffffffffffff

Linker script and memory map


.text           0x0000000000908000     0x52dc
                0x0000000000908000                __start = .
 *(.vectors)
 .vectors       0x0000000000908000       0x44 arch/arm/lib/built-in.o
                0x0000000000908000                _start
                0x0000000000908020                _undefined_instruction
                0x0000000000908024                _software_interrupt
                0x0000000000908028                _prefetch_abort
                0x000000000090802c                _data_abort
                0x0000000000908030                _not_used
                0x0000000000908034                _irq
                0x0000000000908038                _fiq
 arch/arm/cpu/armv7/start.o(.text*)
 .text          0x0000000000908044       0xe0 arch/arm/cpu/armv7/start.o
                0x0000000000908044                reset
                0x0000000000908048                save_boot_params_ret
                0x0000000000908084                c_runtime_cpu_setup
                0x0000000000908094                save_boot_params
                0x0000000000908098                cpu_init_cp15
                0x000000000090811c                cpu_init_crit
 *(.text*)
 .text          0x0000000000908124       0x20 arch/arm/cpu/armv7/built-in.o
                0x0000000000908124                lowlevel_init
 .text.v7_outer_cache_flush_range
                0x0000000000908144        0x2 arch/arm/cpu/armv7/built-in.o
                0x0000000000908144                v7_outer_cache_flush_range
 .text.flush_dcache_range
                0x0000000000908146       0x26 arch/arm/cpu/armv7/built-in.o
                0x0000000000908146                flush_dcache_range
 .text.v7_outer_cache_inval_range
                0x000000000090816c        0x2 arch/arm/cpu/armv7/built-in.o
                0x000000000090816c                v7_outer_cache_inval_range
 *fill*         0x000000000090816e        0x2 
 .text.invalidate_dcache_range
                0x0000000000908170       0x78 arch/arm/cpu/armv7/built-in.o
                0x0000000000908170                invalidate_dcache_range
 .text.get_cpu_rev
                0x00000000009081e8       0x68 arch/arm/cpu/armv7/built-in.o
                0x00000000009081e8                get_cpu_rev
 .text.arch_cpu_init
                0x0000000000908250       0x68 arch/arm/cpu/armv7/built-in.o
                0x0000000000908250                arch_cpu_init
 .text.s_init   0x00000000009082b8       0x8c arch/arm/cpu/armv7/built-in.o
                0x00000000009082b8                s_init
 .text.imx_setup_hdmi
                0x0000000000908344       0x2c arch/arm/cpu/armv7/built-in.o
                0x0000000000908344                imx_setup_hdmi
 .text.get_ipg_clk
                0x0000000000908370       0x1c arch/arm/cpu/armv7/built-in.o
 .text.get_uart_clk
                0x000000000090838c       0x84 arch/arm/cpu/armv7/built-in.o
 .text.mxc_get_pll_pfd
                0x0000000000908410       0x7c arch/arm/cpu/armv7/built-in.o
 .text.get_usdhc_clk
                0x000000000090848c       0x5c arch/arm/cpu/armv7/built-in.o
 .text.enable_i2c_clk
                0x00000000009084e8       0x6c arch/arm/cpu/armv7/built-in.o
                0x00000000009084e8                enable_i2c_clk
 .text.get_periph_clk
                0x0000000000908554       0x88 arch/arm/cpu/armv7/built-in.o
                0x0000000000908554                get_periph_clk
 .text.get_axi_clk
                0x00000000009085dc       0x34 arch/arm/cpu/armv7/built-in.o
 .text.imx_get_uartclk
                0x0000000000908610        0x4 arch/arm/cpu/armv7/built-in.o
                0x0000000000908610                imx_get_uartclk
 .text.mxc_get_clock
                0x0000000000908614      0x290 arch/arm/cpu/armv7/built-in.o
                0x0000000000908614                mxc_get_clock
 .text.enable_ipu_clock
                0x00000000009088a4       0x40 arch/arm/cpu/armv7/built-in.o
                0x00000000009088a4                enable_ipu_clock
 .text.mx6dq_dram_iocfg
                0x00000000009088e4      0x12c arch/arm/cpu/armv7/built-in.o
                0x00000000009088e4                mx6dq_dram_iocfg
 .text.mx6sdl_dram_iocfg
                0x0000000000908a10      0x12c arch/arm/cpu/armv7/built-in.o
                0x0000000000908a10                mx6sdl_dram_iocfg
 .text.mx6_lpddr2_cfg
                0x0000000000908b3c      0x418 arch/arm/cpu/armv7/built-in.o
                0x0000000000908b3c                mx6_lpddr2_cfg
 .text.mx6_ddr3_cfg
                0x0000000000908f54      0x850 arch/arm/cpu/armv7/built-in.o
                0x0000000000908f54                mx6_ddr3_cfg
 .text.mx6_dram_cfg
                0x00000000009097a4       0x28 arch/arm/cpu/armv7/built-in.o
                0x00000000009097a4                mx6_dram_cfg
 .text          0x00000000009097cc       0x60 arch/arm/lib/built-in.o
                0x00000000009097cc                _main
 .text.imx_iomux_v3_setup_pad
                0x000000000090982c       0x94 arch/arm/imx-common/built-in.o
                0x000000000090982c                imx_iomux_v3_setup_pad
 .text.imx_iomux_v3_setup_multiple_pads
                0x00000000009098c0       0x38 arch/arm/imx-common/built-in.o
                0x00000000009098c0                imx_iomux_v3_setup_multiple_pads
 .text.timer_init
                0x00000000009098f8       0xd8 arch/arm/imx-common/built-in.o
                0x00000000009098f8                timer_init
 .text.timer_read_counter
                0x00000000009099d0        0xc arch/arm/imx-common/built-in.o
                0x00000000009099d0                timer_read_counter
 .text.get_tbclk
                0x00000000009099dc       0x68 arch/arm/imx-common/built-in.o
                0x00000000009099dc                get_tbclk
 .text.cpu_mmc_init
                0x0000000000909a44        0x4 arch/arm/imx-common/built-in.o
                0x0000000000909a44                cpu_mmc_init
 .text.get_ahb_clk
                0x0000000000909a48       0x1c arch/arm/imx-common/built-in.o
                0x0000000000909a48                get_ahb_clk
 .text.spl_boot_device
                0x0000000000909a64       0x70 arch/arm/imx-common/built-in.o
                0x0000000000909a64                spl_boot_device
 .text.spl_boot_mode
                0x0000000000909ad4       0x20 arch/arm/imx-common/built-in.o
                0x0000000000909ad4                spl_boot_mode
 .text.init_aips
                0x0000000000909af4       0x68 arch/arm/imx-common/built-in.o
                0x0000000000909af4                init_aips
 .text.imx_set_wdog_powerdown
                0x0000000000909b5c       0x5c arch/arm/imx-common/built-in.o
                0x0000000000909b5c                imx_set_wdog_powerdown
 .text.init_src
                0x0000000000909bb8       0x10 arch/arm/imx-common/built-in.o
                0x0000000000909bb8                init_src
 .text.board_mmc_getcd
                0x0000000000909bc8       0x30 board/wandboard/built-in.o
                0x0000000000909bc8                board_mmc_getcd
 .text.board_mmc_init
                0x0000000000909bf8       0x60 board/wandboard/built-in.o
                0x0000000000909bf8                board_mmc_init
 .text.board_early_init_f
                0x0000000000909c58       0x60 board/wandboard/built-in.o
                0x0000000000909c58                board_early_init_f
 .text.board_init_f
                0x0000000000909cb8      0x114 board/wandboard/built-in.o
                0x0000000000909cb8                board_init_f
 .text.spl_set_header_raw_uboot
                0x0000000000909dcc       0x24 common/spl/built-in.o
                0x0000000000909dcc                spl_set_header_raw_uboot
 .text.spl_parse_image_header
                0x0000000000909df0       0x4c common/spl/built-in.o
                0x0000000000909df0                spl_parse_image_header
 .text.jump_to_image_no_args
                0x0000000000909e3c        0x6 common/spl/built-in.o
                0x0000000000909e3c                jump_to_image_no_args
 .text.spl_init
                0x0000000000909e42       0x1c common/spl/built-in.o
                0x0000000000909e42                spl_init
 .text.board_boot_order
                0x0000000000909e5e        0xc common/spl/built-in.o
                0x0000000000909e5e                board_boot_order
 *fill*         0x0000000000909e6a        0x2 
 .text.board_init_r
                0x0000000000909e6c       0xd8 common/spl/built-in.o
                0x0000000000909e6c                board_init_r
 .text.preloader_console_init
                0x0000000000909f44       0x2c common/spl/built-in.o
                0x0000000000909f44                preloader_console_init
 .text.spl_relocate_stack_gd
                0x0000000000909f70        0x4 common/spl/built-in.o
                0x0000000000909f70                spl_relocate_stack_gd
 .text.spl_mmc_get_device_index
                0x0000000000909f74       0x24 common/spl/built-in.o
                0x0000000000909f74                spl_mmc_get_device_index
 .text.spl_mmc_load_image
                0x0000000000909f98      0x114 common/spl/built-in.o
                0x0000000000909f98                spl_mmc_load_image
 .text.arch_setup_gd
                0x000000000090a0ac        0x4 common/init/built-in.o
                0x000000000090a0ac                arch_setup_gd
 .text.board_init_f_mem
                0x000000000090a0b0       0x26 common/init/built-in.o
                0x000000000090a0b0                board_init_f_mem
 *fill*         0x000000000090a0d6        0x2 
 .text.puts     0x000000000090a0d8       0x24 common/built-in.o
                0x000000000090a0d8                puts
 .text.sbrk     0x000000000090a0fc       0x44 common/built-in.o
                0x000000000090a0fc                sbrk
 .text.mem_malloc_init
                0x000000000090a140       0x28 common/built-in.o
                0x000000000090a140                mem_malloc_init
 .text.malloc_trim
                0x000000000090a168       0x80 common/built-in.o
                0x000000000090a168                malloc_trim
 .text.free     0x000000000090a1e8      0x160 common/built-in.o
                0x000000000090a1e8                free
 .text.malloc   0x000000000090a348      0x414 common/built-in.o
                0x000000000090a348                malloc
 .text.calloc   0x000000000090a75c       0xbc common/built-in.o
                0x000000000090a75c                calloc
 .text.malloc_simple
                0x000000000090a818       0x28 common/built-in.o
                0x000000000090a818                malloc_simple
 .text.wait_for_sr_state
                0x000000000090a840       0xb4 drivers/built-in.o
 .text.tx_byte  0x000000000090a8f4       0x36 drivers/built-in.o
 *fill*         0x000000000090a92a        0x2 
 .text.bus_i2c_set_bus_speed
                0x000000000090a92c       0x70 drivers/built-in.o
 .text.mxc_i2c_set_bus_speed
                0x000000000090a99c       0x14 drivers/built-in.o
 .text.i2c_imx_stop
                0x000000000090a9b0       0x3c drivers/built-in.o
 .text.__i2c_force_reset_slave
                0x000000000090a9ec        0x2 drivers/built-in.o
                0x000000000090a9ec                __i2c_force_reset_slave
                0x000000000090a9ec                i2c_force_reset_slave
 .text.i2c_idle_bus
                0x000000000090a9ee        0xe drivers/built-in.o
                0x000000000090a9ee                i2c_idle_bus
 .text.i2c_init_transfer
                0x000000000090a9fc      0x154 drivers/built-in.o
 .text.mxc_i2c_probe
                0x000000000090ab50       0x28 drivers/built-in.o
 .text.mxc_i2c_read
                0x000000000090ab78       0xfc drivers/built-in.o
 .text.mxc_i2c_write
                0x000000000090ac74       0x40 drivers/built-in.o
 .text.bus_i2c_init
                0x000000000090acb4       0x48 drivers/built-in.o
                0x000000000090acb4                bus_i2c_init
 .text.mxc_i2c_init
                0x000000000090acfc       0x12 drivers/built-in.o
 *fill*         0x000000000090ad0e        0x2 
 .text.gpio_get_value
                0x000000000090ad10       0x28 drivers/built-in.o
                0x000000000090ad10                gpio_get_value
 .text.gpio_direction_input
                0x000000000090ad38       0x2c drivers/built-in.o
                0x000000000090ad38                gpio_direction_input
 .text.esdhc_getcd
                0x000000000090ad64       0x28 drivers/built-in.o
 .text.esdhc_set_ios
                0x000000000090ad8c       0xc8 drivers/built-in.o
 .text.esdhc_init
                0x000000000090ae54       0x50 drivers/built-in.o
 .text.check_and_invalidate_dcache_range.isra.0
                0x000000000090aea4       0x22 drivers/built-in.o
 *fill*         0x000000000090aec6        0x2 
 .text.esdhc_send_cmd
                0x000000000090aec8      0x29c drivers/built-in.o
 .text.fsl_esdhc_initialize
                0x000000000090b164       0xe4 drivers/built-in.o
                0x000000000090b164                fsl_esdhc_initialize
 .text.fsl_esdhc_mmc_init
                0x000000000090b248       0x22 drivers/built-in.o
                0x000000000090b248                fsl_esdhc_mmc_init
 .text.mmc_berase
                0x000000000090b26a        0x4 drivers/built-in.o
 .text.mmc_bwrite
                0x000000000090b26e        0x4 drivers/built-in.o
 .text.mmc_set_ios
                0x000000000090b272        0xc drivers/built-in.o
 .text.mmc_set_capacity
                0x000000000090b27e       0x64 drivers/built-in.o
 .text.mmc_send_cmd
                0x000000000090b2e2        0x8 drivers/built-in.o
                0x000000000090b2e2                mmc_send_cmd
 .text.mmc_send_ext_csd
                0x000000000090b2ea       0x2e drivers/built-in.o
 .text.mmc_go_idle
                0x000000000090b318       0x32 drivers/built-in.o
 *fill*         0x000000000090b34a        0x2 
 .text.mmc_send_op_cond_iter
                0x000000000090b34c       0x44 drivers/built-in.o
 .text.mmc_send_status
                0x000000000090b390       0x90 drivers/built-in.o
                0x000000000090b390                mmc_send_status
 .text.mmc_switch.isra.1
                0x000000000090b420       0x34 drivers/built-in.o
 .text.mmc_set_blocklen
                0x000000000090b454       0x26 drivers/built-in.o
                0x000000000090b454                mmc_set_blocklen
 *fill*         0x000000000090b47a        0x2 
 .text.find_mmc_device
                0x000000000090b47c       0x2c drivers/built-in.o
                0x000000000090b47c                find_mmc_device
 .text.mmc_bread
                0x000000000090b4a8       0xcc drivers/built-in.o
 .text.mmc_switch_part
                0x000000000090b574       0x3c drivers/built-in.o
                0x000000000090b574                mmc_switch_part
 .text.mmc_getcd
                0x000000000090b5b0       0x20 drivers/built-in.o
                0x000000000090b5b0                mmc_getcd
 .text.mmc_set_clock
                0x000000000090b5d0       0x1e drivers/built-in.o
                0x000000000090b5d0                mmc_set_clock
 *fill*         0x000000000090b5ee        0x2 
 .text.mmc_startup
                0x000000000090b5f0      0x8b8 drivers/built-in.o
 .text.mmc_create
                0x000000000090bea8       0x98 drivers/built-in.o
                0x000000000090bea8                mmc_create
 .text.board_mmc_power_init
                0x000000000090bf40        0x2 drivers/built-in.o
                0x000000000090bf40                board_mmc_power_init
 *fill*         0x000000000090bf42        0x2 
 .text.mmc_start_init
                0x000000000090bf44      0x17c drivers/built-in.o
                0x000000000090bf44                mmc_start_init
 .text.mmc_init
                0x000000000090c0c0       0x94 drivers/built-in.o
                0x000000000090c0c0                mmc_init
 .text.mmc_initialize
                0x000000000090c154       0x4c drivers/built-in.o
                0x000000000090c154                mmc_initialize
 .text.get_current
                0x000000000090c1a0       0x2c drivers/built-in.o
 .text.serial_init
                0x000000000090c1cc       0x1a drivers/built-in.o
                0x000000000090c1cc                serial_init
 .text.serial_setbrg
                0x000000000090c1e6        0xe drivers/built-in.o
                0x000000000090c1e6                serial_setbrg
 .text.serial_putc
                0x000000000090c1f4       0x12 drivers/built-in.o
                0x000000000090c1f4                serial_putc
 .text.serial_puts
                0x000000000090c206       0x12 drivers/built-in.o
                0x000000000090c206                serial_puts
 .text.default_serial_puts
                0x000000000090c218       0x1a drivers/built-in.o
                0x000000000090c218                default_serial_puts
 *fill*         0x000000000090c232        0x2 
 .text.mxc_serial_getc
                0x000000000090c234       0x18 drivers/built-in.o
 .text.mxc_serial_tstc
                0x000000000090c24c       0x14 drivers/built-in.o
 .text.mxc_serial_putc
                0x000000000090c260       0x20 drivers/built-in.o
 .text.mxc_serial_setbrg
                0x000000000090c280       0x38 drivers/built-in.o
 .text.mxc_serial_init
                0x000000000090c2b8       0x4c drivers/built-in.o
 .text.default_serial_console
                0x000000000090c304        0x8 drivers/built-in.o
                0x000000000090c304                default_serial_console
 .text.__div64_32
                0x000000000090c30c       0x80 lib/built-in.o
                0x000000000090c30c                __div64_32
 .text.hang     0x000000000090c38c       0x10 lib/built-in.o
                0x000000000090c38c                hang
 .text.strnlen  0x000000000090c39c       0x18 lib/built-in.o
                0x000000000090c39c                strnlen
 .text.memset   0x000000000090c3b4       0x42 lib/built-in.o
                0x000000000090c3b4                memset
 .text.memcpy   0x000000000090c3f6       0x48 lib/built-in.o
                0x000000000090c3f6                memcpy
 .text.memcmp   0x000000000090c43e       0x1c lib/built-in.o
                0x000000000090c43e                memcmp
 .text.tick_to_time
                0x000000000090c45a       0x4a lib/built-in.o
 .text.get_ticks
                0x000000000090c4a4       0x32 lib/built-in.o
                0x000000000090c4a4                get_ticks
 .text.get_timer
                0x000000000090c4d6       0x10 lib/built-in.o
                0x000000000090c4d6                get_timer
 *fill*         0x000000000090c4e6        0x2 
 .text.__udelay
                0x000000000090c4e8       0x74 lib/built-in.o
                0x000000000090c4e8                __udelay
 .text.udelay   0x000000000090c55c       0x1c lib/built-in.o
                0x000000000090c55c                udelay
 .text.mdelay   0x000000000090c578       0x14 lib/built-in.o
                0x000000000090c578                mdelay
 .text.put_dec_trunc
                0x000000000090c58c       0x98 lib/built-in.o
 .text.put_dec  0x000000000090c624       0xe4 lib/built-in.o
 .text.string.isra.0
                0x000000000090c708       0x60 lib/built-in.o
 .text.number.isra.4
                0x000000000090c768      0x1bc lib/built-in.o
 .text.vsnprintf_internal.isra.6
                0x000000000090c924      0x414 lib/built-in.o
 .text.sprintf  0x000000000090cd38       0x1a lib/built-in.o
                0x000000000090cd38                sprintf
 .text.printf   0x000000000090cd52       0x2c lib/built-in.o
                0x000000000090cd52                printf
 *fill*         0x000000000090cd7e        0x2 
 .text          0x000000000090cd80      0x278 /usr/lib/gcc/arm-none-eabi/4.9.3/armv7-ar/thumb/libgcc.a(_udivsi3.o)
                0x000000000090cd80                __udivsi3
                0x000000000090cd80                __aeabi_uidiv
                0x000000000090cfdc                __aeabi_uidivmod
 .text          0x000000000090cff8      0x2b0 /usr/lib/gcc/arm-none-eabi/4.9.3/armv7-ar/thumb/libgcc.a(_divsi3.o)
                0x000000000090cff8                __aeabi_idiv
                0x000000000090cff8                __divsi3
                0x000000000090d28c                __aeabi_idivmod
 .text          0x000000000090d2a8        0x4 /usr/lib/gcc/arm-none-eabi/4.9.3/armv7-ar/thumb/libgcc.a(_dvmd_tls.o)
                0x000000000090d2a8                __aeabi_ldiv0
                0x000000000090d2a8                __aeabi_idiv0
 .text          0x000000000090d2ac       0x18 /usr/lib/gcc/arm-none-eabi/4.9.3/armv7-ar/thumb/libgcc.a(_lshrdi3.o)
                0x000000000090d2ac                __aeabi_llsr
                0x000000000090d2ac                __lshrdi3
 .text          0x000000000090d2c4       0x18 /usr/lib/gcc/arm-none-eabi/4.9.3/armv7-ar/thumb/libgcc.a(_ashldi3.o)
                0x000000000090d2c4                __ashldi3
                0x000000000090d2c4                __aeabi_llsl

.glue_7         0x000000000090d2dc        0x0
 .glue_7        0x000000000090d2dc        0x0 linker stubs

.glue_7t        0x000000000090d2dc        0x0
 .glue_7t       0x000000000090d2dc        0x0 linker stubs

.vfp11_veneer   0x000000000090d2dc        0x0
 .vfp11_veneer  0x000000000090d2dc        0x0 linker stubs

.v4_bx          0x000000000090d2dc        0x0
 .v4_bx         0x000000000090d2dc        0x0 linker stubs

.iplt           0x000000000090d2dc        0x0
 .iplt          0x000000000090d2dc        0x0 arch/arm/cpu/armv7/start.o
                0x000000000090d2dc                . = ALIGN (0x4)

.rodata         0x000000000090d2e0     0x1170
 *(SORT(.rodata*))
 .rodata.uart1_pads
                0x000000000090d2e0       0x20 board/wandboard/built-in.o
 .rodata.usdhc3_pads
                0x000000000090d300       0x70 board/wandboard/built-in.o
 .rodata.usdhc1_pads
                0x000000000090d370       0x70 board/wandboard/built-in.o
 .rodata.gpio_ports
                0x000000000090d3e0       0x1c drivers/built-in.o
 .rodata.esdhc_ops
                0x000000000090d3fc       0x14 drivers/built-in.o
 .rodata.widths.9465
                0x000000000090d410       0x14 drivers/built-in.o
 .rodata.multipliers
                0x000000000090d424       0x40 drivers/built-in.o
 .rodata.fbase  0x000000000090d464       0x10 drivers/built-in.o
 .rodata.ext_csd_bits.9463
                0x000000000090d474       0x14 drivers/built-in.o
 .rodata.ext_to_hostcaps.9464
                0x000000000090d488       0x1c drivers/built-in.o
 .rodata.i2c_clk_div
                0x000000000090d4a4       0xc8 drivers/built-in.o
 .rodata.str1.1
                0x000000000090d56c      0x279 arch/arm/cpu/armv7/built-in.o
                                        0x283 (size before relaxing)
 .rodata.__func__.7528
                0x000000000090d7e5       0x16 arch/arm/cpu/armv7/built-in.o
 .rodata.str1.1
                0x000000000090d7fb      0x22a arch/arm/imx-common/built-in.o
                                        0x22c (size before relaxing)
 .rodata.str1.1
                0x000000000090da25      0x1a8 common/spl/built-in.o
                                        0x1b0 (size before relaxing)
 .rodata.str1.1
                0x000000000090dbcd      0x532 drivers/built-in.o
                                        0x539 (size before relaxing)
 .rodata.__func__.9418
                0x000000000090e0ff       0x12 drivers/built-in.o
 .rodata.__func__.9452
                0x000000000090e111        0xd drivers/built-in.o
 .rodata.__func__.9497
                0x000000000090e11e       0x12 drivers/built-in.o
 .rodata.str1.1
                0x000000000090e130      0x1ff lib/built-in.o
                                        0x201 (size before relaxing)
 .rodata._ctype
                0x000000000090e32f      0x100 lib/built-in.o
                0x000000000090e32f                _ctype
 .rodata.digits.7320
                0x000000000090e42f       0x10 lib/built-in.o
 .rodata.hex_asc
                0x000000000090e43f       0x11 lib/built-in.o

.rel.dyn        0x000000000090e450        0x0
 .rel.iplt      0x000000000090e450        0x0 arch/arm/cpu/armv7/start.o
                0x000000000090e450                . = ALIGN (0x4)

.data           0x000000000090e450      0xa52
 *(SORT(.data*))
 .data          0x000000000090e450       0xf8 arch/arm/lib/built-in.o
                0x000000000090e450                gdata
 .data.imx_ccm  0x000000000090e548        0x4 arch/arm/cpu/armv7/built-in.o
                0x000000000090e548                imx_ccm
 .data.usdhc_cfg
                0x000000000090e54c       0x58 board/wandboard/built-in.o
 .data.mx6dl_1g_mmdc_calib
                0x000000000090e5a4       0x34 board/wandboard/built-in.o
 .data.mx6s_512m_mmdc_calib
                0x000000000090e5d8       0x34 board/wandboard/built-in.o
 .data.mx6q_2g_mmdc_calib
                0x000000000090e60c       0x34 board/wandboard/built-in.o
 .data.mx6sdl_grp_ioregs
                0x000000000090e640       0x90 board/wandboard/built-in.o
                0x000000000090e640                mx6sdl_grp_ioregs
 .data.mx6sdl_ddr_ioregs
                0x000000000090e6d0       0xdc board/wandboard/built-in.o
                0x000000000090e6d0                mx6sdl_ddr_ioregs
 .data.mx6dq_ddr_ioregs
                0x000000000090e7ac       0xc8 board/wandboard/built-in.o
 .data.mx6dq_grp_ioregs
                0x000000000090e874       0xac board/wandboard/built-in.o
 .data          0x000000000090e920       0x50 common/spl/built-in.o
 .data.spl_boot_list
                0x000000000090e970       0x14 common/spl/built-in.o
 .data.boot_name_table
                0x000000000090e984       0x20 common/spl/built-in.o
                0x000000000090e984                boot_name_table
 .data.av_      0x000000000090e9a4      0x408 common/built-in.o
 .data.sbrk_base
                0x000000000090edac        0x4 common/built-in.o
 .data.trim_threshold
                0x000000000090edb0        0x4 common/built-in.o
 .data.mxc_i2c_buses
                0x000000000090edb4       0x70 drivers/built-in.o
 .data.cur_dev_num
                0x000000000090ee24        0x4 drivers/built-in.o
 .data.mxc_serial_drv
                0x000000000090ee28       0x30 drivers/built-in.o
 .data.h5tq2g63dfr
                0x000000000090ee58       0x10 board/wandboard/built-in.o
 .data.h5t04g63afr
                0x000000000090ee68       0x10 board/wandboard/built-in.o
 .data.mem_q    0x000000000090ee78        0xe board/wandboard/built-in.o
 .data.mem_s    0x000000000090ee86        0xe board/wandboard/built-in.o
 .data.mem_dl   0x000000000090ee94        0xe board/wandboard/built-in.o

.igot.plt       0x000000000090eea4        0x0
 .igot.plt      0x000000000090eea4        0x0 arch/arm/cpu/armv7/start.o

.__bss_end      0x000000000090eea2        0x0
 .__bss_end     0x000000000090eea2        0x0 arch/arm/lib/built-in.o

.__bss_start    0x000000000090eea2        0x0
 .__bss_start   0x000000000090eea2        0x0 arch/arm/lib/built-in.o
                0x000000000090eea4                . = ALIGN (0x4)

.u_boot_list    0x000000000090eea4       0x84
 *(SORT(.u_boot_list*_i2c_*))
 .u_boot_list_2_i2c_1
                0x000000000090eea4        0x0 drivers/built-in.o
 .u_boot_list_2_i2c_2_mxc0
                0x000000000090eea4       0x2c drivers/built-in.o
                0x000000000090eea4                _u_boot_list_2_i2c_2_mxc0
 .u_boot_list_2_i2c_2_mxc1
                0x000000000090eed0       0x2c drivers/built-in.o
                0x000000000090eed0                _u_boot_list_2_i2c_2_mxc1
 .u_boot_list_2_i2c_2_mxc2
                0x000000000090eefc       0x2c drivers/built-in.o
                0x000000000090eefc                _u_boot_list_2_i2c_2_mxc2
 .u_boot_list_2_i2c_3
                0x000000000090ef28        0x0 drivers/built-in.o
                0x000000000090ef28                . = ALIGN (0x4)
                0x000000000090ef28                __image_copy_end = .

.end
 *(.__end)

.bss            0x0000000018200000       0x74
                0x0000000018200000                . = ALIGN (0x4)
                0x0000000018200000                __bss_start = .
 *(.bss*)
 .bss.spl_image
                0x0000000018200000       0x18 common/spl/built-in.o
                0x0000000018200000                spl_image
 .bss.max_total_mem
                0x0000000018200018        0x4 common/built-in.o
 .bss.mem_malloc_brk
                0x000000001820001c        0x4 common/built-in.o
                0x000000001820001c                mem_malloc_brk
 .bss.max_sbrked_mem
                0x0000000018200020        0x4 common/built-in.o
 .bss.current_mallinfo
                0x0000000018200024       0x28 common/built-in.o
 .bss.mem_malloc_end
                0x000000001820004c        0x4 common/built-in.o
                0x000000001820004c                mem_malloc_end
 .bss.top_pad   0x0000000018200050        0x4 common/built-in.o
 .bss.mem_malloc_start
                0x0000000018200054        0x4 common/built-in.o
                0x0000000018200054                mem_malloc_start
 .bss.stdio_devices
                0x0000000018200058        0xc common/built-in.o
                0x0000000018200058                stdio_devices
 .bss.initialized.9554
                0x0000000018200064        0x4 drivers/built-in.o
 .bss.mmc_devices
                0x0000000018200068        0x8 drivers/built-in.o
 .bss.serial_current
                0x0000000018200070        0x4 drivers/built-in.o
                0x0000000018200074                . = ALIGN (0x4)
                0x0000000018200074                __bss_end = .
Address of section .text set to 0x908000
LOAD arch/arm/cpu/armv7/start.o
START GROUP
LOAD arch/arm/cpu/armv7/built-in.o
LOAD arch/arm/cpu/built-in.o
LOAD arch/arm/lib/built-in.o
LOAD arch/arm/imx-common/built-in.o
LOAD board/wandboard/built-in.o
LOAD common/spl/built-in.o
LOAD common/init/built-in.o
LOAD common/built-in.o
LOAD drivers/built-in.o
LOAD dts/built-in.o
LOAD fs/built-in.o
LOAD lib/built-in.o
END GROUP
LOAD arch/arm/lib/eabi_compat.o
LOAD /usr/lib/gcc/arm-none-eabi/4.9.3/armv7-ar/thumb/libgcc.a
OUTPUT(u-boot-spl elf32-littlearm)

.ARM.attributes
                0x0000000000000000       0x29
 .ARM.attributes
                0x0000000000000000       0x1d arch/arm/cpu/armv7/start.o
 .ARM.attributes
                0x000000000000001d       0x2b arch/arm/cpu/armv7/built-in.o
 .ARM.attributes
                0x0000000000000048       0x29 arch/arm/lib/built-in.o
 .ARM.attributes
                0x0000000000000071       0x2d arch/arm/imx-common/built-in.o
 .ARM.attributes
                0x000000000000009e       0x2d board/wandboard/built-in.o
 .ARM.attributes
                0x00000000000000cb       0x2d common/spl/built-in.o
 .ARM.attributes
                0x00000000000000f8       0x2d common/init/built-in.o
 .ARM.attributes
                0x0000000000000125       0x2d common/built-in.o
 .ARM.attributes
                0x0000000000000152       0x2d drivers/built-in.o
 .ARM.attributes
                0x000000000000017f       0x2d lib/built-in.o
 .ARM.attributes
                0x00000000000001ac       0x19 /usr/lib/gcc/arm-none-eabi/4.9.3/armv7-ar/thumb/libgcc.a(_udivsi3.o)
 .ARM.attributes
                0x00000000000001c5       0x19 /usr/lib/gcc/arm-none-eabi/4.9.3/armv7-ar/thumb/libgcc.a(_divsi3.o)
 .ARM.attributes
                0x00000000000001de       0x19 /usr/lib/gcc/arm-none-eabi/4.9.3/armv7-ar/thumb/libgcc.a(_dvmd_tls.o)
 .ARM.attributes
                0x00000000000001f7       0x19 /usr/lib/gcc/arm-none-eabi/4.9.3/armv7-ar/thumb/libgcc.a(_lshrdi3.o)
 .ARM.attributes
                0x0000000000000210       0x19 /usr/lib/gcc/arm-none-eabi/4.9.3/armv7-ar/thumb/libgcc.a(_ashldi3.o)

.comment        0x0000000000000000       0x38
 .comment       0x0000000000000000       0x38 arch/arm/cpu/armv7/built-in.o
                                        0x1c8 (size before relaxing)
 .comment       0x0000000000000038      0x18f arch/arm/lib/built-in.o
 .comment       0x0000000000000038      0x2ac arch/arm/imx-common/built-in.o
 .comment       0x0000000000000038       0x72 board/wandboard/built-in.o
 .comment       0x0000000000000038       0x72 common/spl/built-in.o
 .comment       0x0000000000000038       0x39 common/init/built-in.o
 .comment       0x0000000000000038      0x3c9 common/built-in.o
 .comment       0x0000000000000038      0x18f drivers/built-in.o
 .comment       0x0000000000000038      0x3c9 lib/built-in.o

.debug_line     0x0000000000000000     0xa3fc
 .debug_line    0x0000000000000000       0x93 arch/arm/cpu/armv7/start.o
 .debug_line    0x0000000000000093     0x13fc arch/arm/cpu/armv7/built-in.o
 .debug_line    0x000000000000148f      0x998 arch/arm/lib/built-in.o
 .debug_line    0x0000000000001e27     0x1142 arch/arm/imx-common/built-in.o
 .debug_line    0x0000000000002f69      0x534 board/wandboard/built-in.o
 .debug_line    0x000000000000349d      0x45a common/spl/built-in.o
 .debug_line    0x00000000000038f7      0x11e common/init/built-in.o
 .debug_line    0x0000000000003a15     0x2d08 common/built-in.o
 .debug_line    0x000000000000671d     0x196c drivers/built-in.o
 .debug_line    0x0000000000008089     0x2129 lib/built-in.o
 .debug_line    0x000000000000a1b2       0x80 /usr/lib/gcc/arm-none-eabi/4.9.3/armv7-ar/thumb/libgcc.a(_udivsi3.o)
 .debug_line    0x000000000000a232       0x91 /usr/lib/gcc/arm-none-eabi/4.9.3/armv7-ar/thumb/libgcc.a(_divsi3.o)
 .debug_line    0x000000000000a2c3       0x61 /usr/lib/gcc/arm-none-eabi/4.9.3/armv7-ar/thumb/libgcc.a(_dvmd_tls.o)
 .debug_line    0x000000000000a324       0x6c /usr/lib/gcc/arm-none-eabi/4.9.3/armv7-ar/thumb/libgcc.a(_lshrdi3.o)
 .debug_line    0x000000000000a390       0x6c /usr/lib/gcc/arm-none-eabi/4.9.3/armv7-ar/thumb/libgcc.a(_ashldi3.o)

.debug_info     0x0000000000000000    0x47a6e
 .debug_info    0x0000000000000000       0x6b arch/arm/cpu/armv7/start.o
 .debug_info    0x000000000000006b     0xa328 arch/arm/cpu/armv7/built-in.o
 .debug_info    0x000000000000a393     0x2fe6 arch/arm/lib/built-in.o
 .debug_info    0x000000000000d379     0xa99e arch/arm/imx-common/built-in.o
 .debug_info    0x0000000000017d17     0x8f76 board/wandboard/built-in.o
 .debug_info    0x0000000000020c8d     0x2828 common/spl/built-in.o
 .debug_info    0x00000000000234b5      0x6a7 common/init/built-in.o
 .debug_info    0x0000000000023b5c    0x10b5c common/built-in.o
 .debug_info    0x00000000000346b8     0x992b drivers/built-in.o
 .debug_info    0x000000000003dfe3     0x96bc lib/built-in.o
 .debug_info    0x000000000004769f       0xc3 /usr/lib/gcc/arm-none-eabi/4.9.3/armv7-ar/thumb/libgcc.a(_udivsi3.o)
 .debug_info    0x0000000000047762       0xc3 /usr/lib/gcc/arm-none-eabi/4.9.3/armv7-ar/thumb/libgcc.a(_divsi3.o)
 .debug_info    0x0000000000047825       0xc3 /usr/lib/gcc/arm-none-eabi/4.9.3/armv7-ar/thumb/libgcc.a(_dvmd_tls.o)
 .debug_info    0x00000000000478e8       0xc3 /usr/lib/gcc/arm-none-eabi/4.9.3/armv7-ar/thumb/libgcc.a(_lshrdi3.o)
 .debug_info    0x00000000000479ab       0xc3 /usr/lib/gcc/arm-none-eabi/4.9.3/armv7-ar/thumb/libgcc.a(_ashldi3.o)

.debug_abbrev   0x0000000000000000     0xc035
 .debug_abbrev  0x0000000000000000       0x14 arch/arm/cpu/armv7/start.o
 .debug_abbrev  0x0000000000000014     0x15b1 arch/arm/cpu/armv7/built-in.o
 .debug_abbrev  0x00000000000015c5      0xb4c arch/arm/lib/built-in.o
 .debug_abbrev  0x0000000000002111     0x18c5 arch/arm/imx-common/built-in.o
 .debug_abbrev  0x00000000000039d6      0x7c5 board/wandboard/built-in.o
 .debug_abbrev  0x000000000000419b      0x804 common/spl/built-in.o
 .debug_abbrev  0x000000000000499f      0x1b5 common/init/built-in.o
 .debug_abbrev  0x0000000000004b54     0x3407 common/built-in.o
 .debug_abbrev  0x0000000000007f5b     0x1b75 drivers/built-in.o
 .debug_abbrev  0x0000000000009ad0     0x2501 lib/built-in.o
 .debug_abbrev  0x000000000000bfd1       0x14 /usr/lib/gcc/arm-none-eabi/4.9.3/armv7-ar/thumb/libgcc.a(_udivsi3.o)
 .debug_abbrev  0x000000000000bfe5       0x14 /usr/lib/gcc/arm-none-eabi/4.9.3/armv7-ar/thumb/libgcc.a(_divsi3.o)
 .debug_abbrev  0x000000000000bff9       0x14 /usr/lib/gcc/arm-none-eabi/4.9.3/armv7-ar/thumb/libgcc.a(_dvmd_tls.o)
 .debug_abbrev  0x000000000000c00d       0x14 /usr/lib/gcc/arm-none-eabi/4.9.3/armv7-ar/thumb/libgcc.a(_lshrdi3.o)
 .debug_abbrev  0x000000000000c021       0x14 /usr/lib/gcc/arm-none-eabi/4.9.3/armv7-ar/thumb/libgcc.a(_ashldi3.o)

.debug_aranges  0x0000000000000000     0x18d8
 .debug_aranges
                0x0000000000000000       0x20 arch/arm/cpu/armv7/start.o
 .debug_aranges
                0x0000000000000020      0x2d8 arch/arm/cpu/armv7/built-in.o
 .debug_aranges
                0x00000000000002f8      0x200 arch/arm/lib/built-in.o
 .debug_aranges
                0x00000000000004f8      0x240 arch/arm/imx-common/built-in.o
 .debug_aranges
                0x0000000000000738       0xa0 board/wandboard/built-in.o
 .debug_aranges
                0x00000000000007d8       0x98 common/spl/built-in.o
 .debug_aranges
                0x0000000000000870       0x28 common/init/built-in.o
 .debug_aranges
                0x0000000000000898      0x650 common/built-in.o
 .debug_aranges
                0x0000000000000ee8      0x400 drivers/built-in.o
 .debug_aranges
                0x00000000000012e8      0x550 lib/built-in.o
 .debug_aranges
                0x0000000000001838       0x20 /usr/lib/gcc/arm-none-eabi/4.9.3/armv7-ar/thumb/libgcc.a(_udivsi3.o)
 .debug_aranges
                0x0000000000001858       0x20 /usr/lib/gcc/arm-none-eabi/4.9.3/armv7-ar/thumb/libgcc.a(_divsi3.o)
 .debug_aranges
                0x0000000000001878       0x20 /usr/lib/gcc/arm-none-eabi/4.9.3/armv7-ar/thumb/libgcc.a(_dvmd_tls.o)
 .debug_aranges
                0x0000000000001898       0x20 /usr/lib/gcc/arm-none-eabi/4.9.3/armv7-ar/thumb/libgcc.a(_lshrdi3.o)
 .debug_aranges
                0x00000000000018b8       0x20 /usr/lib/gcc/arm-none-eabi/4.9.3/armv7-ar/thumb/libgcc.a(_ashldi3.o)

.debug_frame    0x0000000000000000     0x3ab0
 .debug_frame   0x0000000000000000      0x67c arch/arm/cpu/armv7/built-in.o
 .debug_frame   0x000000000000067c      0x344 arch/arm/lib/built-in.o
 .debug_frame   0x00000000000009c0      0x434 arch/arm/imx-common/built-in.o
 .debug_frame   0x0000000000000df4      0x16c board/wandboard/built-in.o
 .debug_frame   0x0000000000000f60      0x12c common/spl/built-in.o
 .debug_frame   0x000000000000108c       0x38 common/init/built-in.o
 .debug_frame   0x00000000000010c4     0x1070 common/built-in.o
 .debug_frame   0x0000000000002134      0xaf4 drivers/built-in.o
 .debug_frame   0x0000000000002c28      0xe48 lib/built-in.o
 .debug_frame   0x0000000000003a70       0x20 /usr/lib/gcc/arm-none-eabi/4.9.3/armv7-ar/thumb/libgcc.a(_udivsi3.o)
 .debug_frame   0x0000000000003a90       0x20 /usr/lib/gcc/arm-none-eabi/4.9.3/armv7-ar/thumb/libgcc.a(_divsi3.o)

.debug_str      0x0000000000000000    0x1c9ec
 .debug_str     0x0000000000000000     0x6d4b arch/arm/cpu/armv7/built-in.o
                                       0x9ca1 (size before relaxing)
 .debug_str     0x0000000000006d4b      0x564 arch/arm/lib/built-in.o
                                       0x247f (size before relaxing)
 .debug_str     0x00000000000072af      0xb70 arch/arm/imx-common/built-in.o
                                       0xe180 (size before relaxing)
 .debug_str     0x0000000000007e1f    0x10a30 board/wandboard/built-in.o
                                      0x1267f (size before relaxing)
 .debug_str     0x000000000001884f      0x84e common/spl/built-in.o
                                       0x1f62 (size before relaxing)
 .debug_str     0x000000000001909d       0x3f common/init/built-in.o
                                        0x5dd (size before relaxing)
 .debug_str     0x00000000000190dc     0x2450 common/built-in.o
                                       0x9911 (size before relaxing)
 .debug_str     0x000000000001b52c      0xb75 drivers/built-in.o
                                       0x469b (size before relaxing)
 .debug_str     0x000000000001c0a1      0x94b lib/built-in.o
                                       0x5809 (size before relaxing)

.debug_loc      0x0000000000000000    0x17798
 .debug_loc     0x0000000000000000     0x2e6d arch/arm/cpu/armv7/built-in.o
 .debug_loc     0x0000000000002e6d      0x4c9 arch/arm/lib/built-in.o
 .debug_loc     0x0000000000003336     0x104d arch/arm/imx-common/built-in.o
 .debug_loc     0x0000000000004383      0x24d board/wandboard/built-in.o
 .debug_loc     0x00000000000045d0      0x44d common/spl/built-in.o
 .debug_loc     0x0000000000004a1d       0x44 common/init/built-in.o
 .debug_loc     0x0000000000004a61     0x837d common/built-in.o
 .debug_loc     0x000000000000cdde     0x448c drivers/built-in.o
 .debug_loc     0x000000000001126a     0x652e lib/built-in.o

.debug_ranges   0x0000000000000000     0x1f88
 .debug_ranges  0x0000000000000000      0x500 arch/arm/cpu/armv7/built-in.o
 .debug_ranges  0x0000000000000500      0x148 arch/arm/lib/built-in.o
 .debug_ranges  0x0000000000000648      0x258 arch/arm/imx-common/built-in.o
 .debug_ranges  0x00000000000008a0       0x98 board/wandboard/built-in.o
 .debug_ranges  0x0000000000000938       0xa8 common/spl/built-in.o
 .debug_ranges  0x00000000000009e0       0x18 common/init/built-in.o
 .debug_ranges  0x00000000000009f8      0x7b8 common/built-in.o
 .debug_ranges  0x00000000000011b0      0x730 drivers/built-in.o
 .debug_ranges  0x00000000000018e0      0x6a8 lib/built-in.o
