clock.c:326:12:get_ipg_clk	8	static
clock.c:353:12:get_uart_clk	16	static
clock.c:235:12:mxc_get_pll_pfd	24	static
clock.c:858:12:get_usdhc_clk	8	static
clock.c:26:6:enable_ocotp_clk	0	static
clock.c:80:6:enable_usboh3_clk	0	static
clock.c:94:6:enable_enet_clk	8	static
clock.c:114:6:enable_uart_clk	8	static
clock.c:131:5:enable_usdhc_clk	0	static
clock.c:150:5:enable_i2c_clk	16	static
clock.c:188:5:enable_spi_clk	0	static
clock.c:276:5:get_periph_clk	8	static
clock.c:388:12:get_axi_clk	8	static
clock.c:786:5:enable_fec_anatop_clock	16	static
clock.c:901:5:imx_get_uartclk	0	static
clock.c:1074:6:enable_thermal_clk	0	static
clock.c:1079:14:mxc_get_clock	24	static
clock.c:906:5:imx_get_fecclk	0	static
clock.c:1124:5:do_mx6_showclocks	16	static
clock.c:1156:6:enable_ipu_clock	8	static
