eth.c:81:12:__def_eth_init	0	static
eth.c:22:6:eth_parse_enetaddr	24	static
eth.c:726:12:on_ethaddr	24	static
eth.c:34:5:eth_getenv_enetaddr	8	static
eth.c:40:5:eth_setenv_enetaddr	32	static
eth.c:49:5:eth_getenv_enetaddr_by_index	48	static
eth.c:676:20:eth_get_dev_by_name	16	static
eth.c:698:20:eth_get_dev_by_index	0	static
eth.c:718:5:eth_get_dev_index	0	static
eth.c:757:5:eth_write_hwaddr	64	static
eth.c:977:6:eth_halt	8	static
eth.c:987:5:eth_is_active	0	static
eth.c:992:5:eth_send	8	static
eth.c:1000:5:eth_rx	0	static
eth.c:1136:13:eth_get_name	0	static
eth.c:1053:13:eth_current_changed	8	static
eth.c:808:5:eth_register	16	static
eth.c:832:5:eth_unregister	8	static
eth.c:861:5:eth_initialize	24	static
eth.c:1080:6:eth_try_another	16	static
eth.c:951:5:eth_init	16	static
eth.c:1107:6:eth_set_current	16	static
