net.c:351:13:net_clear_handlers	0	static
net.c:657:13:start_again_timeout_handler	0	static
net.c:721:13:dummy_handler	0	static
net.c:229:12:on_ipaddr	8	static
net.c:241:12:on_gatewayip	8	static
net.c:253:12:on_netmask	8	static
net.c:265:12:on_serverip	8	static
net.c:343:13:net_init_loop	0	static
net.c:319:6:net_auto_load	8	static
net.c:363:6:net_init	8	static
net.c:662:5:net_start_again	16	static
net.c:394:5:net_loop	48	static
net.c:727:11:net_get_udp_handler	0	static
net.c:732:6:net_set_udp_handler	0	static
net.c:741:11:net_get_arp_handler	0	static
net.c:746:6:net_set_arp_handler	0	static
net.c:762:6:net_set_timeout_handler	8	static
net.c:1035:6:net_process_received_packet	40	static
net.c:1375:1:net_eth_hdr_size	0	static
net.c:1387:5:net_set_ether	24	static
net.c:1412:5:net_update_ether	16	static
net.c:1435:6:net_set_ip_header	24	static
net.c:1456:6:net_set_udp_header	24	static
net.c:777:5:net_send_udp_packet	40	static
net.c:1480:6:copy_filename	0	static
net.c:209:12:on_bootfile	8	static
net.c:1500:14:random_port	8	static
net.c:1506:6:ip_to_string	16	static
net.c:1517:6:vlan_to_string	0	static
net.c:1530:8:string_to_vlan	8	static
net.c:277:12:on_nvlan	8	static
net.c:289:12:on_vlan	8	static
net.c:1545:8:getenv_vlan	8	static
