ext4_common.c:50:10:ext4fs_div_roundup	16	static
ext4_common.c:59:6:put_ext4	64	dynamic
ext4_common.c:189:5:ext4fs_set_block_bmap	12	static
ext4_common.c:225:6:ext4fs_reset_block_bmap	12	static
ext4_common.c:255:5:ext4fs_set_inode_bmap	8	static
ext4_common.c:280:6:ext4fs_reset_inode_bmap	8	static
ext4_common.c:301:5:ext4fs_checksum_update	24	static
ext4_common.c:855:10:ext4fs_get_new_blk_no	48	static
ext4_common.c:981:5:ext4fs_get_new_inode_no	48	static
ext4_common.c:1381:6:ext4fs_allocate_blocks	72	static
ext4_common.c:1474:5:ext4fs_read_inode	88	static
ext4_common.c:633:5:ext4fs_iget	8	static
ext4_common.c:1505:10:read_allocated_block	48	static
ext4_common.c:352:6:ext4fs_update_parent_dentry	64	static
ext4_common.c:511:12:search_dir	40	static
ext4_common.c:649:5:ext4fs_get_parent_inode_num	176	static
ext4_common.c:835:5:ext4fs_filename_check	40	static
ext4_common.c:1861:6:ext4fs_reinit_global	8	static
ext4_common.c:1882:6:ext4fs_close	16	static
ext4_common.c:1896:5:ext4fs_iterate_dir	80	dynamic
ext4_common.c:2063:12:ext4fs_find_file1	80	dynamic
ext4_common.c:2163:5:ext4fs_find_file	24	static
ext4_common.c:2187:5:ext4fs_open	24	static
ext4_common.c:2217:5:ext4fs_mount	16	static
