part_efi.c:50:14:print_efiname	0	static
part_efi.c:340:12:set_protective_mbr	568	static
part_efi.c:136:12:validate_gpt_entries	8	static
part_efi.c:73:12:validate_gpt_header	48	static
part_efi.c:837:12:is_gpt_valid	32	static
part_efi.c:931:12:is_pte_valid	24	static
part_efi.c:179:6:print_part_efi	104	dynamic
part_efi.c:240:5:get_partition_info_efi	48	dynamic
part_efi.c:303:5:get_partition_info_efi_by_name	24	static
part_efi.c:322:5:test_part_efi	24	dynamic
part_efi.c:366:5:write_gpt_table	40	static
part_efi.c:417:5:gpt_fill_pte	56	static
part_efi.c:520:5:gpt_fill_header	16	static
part_efi.c:542:5:gpt_restore	32	static
part_efi.c:598:5:gpt_verify_headers	24	static
part_efi.c:622:5:gpt_verify_partitions	104	static
part_efi.c:694:5:is_valid_gpt_buf	16	static
part_efi.c:715:5:write_mbr_and_gpt_partitions	64	static
