membuff.c:15:6:membuff_purge	0	static
membuff.c:76:5:membuff_putraw	20	static
membuff.c:88:6:membuff_putbyte	16	static
membuff.c:99:5:membuff_getraw	12	static
membuff.c:150:5:membuff_getbyte	16	static
membuff.c:157:5:membuff_peekbyte	16	static
membuff.c:164:5:membuff_get	40	static
membuff.c:187:5:membuff_put	40	static
membuff.c:207:6:membuff_isempty	0	static
membuff.c:212:5:membuff_avail	40	static
membuff.c:229:5:membuff_size	0	static
membuff.c:234:6:membuff_makecontig	16	static
membuff.c:285:5:membuff_free	16	static
membuff.c:291:5:membuff_readline	24	static
membuff.c:326:5:membuff_extend_by	32	static
membuff.c:362:6:membuff_init	0	static
membuff.c:369:5:membuff_new	16	static
membuff.c:379:6:membuff_uninit	0	static
membuff.c:386:6:membuff_dispose	8	static
