cli_hush.c:894:13:b_reset	0	static
cli_hush.c:933:12:static_get	0	static
cli_hush.c:940:12:static_peek	0	static
cli_hush.c:1114:12:file_peek	0	static
cli_hush.c:3130:13:mapset	0	static
cli_hush.c:379:13:syntax_err	0	static
cli_hush.c:1981:12:free_pipe_list	40	static
cli_hush.c:3313:14:xmalloc	8	static
cli_hush.c:2322:21:new_pipe	8	static
cli_hush.c:3324:14:xrealloc	8	static
cli_hush.c:2521:12:done_command	16	static
cli_hush.c:2570:12:done_pipe	16	static
cli_hush.c:2430:12:done_word	32	static
cli_hush.c:3647:12:do_showvar	40	static
cli_hush.c:2260:12:is_assignment	0	static
cli_hush.c:1071:12:file_get	24	static
cli_hush.c:884:12:b_addchr	16	static
cli_hush.c:912:12:b_addqchr	16	static
cli_hush.c:2117:7:get_local_var	16	static
cli_hush.c:2139:5:set_local_var	32	static
cli_hush.c:3503:14:insert_var_value_sub	48	static
cli_hush.c:2230:6:unset_local_var	16	static
cli_hush.c:3238:5:parse_string_outer	48	static
cli_hush.c:1741:12:run_list_real	88	static
cli_hush.c:3164:12:parse_stream_outer	96	static
cli_hush.c:3269:5:parse_file_outer	32	static
cli_hush.c:3297:5:u_boot_hush_start	16	static
