cmd_pxe.c:1014:13:eol_or_eof	0	static
cmd_pxe.c:1611:12:do_pxe	24	static
cmd_pxe.c:564:13:label_print	0	static
cmd_pxe.c:130:12:do_get_tftp	24	static
cmd_pxe.c:40:14:from_env	16	static
cmd_pxe.c:900:14:get_string	32	static
cmd_pxe.c:535:13:label_destroy	8	static
cmd_pxe.c:1384:13:destroy_pxe_menu	16	static
cmd_pxe.c:969:13:get_token	32	static
cmd_pxe.c:1031:12:parse_sliteral	24	static
cmd_pxe.c:1051:12:parse_integer	32	static
cmd_pxe.c:172:12:do_get_any	16	static
cmd_pxe.c:159:12:do_get_fat	8	static
cmd_pxe.c:146:12:do_get_ext2	8	static
cmd_pxe.c:63:12:format_mac_pxe.constprop	32	static
cmd_pxe.c:193:12:get_relfile	176	static
cmd_pxe.c:233:12:get_pxe_file	16	static
cmd_pxe.c:1081:12:handle_include	48	static
cmd_pxe.c:1305:12:parse_pxefile_top	88	static
cmd_pxe.c:1413:25:parse_pxefile	24	static
cmd_pxe.c:276:12:get_pxelinux_path	152	static
cmd_pxe.c:370:1:do_pxe_get	56	static
cmd_pxe.c:425:12:get_relfile_envaddr	24	static
cmd_pxe.c:617:12:label_boot	1232	static
cmd_pxe.c:1523:13:handle_pxe_menu	56	static
cmd_pxe.c:1566:1:do_pxe_boot	24	static
cmd_pxe.c:1645:12:do_sysboot	32	static
