console.c:102:12:console_setfile	16	static
console.c:281:5:serial_printf	656	static
console.c:514:6:puts	0	static
console.c:471:6:putc	0	static
console.c:299:5:fgetc	0	static
console.c:371:5:getc	0	static
console.c:330:5:ftstc	0	static
console.c:399:5:tstc	0	static
console.c:338:6:fputc	0	static
console.c:344:6:fputs	0	static
console.c:350:5:fprintf	660	static
console.c:590:5:ctrlc	8	static
console.c:611:5:confirm_yesno	16	static
console.c:638:5:disable_ctrlc	0	static
console.c:646:5:had_ctrlc	0	static
console.c:651:6:clear_ctrlc	0	static
console.c:696:19:search_device	8	static
console.c:708:5:console_assign	8	static
console.c:22:12:on_console	24	static
console.c:737:5:console_init_f	0	static
console.c:751:6:stdio_print_current_devices	8	static
console.c:778:5:console_init_r	16	static
