env_common.c:30:14:env_get_char_spec	0	static
env_common.c:58:14:env_get_addr	0	static
env_common.c:44:7:env_get_char_memory	8	static
env_common.c:49:7:env_get_char	0	static
env_common.c:70:5:getenv_yesno	8	static
env_common.c:83:7:getenv_default	16	static
env_common.c:98:6:set_default_env	24	static
env_common.c:130:5:set_default_vars	24	static
env_common.c:191:5:env_import	32	static
env_common.c:229:5:env_export	48	static
env_common.c:252:6:env_relocate	8	static
env_common.c:272:5:env_complete	48	static
