miiphyutil.c:68:12:legacy_miiphy_read	16	static
miiphyutil.c:79:12:legacy_miiphy_write	4	static
miiphyutil.c:39:17:miiphy_get_dev_by_name	16	static
miiphyutil.c:62:6:miiphy_init	0	static
miiphyutil.c:141:17:mdio_alloc	8	static
miiphyutil.c:92:6:miiphy_register	32	static
miiphyutil.c:157:6:mdio_free	0	static
miiphyutil.c:162:5:mdio_register	16	static
miiphyutil.c:183:5:mdio_unregister	0	static
miiphyutil.c:197:6:mdio_list_devices	24	static
miiphyutil.c:222:5:miiphy_set_current_dev	8	static
miiphyutil.c:272:24:miiphy_get_active_dev	16	static
miiphyutil.c:237:17:mdio_get_current_dev	0	static
miiphyutil.c:242:20:mdio_phydev_for_ethname	24	static
miiphyutil.c:264:13:miiphy_get_current_dev	0	static
miiphyutil.c:296:5:miiphy_read	24	static
miiphyutil.c:324:5:miiphy_write	24	static
miiphyutil.c:340:6:miiphy_listdev	16	static
miiphyutil.c:369:5:miiphy_info	32	static
miiphyutil.c:454:5:miiphy_speed	24	static
miiphyutil.c:507:5:miiphy_duplex	24	static
miiphyutil.c:567:5:miiphy_is_1000base_x	0	static
