usb.c:318:1:usb_set_maxpacket_ep	12	static
usb.c:134:5:usb_stop	8	static
usb.c:155:5:usb_detect_change	24	static
usb.c:183:5:usb_disable_asynch	0	static
usb.c:201:5:usb_submit_int_msg	0	static
usb.c:216:5:usb_control_msg	96	static
usb.c:557:12:usb_get_descriptor	40	static
usb.c:939:12:get_descriptor_len	576	static
usb.c:729:12:usb_get_string	48	static
usb.c:765:12:usb_string_sub	32	static
usb.c:268:5:usb_bulk_msg	16	static
usb.c:297:5:usb_maxpacket	0	static
usb.c:528:5:usb_clear_halt	48	static
usb.c:571:5:usb_get_configuration_len	88	static
usb.c:594:5:usb_get_configuration_no	16	static
usb.c:628:5:usb_set_interface	48	static
usb.c:686:5:usb_set_protocol	40	static
usb.c:696:5:usb_set_idle	40	static
usb.c:706:5:usb_get_report	40	static
usb.c:718:5:usb_get_class_descriptor	40	static
usb.c:805:5:usb_string	568	static
usb.c:866:20:usb_get_dev_index	0	static
usb.c:874:5:usb_alloc_new_device	24	static
usb.c:900:6:usb_free_device	16	static
usb.c:914:12:usb_alloc_device	0	static
usb.c:1076:5:usb_select_config	64	static
usb.c:1143:5:usb_setup_device	56	static
usb.c:1169:5:usb_new_device	8	static
usb.c:60:5:usb_init	32	static
usb.c:1197:5:board_usb_init	0	static
usb.c:1203:5:board_usb_cleanup	0	static
usb.c:1208:6:usb_device_has_child_on_port	0	static
usb.c:1253:6:usb_find_usb2_hub_address_port	16	static
