fat.c:32:13:downcase	0	static
fat.c:47:12:disk_read	16	static
fat.c:169:14:get_fatent	24	static
fat.c:564:13:mkcksum	8	static
fat.c:267:1:get_cluster	40	dynamic
fat.c:140:13:get_name	24	static
fat.c:747:1:read_bootsectandvi	24	static
fat.c:448:12:slot2str	12	static
fat.c:481:1:get_vfatname	40	static
fat.c:63:5:fat_set_blk_dev	24	dynamic
fat.c:92:5:fat_register_device	136	static
fat.c:817:5:do_fat_read_at	2592	static
fat.c:1237:5:do_fat_read	40	static
fat.c:1243:5:file_fat_detectfs	120	static
fat.c:1305:5:file_fat_ls	24	static
fat.c:1312:5:fat_exists	48	static
fat.c:1321:5:fat_size	40	static
fat.c:1326:5:file_fat_read_at	48	static
fat.c:1334:5:file_fat_read	40	static
fat.c:1346:5:fat_read_file	48	static
fat.c:1358:6:fat_close	0	static
