string.c:30:5:strncasecmp	20	static
string.c:60:5:strcasecmp	0	static
string.c:73:8:strcpy	0	static
string.c:94:8:strncpy	8	static
string.c:136:8:strcat	8	static
string.c:159:8:strncat	16	static
string.c:184:5:strcmp	0	static
string.c:204:5:strncmp	8	static
string.c:224:8:strchr	0	static
string.c:255:8:strlen	0	static
string.c:239:8:strrchr	16	static
string.c:271:8:strnlen	8	static
string.c:282:8:strdup	16	static
string.c:303:8:strspn	16	static
string.c:329:8:strpbrk	12	static
string.c:351:8:strtok	24	static
string.c:384:8:strsep	16	static
string.c:408:7:strswab	0	static
string.c:437:8:memset	12	static
string.c:477:8:bcopy	8	static
string.c:498:8:memcpy	12	static
string.c:117:8:strlcpy	24	static
string.c:532:8:memmove	8	static
string.c:563:5:memcmp	8	static
string.c:585:8:memscan	8	static
string.c:605:8:strstr	32	static
string.c:633:7:memchr	8	static
string.c:665:7:memchr_inv	20	static
