mmc_private.h:34:29:mmc_berase	0	static
mmc_private.h:40:21:mmc_bwrite	0	static
mmc.c:994:13:mmc_set_ios	0	static
mmc.c:546:12:mmc_set_capacity	24	static
mmc.c:27:12:board_mmc_getwp	0	static
mmc.c:32:5:mmc_getwp	8	static
mmc.c:48:12:board_mmc_getcd	0	static
mmc.c:53:5:mmc_send_cmd	0	static
mmc.c:451:12:mmc_send_ext_csd	56	static
mmc.c:276:12:mmc_go_idle	40	static
mmc.c:365:12:mmc_send_op_cond_iter	40	static
mmc.c:111:5:mmc_send_status	48	static
mmc.c:473:12:mmc_switch.isra.0	40	static
mmc.c:163:5:mmc_set_blocklen	40	static
mmc.c:177:13:find_mmc_device	8	static
mmc.c:237:14:mmc_bread	80	static
mmc.c:600:5:mmc_switch_part	16	static
mmc.c:574:5:mmc_select_hwpart	16	static
mmc.c:622:5:mmc_hwpart_config	608	static
mmc.c:816:5:mmc_getcd	8	static
mmc.c:1000:6:mmc_set_clock	4	static
mmc.c:1020:12:mmc_startup	1320	static
mmc.c:1520:18:mmc_register	8	static
mmc.c:1528:13:mmc_create	16	static
mmc.c:1567:6:mmc_destroy	0	static
mmc.c:1585:13:board_mmc_power_init	0	static
mmc.c:1589:5:mmc_start_init	56	static
mmc.c:1670:5:mmc_init	16	static
mmc.c:1574:19:mmc_get_dev	8	static
mmc.c:1689:5:mmc_set_dsr	0	static
mmc.c:1696:12:cpu_mmc_init	0	static
mmc.c:1702:12:board_mmc_init	0	static
mmc.c:1709:6:print_mmc_devices	32	static
mmc.c:1741:5:get_mmc_num	0	static
mmc.c:1746:6:mmc_set_preinit	0	static
mmc.c:1801:5:mmc_initialize	16	static
