image.c:178:5:image_check_hcrc	72	static
image.c:193:5:image_check_dcrc	8	static
image.c:215:7:image_multi_count	0	static
image.c:248:6:image_multi_getimg	24	static
image.c:442:7:getenv_bootm_low	8	static
image.c:459:13:getenv_bootm_size	8	static
image.c:481:13:getenv_bootm_mapsize	8	static
image.c:497:6:memmove_wd	0	static
image.c:527:6:genimg_print_size	8	static
image.c:555:22:get_table_entry	0	static
image.c:578:7:get_table_entry_name	8	static
image.c:590:13:genimg_get_os_name	0	static
image.c:595:13:genimg_get_arch_name	0	static
image.c:601:13:genimg_get_type_name	0	static
image.c:606:13:genimg_get_type_short_name	8	static
image.c:620:13:genimg_get_comp_name	0	static
image.c:308:6:image_print_contents	40	static
image.c:640:5:get_table_entry_id	16	static
image.c:658:5:genimg_get_os_id	0	static
image.c:663:5:genimg_get_arch_id	0	static
image.c:668:5:genimg_get_type_id	0	static
image.c:673:5:genimg_get_comp_id	0	static
image.c:694:7:genimg_get_kernel_addr_fit	0	static
image.c:728:7:genimg_get_kernel_addr	16	static
image.c:751:5:genimg_get_format	8	static
image.c:782:7:genimg_get_image	0	static
image.c:858:5:genimg_has_config	0	static
image.c:889:5:boot_get_ramdisk	40	static
image.c:1101:5:boot_ramdisk_high	24	static
image.c:1180:5:boot_get_setup	0	static
image.c:1336:5:image_setup_linux	32	static
